Component: Arm Compiler for Embedded 6.21 Tool: armlink [5ec1fa00]

==============================================================================

Section Cross References

    startup_stm32f446xx.o(STACK) refers (Special) to heapauxi.o(.text) for __use_two_region_memory
    startup_stm32f446xx.o(HEAP) refers (Special) to heapauxi.o(.text) for __use_two_region_memory
    startup_stm32f446xx.o(RESET) refers (Special) to heapauxi.o(.text) for __use_two_region_memory
    startup_stm32f446xx.o(RESET) refers to startup_stm32f446xx.o(STACK) for __initial_sp
    startup_stm32f446xx.o(RESET) refers to startup_stm32f446xx.o(.text) for Reset_Handler
    startup_stm32f446xx.o(RESET) refers to stm32f4xx_it.o(.text.NMI_Handler) for NMI_Handler
    startup_stm32f446xx.o(RESET) refers to stm32f4xx_it.o(.text.HardFault_Handler) for HardFault_Handler
    startup_stm32f446xx.o(RESET) refers to stm32f4xx_it.o(.text.MemManage_Handler) for MemManage_Handler
    startup_stm32f446xx.o(RESET) refers to stm32f4xx_it.o(.text.BusFault_Handler) for BusFault_Handler
    startup_stm32f446xx.o(RESET) refers to stm32f4xx_it.o(.text.UsageFault_Handler) for UsageFault_Handler
    startup_stm32f446xx.o(RESET) refers to stm32f4xx_it.o(.text.SVC_Handler) for SVC_Handler
    startup_stm32f446xx.o(RESET) refers to stm32f4xx_it.o(.text.DebugMon_Handler) for DebugMon_Handler
    startup_stm32f446xx.o(RESET) refers to stm32f4xx_it.o(.text.PendSV_Handler) for PendSV_Handler
    startup_stm32f446xx.o(RESET) refers to stm32f4xx_it.o(.text.SysTick_Handler) for SysTick_Handler
    startup_stm32f446xx.o(RESET) refers to stm32f4xx_it.o(.text.USART1_IRQHandler) for USART1_IRQHandler
    startup_stm32f446xx.o(RESET) refers to stm32f4xx_it.o(.text.DMA2_Stream1_IRQHandler) for DMA2_Stream1_IRQHandler
    startup_stm32f446xx.o(RESET) refers to stm32f4xx_it.o(.text.DMA2_Stream2_IRQHandler) for DMA2_Stream2_IRQHandler
    startup_stm32f446xx.o(RESET) refers to stm32f4xx_it.o(.text.DMA2_Stream6_IRQHandler) for DMA2_Stream6_IRQHandler
    startup_stm32f446xx.o(RESET) refers to stm32f4xx_it.o(.text.DMA2_Stream7_IRQHandler) for DMA2_Stream7_IRQHandler
    startup_stm32f446xx.o(.text) refers (Special) to heapauxi.o(.text) for __use_two_region_memory
    startup_stm32f446xx.o(.text) refers to system_stm32f4xx.o(.text.SystemInit) for SystemInit
    startup_stm32f446xx.o(.text) refers to __main.o(!!!main) for __main
    startup_stm32f446xx.o(.text) refers to startup_stm32f446xx.o(HEAP) for Heap_Mem
    startup_stm32f446xx.o(.text) refers to startup_stm32f446xx.o(STACK) for Stack_Mem
    main.o(.text) refers (Special) to _printf_percent.o(.ARM.Collect$$_printf_percent$$00000000) for _printf_percent
    main.o(.text) refers (Special) to _printf_d.o(.ARM.Collect$$_printf_percent$$00000009) for _printf_d
    main.o(.text) refers (Special) to _printf_u.o(.ARM.Collect$$_printf_percent$$0000000A) for _printf_u
    main.o(.text) refers (Special) to _printf_f.o(.ARM.Collect$$_printf_percent$$00000003) for _printf_f
    main.o(.text) refers (Special) to _printf_dec.o(.text) for _printf_int_dec
    main.o(.text) refers (Special) to printf1.o(x$fpl$printf1) for _printf_fp_dec
    main.o(.text.HAL_UART_RxCpltCallback) refers (Special) to _printf_percent.o(.ARM.Collect$$_printf_percent$$00000000) for _printf_percent
    main.o(.text.HAL_UART_RxCpltCallback) refers (Special) to _printf_d.o(.ARM.Collect$$_printf_percent$$00000009) for _printf_d
    main.o(.text.HAL_UART_RxCpltCallback) refers (Special) to _printf_u.o(.ARM.Collect$$_printf_percent$$0000000A) for _printf_u
    main.o(.text.HAL_UART_RxCpltCallback) refers (Special) to _printf_f.o(.ARM.Collect$$_printf_percent$$00000003) for _printf_f
    main.o(.text.HAL_UART_RxCpltCallback) refers (Special) to _printf_dec.o(.text) for _printf_int_dec
    main.o(.text.HAL_UART_RxCpltCallback) refers (Special) to printf1.o(x$fpl$printf1) for _printf_fp_dec
    main.o(.text.HAL_UART_RxCpltCallback) refers to usart.o(.bss.huart1) for huart1
    main.o(.text.HAL_UART_RxCpltCallback) refers to main.o(.bss..L_MergedGlobals.9) for .L_MergedGlobals.9
    main.o(.text.HAL_UART_RxCpltCallback) refers to stm32f4xx_hal_uart.o(.text.HAL_UART_Receive_IT) for HAL_UART_Receive_IT
    main.o(.ARM.exidx.text.HAL_UART_RxCpltCallback) refers (Special) to _printf_percent.o(.ARM.Collect$$_printf_percent$$00000000) for _printf_percent
    main.o(.ARM.exidx.text.HAL_UART_RxCpltCallback) refers (Special) to _printf_d.o(.ARM.Collect$$_printf_percent$$00000009) for _printf_d
    main.o(.ARM.exidx.text.HAL_UART_RxCpltCallback) refers (Special) to _printf_u.o(.ARM.Collect$$_printf_percent$$0000000A) for _printf_u
    main.o(.ARM.exidx.text.HAL_UART_RxCpltCallback) refers (Special) to _printf_f.o(.ARM.Collect$$_printf_percent$$00000003) for _printf_f
    main.o(.ARM.exidx.text.HAL_UART_RxCpltCallback) refers (Special) to _printf_dec.o(.text) for _printf_int_dec
[...]
    [Anonymous Symbol]                       0x080014a4   Section        0  stm32f4xx_hal_dma.o(.text.HAL_DMA_Abort_IT)
    [Anonymous Symbol]                       0x080014c8   Section        0  stm32f4xx_hal_dma.o(.text.HAL_DMA_IRQHandler)
    [Anonymous Symbol]                       0x08001688   Section        0  stm32f4xx_hal_dma.o(.text.HAL_DMA_Init)
    [Anonymous Symbol]                       0x080017ec   Section        0  stm32f4xx_hal_dma.o(.text.HAL_DMA_Start_IT)
    [Anonymous Symbol]                       0x08001890   Section        0  stm32f4xx_hal.o(.text.HAL_Delay)
    [Anonymous Symbol]                       0x080018b8   Section        0  stm32f4xx_hal_gpio.o(.text.HAL_GPIO_Init)
    [Anonymous Symbol]                       0x08001a58   Section        0  stm32f4xx_hal_gpio.o(.text.HAL_GPIO_WritePin)
    [Anonymous Symbol]                       0x08001a64   Section        0  stm32f4xx_hal.o(.text.HAL_GetTick)
    [Anonymous Symbol]                       0x08001a70   Section        0  stm32f4xx_hal_i2c.o(.text.HAL_I2C_Init)
    [Anonymous Symbol]                       0x08001bd4   Section        0  stm32f4xx_hal_i2c.o(.text.HAL_I2C_Mem_Read)
    [Anonymous Symbol]                       0x08001e2c   Section        0  stm32f4xx_hal_i2c.o(.text.HAL_I2C_Mem_Write)
    [Anonymous Symbol]                       0x08001f88   Section        0  i2c.o(.text.HAL_I2C_MspInit)
    [Anonymous Symbol]                       0x08001ff4   Section        0  stm32f4xx_hal.o(.text.HAL_IncTick)
    [Anonymous Symbol]                       0x08002010   Section        0  stm32f4xx_hal.o(.text.HAL_Init)
    [Anonymous Symbol]                       0x08002048   Section        0  stm32f4xx_hal.o(.text.HAL_InitTick)
    [Anonymous Symbol]                       0x08002090   Section        0  stm32f4xx_hal_msp.o(.text.HAL_MspInit)
    [Anonymous Symbol]                       0x080020cc   Section        0  stm32f4xx_hal_cortex.o(.text.HAL_NVIC_EnableIRQ)
    [Anonymous Symbol]                       0x080020f0   Section        0  stm32f4xx_hal_cortex.o(.text.HAL_NVIC_SetPriority)
    [Anonymous Symbol]                       0x08002148   Section        0  stm32f4xx_hal_cortex.o(.text.HAL_NVIC_SetPriorityGrouping)
    [Anonymous Symbol]                       0x08002168   Section        0  stm32f4xx_hal_pwr_ex.o(.text.HAL_PWREx_EnableOverDrive)
    [Anonymous Symbol]                       0x080021e4   Section        0  stm32f4xx_hal_rcc.o(.text.HAL_RCC_ClockConfig)
    [Anonymous Symbol]                       0x08002348   Section        0  stm32f4xx_hal_rcc.o(.text.HAL_RCC_GetPCLK1Freq)
    [Anonymous Symbol]                       0x08002370   Section        0  stm32f4xx_hal_rcc.o(.text.HAL_RCC_GetPCLK2Freq)
    [Anonymous Symbol]                       0x08002398   Section        0  stm32f4xx_hal_rcc_ex.o(.text.HAL_RCC_GetSysClockFreq)
    [Anonymous Symbol]                       0x0800243c   Section        0  stm32f4xx_hal_rcc_ex.o(.text.HAL_RCC_OscConfig)
    [Anonymous Symbol]                       0x0800281c   Section        0  stm32f4xx_hal_cortex.o(.text.HAL_SYSTICK_Config)
    [Anonymous Symbol]                       0x08002848   Section        0  stm32f4xx_hal_tim_ex.o(.text.HAL_TIMEx_MasterConfigSynchronization)
    [Anonymous Symbol]                       0x08002904   Section        0  stm32f4xx_hal_tim.o(.text.HAL_TIM_Encoder_Init)
    [Anonymous Symbol]                       0x080029b8   Section        0  tim.o(.text.HAL_TIM_Encoder_MspInit)
    [Anonymous Symbol]                       0x08002a74   Section        0  stm32f4xx_hal_tim.o(.text.HAL_TIM_Encoder_Start)
    [Anonymous Symbol]                       0x08002b30   Section        0  stm32f4xx_hal_tim.o(.text.HAL_TIM_PWM_ConfigChannel)
    [Anonymous Symbol]                       0x08002d54   Section        0  stm32f4xx_hal_tim.o(.text.HAL_TIM_PWM_Init)
    [Anonymous Symbol]                       0x08002db0   Section        0  tim.o(.text.HAL_TIM_PWM_MspInit)
    [Anonymous Symbol]                       0x08002de4   Section        0  stm32f4xx_hal_tim.o(.text.HAL_TIM_PWM_Start)
    [Anonymous Symbol]                       0x08002f04   Section        0  stm32f4xx_hal_uart.o(.text.HAL_UARTEx_RxEventCallback)
    [Anonymous Symbol]                       0x08002f08   Section        0  stm32f4xx_hal_uart.o(.text.HAL_UART_ErrorCallback)
    [Anonymous Symbol]                       0x08002f0c   Section        0  stm32f4xx_hal_uart.o(.text.HAL_UART_IRQHandler)
    [Anonymous Symbol]                       0x08003494   Section        0  stm32f4xx_hal_uart.o(.text.HAL_UART_Init)
    [Anonymous Symbol]                       0x080034f4   Section        0  usart.o(.text.HAL_UART_MspInit)
    [Anonymous Symbol]                       0x080036e4   Section        0  stm32f4xx_hal_uart.o(.text.HAL_UART_Receive_DMA)
    [Anonymous Symbol]                       0x08003860   Section        0  stm32f4xx_hal_uart.o(.text.HAL_UART_Receive_IT)
    [Anonymous Symbol]                       0x080038b4   Section        0  main.o(.text.HAL_UART_RxCpltCallback)
    [Anonymous Symbol]                       0x08003914   Section        0  stm32f4xx_hal_uart.o(.text.HAL_UART_RxHalfCpltCallback)
    [Anonymous Symbol]                       0x08003918   Section        0  stm32f4xx_hal_uart.o(.text.HAL_UART_Transmit)
    [Anonymous Symbol]                       0x08003a90   Section        0  stm32f4xx_hal_uart.o(.text.HAL_UART_TxCpltCallback)
    [Anonymous Symbol]                       0x08003a94   Section        0  stm32f4xx_it.o(.text.HardFault_Handler)
    I2C_RequestMemoryRead                    0x08003a99   Thumb Code   274  stm32f4xx_hal_i2c.o(.text.I2C_RequestMemoryRead)
    [Anonymous Symbol]                       0x08003a98   Section        0  stm32f4xx_hal_i2c.o(.text.I2C_RequestMemoryRead)
    I2C_RequestMemoryWrite                   0x08003bad   Thumb Code   200  stm32f4xx_hal_i2c.o(.text.I2C_RequestMemoryWrite)
    [Anonymous Symbol]                       0x08003bac   Section        0  stm32f4xx_hal_i2c.o(.text.I2C_RequestMemoryWrite)
    I2C_WaitOnBTFFlagUntilTimeout            0x08003c75   Thumb Code   186  stm32f4xx_hal_i2c.o(.text.I2C_WaitOnBTFFlagUntilTimeout)
    [Anonymous Symbol]                       0x08003c74   Section        0  stm32f4xx_hal_i2c.o(.text.I2C_WaitOnBTFFlagUntilTimeout)
    I2C_WaitOnFlagUntilTimeout               0x08003d31   Thumb Code   458  stm32f4xx_hal_i2c.o(.text.I2C_WaitOnFlagUntilTimeout)
    [Anonymous Symbol]                       0x08003d30   Section        0  stm32f4xx_hal_i2c.o(.text.I2C_WaitOnFlagUntilTimeout)
    I2C_WaitOnMasterAddressFlagUntilTimeout  0x08003efd   Thumb Code   214  stm32f4xx_hal_i2c.o(.text.I2C_WaitOnMasterAddressFlagUntilTimeout)
    [Anonymous Symbol]                       0x08003efc   Section        0  stm32f4xx_hal_i2c.o(.text.I2C_WaitOnMasterAddressFlagUntilTimeout)
    I2C_WaitOnRXNEFlagUntilTimeout           0x08003fd5   Thumb Code   144  stm32f4xx_hal_i2c.o(.text.I2C_WaitOnRXNEFlagUntilTimeout)
    [Anonymous Symbol]                       0x08003fd4   Section        0  stm32f4xx_hal_i2c.o(.text.I2C_WaitOnRXNEFlagUntilTimeout)
    I2C_WaitOnTXEFlagUntilTimeout            0x08004065   Thumb Code   186  stm32f4xx_hal_i2c.o(.text.I2C_WaitOnTXEFlagUntilTimeout)
    [Anonymous Symbol]                       0x08004064   Section        0  stm32f4xx_hal_i2c.o(.text.I2C_WaitOnTXEFlagUntilTimeout)
    [Anonymous Symbol]                       0x08004120   Section        0  main.o(.text.MPU6500_Calibrate)
    [Anonymous Symbol]                       0x08004264   Section        0  adc.o(.text.MX_ADC1_Init)
    [Anonymous Symbol]                       0x080042d0   Section        0  dma.o(.text.MX_DMA_Init)
    [Anonymous Symbol]                       0x08004338   Section        0  gpio.o(.text.MX_GPIO_Init)
    [Anonymous Symbol]                       0x080043dc   Section        0  i2c.o(.text.MX_I2C1_Init)
    [Anonymous Symbol]                       0x08004420   Section        0  tim.o(.text.MX_TIM2_Init)
    [Anonymous Symbol]                       0x08004484   Section        0  tim.o(.text.MX_TIM3_Init)
    [Anonymous Symbol]                       0x080045bc   Section        0  tim.o(.text.MX_TIM4_Init)
    [Anonymous Symbol]                       0x08004624   Section        0  usart.o(.text.MX_USART1_UART_Init)
    [Anonymous Symbol]                       0x08004660   Section        0  usart.o(.text.MX_USART6_UART_Init)
    [Anonymous Symbol]                       0x0800469c   Section        0  stm32f4xx_it.o(.text.MemManage_Handler)
    [Anonymous Symbol]                       0x080046a0   Section        0  stm32f4xx_it.o(.text.NMI_Handler)
    [Anonymous Symbol]                       0x080046a4   Section        0  stm32f4xx_it.o(.text.PendSV_Handler)
    [Anonymous Symbol]                       0x080046a8   Section        0  main.o(.text.ProcessLidarDataFromDMA)
    [Anonymous Symbol]                       0x08004870   Section        0  main.o(.text.ProcessLidarSampleData)
    [Anonymous Symbol]                       0x0800496c   Section        0  stm32f4xx_it.o(.text.SVC_Handler)
    [Anonymous Symbol]                       0x08004970   Section        0  stm32f4xx_it.o(.text.SysTick_Handler)
    [Anonymous Symbol]                       0x08004974   Section        0  main.o(.text.SystemClock_Config)
    [Anonymous Symbol]                       0x08004a2c   Section        0  system_stm32f4xx.o(.text.SystemInit)
    [Anonymous Symbol]                       0x08004a40   Section        0  stm32f4xx_hal_tim.o(.text.TIM_Base_SetConfig)
    UART_DMAAbortOnError                     0x08004b85   Thumb Code    10  stm32f4xx_hal_uart.o(.text.UART_DMAAbortOnError)
    [Anonymous Symbol]                       0x08004b84   Section        0  stm32f4xx_hal_uart.o(.text.UART_DMAAbortOnError)
    UART_DMAError                            0x08004b91   Thumb Code   380  stm32f4xx_hal_uart.o(.text.UART_DMAError)
    [Anonymous Symbol]                       0x08004b90   Section        0  stm32f4xx_hal_uart.o(.text.UART_DMAError)
    UART_DMAReceiveCplt                      0x08004d0d   Thumb Code   350  stm32f4xx_hal_uart.o(.text.UART_DMAReceiveCplt)
    [Anonymous Symbol]                       0x08004d0c   Section        0  stm32f4xx_hal_uart.o(.text.UART_DMAReceiveCplt)
    UART_DMARxHalfCplt                       0x08004e6d   Thumb Code    24  stm32f4xx_hal_uart.o(.text.UART_DMARxHalfCplt)
    [Anonymous Symbol]                       0x08004e6c   Section        0  stm32f4xx_hal_uart.o(.text.UART_DMARxHalfCplt)
    UART_Receive_IT                          0x08004e85   Thumb Code   254  stm32f4xx_hal_uart.o(.text.UART_Receive_IT)
    [Anonymous Symbol]                       0x08004e84   Section        0  stm32f4xx_hal_uart.o(.text.UART_Receive_IT)
    UART_SetConfig                           0x08004f85   Thumb Code   238  stm32f4xx_hal_uart.o(.text.UART_SetConfig)
    [Anonymous Symbol]                       0x08004f84   Section        0  stm32f4xx_hal_uart.o(.text.UART_SetConfig)
    [Anonymous Symbol]                       0x08005074   Section        0  stm32f4xx_it.o(.text.USART1_IRQHandler)
    [Anonymous Symbol]                       0x08005080   Section        0  stm32f4xx_it.o(.text.UsageFault_Handler)
    [Anonymous Symbol]                       0x08005088   Section        0  main.o(.text.main)
    __arm_cp.16_15                           0x080052b8   Number         4  main.o(.text.main)
    __arm_cp.16_16                           0x080052bc   Number         4  main.o(.text.main)
    __arm_cp.16_17                           0x080052c0   Number         4  main.o(.text.main)
    __arm_cp.16_18                           0x08005864   Number         4  main.o(.text.main)
    __arm_cp.16_19                           0x08005868   Number         4  main.o(.text.main)
    __arm_cp.16_20                           0x0800586c   Number         4  main.o(.text.main)
    CL$$btod_d2e                             0x08005908   Section       62  btod.o(CL$$btod_d2e)
    CL$$btod_d2e_denorm_low                  0x08005946   Section       70  btod.o(CL$$btod_d2e_denorm_low)
    CL$$btod_d2e_norm_op1                    0x0800598c   Section       96  btod.o(CL$$btod_d2e_norm_op1)
    CL$$btod_div_common                      0x080059ec   Section      824  btod.o(CL$$btod_div_common)
    CL$$btod_e2e                             0x08005d24   Section      220  btod.o(CL$$btod_e2e)
    CL$$btod_ediv                            0x08005e00   Section       42  btod.o(CL$$btod_ediv)
    CL$$btod_emul                            0x08005e2a   Section       42  btod.o(CL$$btod_emul)
    CL$$btod_mult_common                     0x08005e54   Section      580  btod.o(CL$$btod_mult_common)
    i.__ARM_fpclassify                       0x08006098   Section        0  fpclassify.o(i.__ARM_fpclassify)
    i._is_digit                              0x080060c8   Section        0  __printf_wp.o(i._is_digit)
    locale$$code                             0x080060d8   Section       44  lc_numeric_c.o(locale$$code)
    $v0                                      0x08006104   Number         0  dfixu.o(x$fpl$dfixu)
    x$fpl$dfixu                              0x08006104   Section       90  dfixu.o(x$fpl$dfixu)
    $v0                                      0x0800615e   Number         0  dflt_clz.o(x$fpl$dfltu)
    x$fpl$dfltu                              0x0800615e   Section       38  dflt_clz.o(x$fpl$dfltu)
    $v0                                      0x08006184   Number         0  dmul.o(x$fpl$dmul)
    x$fpl$dmul                               0x08006184   Section      340  dmul.o(x$fpl$dmul)
    $v0                                      0x080062d8   Number         0  dnaninf.o(x$fpl$dnaninf)
    x$fpl$dnaninf                            0x080062d8   Section      156  dnaninf.o(x$fpl$dnaninf)
    $v0                                      0x08006374   Number         0  dretinf.o(x$fpl$dretinf)
    x$fpl$dretinf                            0x08006374   Section       12  dretinf.o(x$fpl$dretinf)
    $v0                                      0x08006380   Number         0  f2d.o(x$fpl$f2d)
    x$fpl$f2d                                0x08006380   Section       86  f2d.o(x$fpl$f2d)
    $v0                                      0x080063d6   Number         0  fnaninf.o(x$fpl$fnaninf)
    x$fpl$fnaninf                            0x080063d6   Section      140  fnaninf.o(x$fpl$fnaninf)
    $v0                                      0x08006462   Number         0  fpinit.o(x$fpl$fpinit)
    x$fpl$fpinit                             0x08006462   Section       26  fpinit.o(x$fpl$fpinit)
    $v0                                      0x0800647c   Number         0  printf1.o(x$fpl$printf1)
    x$fpl$printf1                            0x0800647c   Section        4  printf1.o(x$fpl$printf1)
    tenpwrs_x                                0x08006480   Data          60  bigflt0.o(.constdata)
    .constdata                               0x08006480   Section      148  bigflt0.o(.constdata)
    x$fpl$usenofp                            0x08006480   Section        0  usenofp.o(x$fpl$usenofp)
    tenpwrs_i                                0x080064bc   Data          64  bigflt0.o(.constdata)
    DMA_CalcBaseAndBitshift.flagBitshiftOffset 0x0800652c   Data           8  stm32f4xx_hal_dma.o(.rodata.cst8)
    [Anonymous Symbol]                       0x0800652c   Section        0  stm32f4xx_hal_dma.o(.rodata.cst8)
    .L.str.1                                 0x08006534   Data          21  main.o(.rodata.str1.1)
    [Anonymous Symbol]                       0x08006534   Section        0  main.o(.rodata.str1.1)
    .L.str.2                                 0x08006549   Data          44  main.o(.rodata.str1.1)
    .L.str.7                                 0x08006575   Data          14  main.o(.rodata.str1.1)
    locale$$data                             0x080065a4   Section       28  lc_numeric_c.o(locale$$data)
    __lcnum_c_name                           0x080065a8   Data           2  lc_numeric_c.o(locale$$data)
    __lcnum_c_start                          0x080065b0   Data           0  lc_numeric_c.o(locale$$data)
    __lcnum_c_point                          0x080065bc   Data           0  lc_numeric_c.o(locale$$data)
    __lcnum_c_thousands                      0x080065be   Data           0  lc_numeric_c.o(locale$$data)
    __lcnum_c_grouping                       0x080065bf   Data           0  lc_numeric_c.o(locale$$data)
    __lcnum_c_end                            0x080065c0   Data           0  lc_numeric_c.o(locale$$data)
    .L_MergedGlobals                         0x20000000   Data          13  main.o(.data..L_MergedGlobals)
    [Anonymous Symbol]                       0x20000000   Section        0  main.o(.data..L_MergedGlobals)
    .L_MergedGlobals                         0x20000010   Data           8  stm32f4xx_hal.o(.data..L_MergedGlobals)
    [Anonymous Symbol]                       0x20000010   Section        0  stm32f4xx_hal.o(.data..L_MergedGlobals)
    .bss                                     0x20000020   Section       96  libspace.o(.bss)
    .L_MergedGlobals.9                       0x20000080   Data          84  main.o(.bss..L_MergedGlobals.9)
    [Anonymous Symbol]                       0x20000080   Section        0  main.o(.bss..L_MergedGlobals.9)
    ProcessLidarDataFromDMA.sample_idx       0x2000008a   Data           1  main.o(.bss..L_MergedGlobals.9)
    ProcessLidarDataFromDMA.processed_bytes  0x200000bc   Data           4  main.o(.bss..L_MergedGlobals.9)
    ProcessLidarDataFromDMA.samples_processed 0x200000c0   Data           4  main.o(.bss..L_MergedGlobals.9)
    ProcessLidarDataFromDMA.samples_valid    0x200000c4   Data           4  main.o(.bss..L_MergedGlobals.9)
    ProcessLidarDataFromDMA.sample_buf       0x200000c8   Data           5  main.o(.bss..L_MergedGlobals.9)
    Heap_Mem                                 0x200005f8   Data         512  startup_stm32f446xx.o(HEAP)
    HEAP                                     0x200005f8   Section      512  startup_stm32f446xx.o(HEAP)
    Stack_Mem                                0x200007f8   Data        1024  startup_stm32f446xx.o(STACK)
    STACK                                    0x200007f8   Section     1024  startup_stm32f446xx.o(STACK)
    __initial_sp                             0x20000bf8   Data           0  startup_stm32f446xx.o(STACK)

    Global Symbols

    Symbol Name                              Value     Ov Type        Size  Object(Section)

    BuildAttributes$$THM_ISAv4$E$P$D$K$B$S$7EM$VFPi3$EXTD16$VFPS$VFMA$PE$A:L22UL41UL21$X:L11$S22US41US21$IEEE1$IW$~IW$USESV6$~STKCKD$USESV7$~SHL$OTIME$ROPI$IEEEJ$EBA8$UX$STANDARDLIB$REQ8$PRES8$EABIv2 0x00000000   Number         0  anon$$obj.o ABSOLUTE
    _printf_flags                            0x00000000   Number         0  printf_stubs.o ABSOLUTE
    _printf_return_value                     0x00000000   Number         0  printf_stubs.o ABSOLUTE
    _printf_sizespec                         0x00000000   Number         0  printf_stubs.o ABSOLUTE
    _printf_widthprec                        0x00000000   Number         0  printf_stubs.o ABSOLUTE
    __ARM_exceptions_init                     - Undefined Weak Reference
    __alloca_initialize                       - Undefined Weak Reference
    __arm_preinit_                            - Undefined Weak Reference
    __arm_relocate_pie_                       - Undefined Weak Reference
    __cpp_initialize__aeabi_                  - Undefined Weak Reference
    __cxa_finalize                            - Undefined Weak Reference
    __sigvec_lookup                           - Undefined Weak Reference
    _atexit_init                              - Undefined Weak Reference
    _call_atexit_fns                          - Undefined Weak Reference
    _clock_init                               - Undefined Weak Reference
    _fp_trap_init                             - Undefined Weak Reference
    _fp_trap_shutdown                         - Undefined Weak Reference
    _get_lc_collate                           - Undefined Weak Reference
    _get_lc_ctype                             - Undefined Weak Reference
    _get_lc_monetary                          - Undefined Weak Reference
    _get_lc_time                              - Undefined Weak Reference
    _getenv_init                              - Undefined Weak Reference
    _handle_redirection                       - Undefined Weak Reference
    _init_alloc                               - Undefined Weak Reference
    _init_user_alloc                          - Undefined Weak Reference
    _initio                                   - Undefined Weak Reference
    _printf_post_padding                      - Undefined Weak Reference
    _printf_pre_padding                       - Undefined Weak Reference
    _printf_truncate_signed                   - Undefined Weak Reference
    _printf_truncate_unsigned                 - Undefined Weak Reference
    _rand_init                                - Undefined Weak Reference
    _signal_finish                            - Undefined Weak Reference
    _signal_init                              - Undefined Weak Reference
    _terminate_alloc                          - Undefined Weak Reference
    _terminate_user_alloc                     - Undefined Weak Reference
    _terminateio                              - Undefined Weak Reference
    __Vectors_Size                           0x000001c4   Number         0  startup_stm32f446xx.o ABSOLUTE
    __Vectors                                0x08000000   Data           4  startup_stm32f446xx.o(RESET)
    __Vectors_End                            0x080001c4   Data           0  startup_stm32f446xx.o(RESET)
    __main                                   0x080001c5   Thumb Code     8  __main.o(!!!main)
    __scatterload                            0x080001cd   Thumb Code     0  __scatter.o(!!!scatter)
    __scatterload_rt2                        0x080001cd   Thumb Code    84  __scatter.o(!!!scatter)
    __scatterload_rt2_thumb_only             0x080001cd   Thumb Code     0  __scatter.o(!!!scatter)
    __scatterload_loop                       0x080001d7   Thumb Code     0  __scatter.o(!!!scatter)
    __scatterload_copy                       0x08000229   Thumb Code    26  __scatter_copy.o(!!handler_copy)
    __scatterload_null                       0x08000245   Thumb Code     2  __scatter.o(!!handler_null)
    __scatterload_zeroinit                   0x08000249   Thumb Code    28  __scatter_zi.o(!!handler_zi)
    _printf_f                                0x08000265   Thumb Code     0  _printf_f.o(.ARM.Collect$$_printf_percent$$00000003)
    _printf_percent                          0x08000265   Thumb Code     0  _printf_percent.o(.ARM.Collect$$_printf_percent$$00000000)
    _printf_d                                0x0800026b   Thumb Code     0  _printf_d.o(.ARM.Collect$$_printf_percent$$00000009)
    _printf_u                                0x08000271   Thumb Code     0  _printf_u.o(.ARM.Collect$$_printf_percent$$0000000A)
    _printf_percent_end                      0x08000277   Thumb Code     0  _printf_percent_end.o(.ARM.Collect$$_printf_percent$$00000017)
    __rt_lib_init                            0x0800027b   Thumb Code     0  libinit.o(.ARM.Collect$$libinit$$00000000)
    __rt_lib_init_fp_1                       0x0800027d   Thumb Code     0  libinit2.o(.ARM.Collect$$libinit$$00000001)
    __rt_lib_init_heap_1                     0x08000281   Thumb Code     0  libinit2.o(.ARM.Collect$$libinit$$0000000C)
    __rt_lib_init_lc_common                  0x08000281   Thumb Code     0  libinit2.o(.ARM.Collect$$libinit$$00000011)
    __rt_lib_init_preinit_1                  0x08000281   Thumb Code     0  libinit2.o(.ARM.Collect$$libinit$$00000006)
    __rt_lib_init_rand_1                     0x08000281   Thumb Code     0  libinit2.o(.ARM.Collect$$libinit$$00000010)
    __rt_lib_init_relocate_pie_1             0x08000281   Thumb Code     0  libinit2.o(.ARM.Collect$$libinit$$00000004)
    __rt_lib_init_user_alloc_1               0x08000281   Thumb Code     0  libinit2.o(.ARM.Collect$$libinit$$0000000E)
    __rt_lib_init_lc_collate_1               0x08000287   Thumb Code     0  libinit2.o(.ARM.Collect$$libinit$$00000013)
    __rt_lib_init_lc_ctype_1                 0x08000287   Thumb Code     0  libinit2.o(.ARM.Collect$$libinit$$00000015)
    __rt_lib_init_lc_monetary_1              0x08000287   Thumb Code     0  libinit2.o(.ARM.Collect$$libinit$$00000017)
    __rt_lib_init_lc_numeric_2               0x08000287   Thumb Code     0  libinit2.o(.ARM.Collect$$libinit$$00000018)
    __rt_lib_init_alloca_1                   0x08000291   Thumb Code     0  libinit2.o(.ARM.Collect$$libinit$$00000030)
    __rt_lib_init_argv_1                     0x08000291   Thumb Code     0  libinit2.o(.ARM.Collect$$libinit$$0000002E)
    __rt_lib_init_atexit_1                   0x08000291   Thumb Code     0  libinit2.o(.ARM.Collect$$libinit$$0000001D)
    __rt_lib_init_clock_1                    0x08000291   Thumb Code     0  libinit2.o(.ARM.Collect$$libinit$$00000023)
    __rt_lib_init_cpp_1                      0x08000291   Thumb Code     0  libinit2.o(.ARM.Collect$$libinit$$00000034)
    __rt_lib_init_exceptions_1               0x08000291   Thumb Code     0  libinit2.o(.ARM.Collect$$libinit$$00000032)
    __rt_lib_init_fp_trap_1                  0x08000291   Thumb Code     0  libinit2.o(.ARM.Collect$$libinit$$00000021)
    __rt_lib_init_getenv_1                   0x08000291   Thumb Code     0  libinit2.o(.ARM.Collect$$libinit$$00000025)
    __rt_lib_init_lc_numeric_1               0x08000291   Thumb Code     0  libinit2.o(.ARM.Collect$$libinit$$00000019)
    __rt_lib_init_lc_time_1                  0x08000291   Thumb Code     0  libinit2.o(.ARM.Collect$$libinit$$0000001B)
    __rt_lib_init_return                     0x08000291   Thumb Code     0  libinit2.o(.ARM.Collect$$libinit$$00000035)
    __rt_lib_init_signal_1                   0x08000291   Thumb Code     0  libinit2.o(.ARM.Collect$$libinit$$0000001F)
    __rt_lib_init_stdio_1                    0x08000291   Thumb Code     0  libinit2.o(.ARM.Collect$$libinit$$00000027)
    __rt_lib_shutdown                        0x08000293   Thumb Code     0  libshutdown.o(.ARM.Collect$$libshutdown$$00000000)
    __rt_lib_shutdown_cpp_1                  0x08000295   Thumb Code     0  libshutdown2.o(.ARM.Collect$$libshutdown$$00000002)
    __rt_lib_shutdown_fp_trap_1              0x08000295   Thumb Code     0  libshutdown2.o(.ARM.Collect$$libshutdown$$00000007)
    __rt_lib_shutdown_heap_1                 0x08000295   Thumb Code     0  libshutdown2.o(.ARM.Collect$$libshutdown$$0000000F)
    __rt_lib_shutdown_return                 0x08000295   Thumb Code     0  libshutdown2.o(.ARM.Collect$$libshutdown$$00000010)
    __rt_lib_shutdown_signal_1               0x08000295   Thumb Code     0  libshutdown2.o(.ARM.Collect$$libshutdown$$0000000A)
    __rt_lib_shutdown_stdio_1                0x08000295   Thumb Code     0  libshutdown2.o(.ARM.Collect$$libshutdown$$00000004)
    __rt_lib_shutdown_user_alloc_1           0x08000295   Thumb Code     0  libshutdown2.o(.ARM.Collect$$libshutdown$$0000000C)
    __rt_entry                               0x08000297   Thumb Code     0  __rtentry.o(.ARM.Collect$$rtentry$$00000000)
    __rt_entry_presh_1                       0x08000297   Thumb Code     0  __rtentry2.o(.ARM.Collect$$rtentry$$00000002)
    __rt_entry_sh                            0x08000297   Thumb Code     0  __rtentry4.o(.ARM.Collect$$rtentry$$00000004)
    __rt_entry_li                            0x0800029d   Thumb Code     0  __rtentry2.o(.ARM.Collect$$rtentry$$0000000A)
    __rt_entry_postsh_1                      0x0800029d   Thumb Code     0  __rtentry2.o(.ARM.Collect$$rtentry$$00000009)
    __rt_entry_main                          0x080002a1   Thumb Code     0  __rtentry2.o(.ARM.Collect$$rtentry$$0000000D)
    __rt_entry_postli_1                      0x080002a1   Thumb Code     0  __rtentry2.o(.ARM.Collect$$rtentry$$0000000C)
    __rt_exit                                0x080002a9   Thumb Code     0  rtexit.o(.ARM.Collect$$rtexit$$00000000)
    __rt_exit_ls                             0x080002ab   Thumb Code     0  rtexit2.o(.ARM.Collect$$rtexit$$00000003)
    __rt_exit_prels_1                        0x080002ab   Thumb Code     0  rtexit2.o(.ARM.Collect$$rtexit$$00000002)
    __rt_exit_exit                           0x080002af   Thumb Code     0  rtexit2.o(.ARM.Collect$$rtexit$$00000004)
    Reset_Handler                            0x080002b5   Thumb Code     8  startup_stm32f446xx.o(.text)
    ADC_IRQHandler                           0x080002cf   Thumb Code     0  startup_stm32f446xx.o(.text)
    CAN1_RX0_IRQHandler                      0x080002cf   Thumb Code     0  startup_stm32f446xx.o(.text)
    CAN1_RX1_IRQHandler                      0x080002cf   Thumb Code     0  startup_stm32f446xx.o(.text)
    CAN1_SCE_IRQHandler                      0x080002cf   Thumb Code     0  startup_stm32f446xx.o(.text)
    CAN1_TX_IRQHandler                       0x080002cf   Thumb Code     0  startup_stm32f446xx.o(.text)
    CAN2_RX0_IRQHandler                      0x080002cf   Thumb Code     0  startup_stm32f446xx.o(.text)
    CAN2_RX1_IRQHandler                      0x080002cf   Thumb Code     0  startup_stm32f446xx.o(.text)
    CAN2_SCE_IRQHandler                      0x080002cf   Thumb Code     0  startup_stm32f446xx.o(.text)
    CAN2_TX_IRQHandler                       0x080002cf   Thumb Code     0  startup_stm32f446xx.o(.text)
    CEC_IRQHandler                           0x080002cf   Thumb Code     0  startup_stm32f446xx.o(.text)
    DCMI_IRQHandler                          0x080002cf   Thumb Code     0  startup_stm32f446xx.o(.text)
    DMA1_Stream0_IRQHandler                  0x080002cf   Thumb Code     0  startup_stm32f446xx.o(.text)
    DMA1_Stream1_IRQHandler                  0x080002cf   Thumb Code     0  startup_stm32f446xx.o(.text)
    DMA1_Stream2_IRQHandler                  0x080002cf   Thumb Code     0  startup_stm32f446xx.o(.text)
    DMA1_Stream3_IRQHandler                  0x080002cf   Thumb Code     0  startup_stm32f446xx.o(.text)
    DMA1_Stream4_IRQHandler                  0x080002cf   Thumb Code     0  startup_stm32f446xx.o(.text)
    DMA1_Stream5_IRQHandler                  0x080002cf   Thumb Code     0  startup_stm32f446xx.o(.text)
    DMA1_Stream6_IRQHandler                  0x080002cf   Thumb Code     0  startup_stm32f446xx.o(.text)
    DMA1_Stream7_IRQHandler                  0x080002cf   Thumb Code     0  startup_stm32f446xx.o(.text)
    DMA2_Stream0_IRQHandler                  0x080002cf   Thumb Code     0  startup_stm32f446xx.o(.text)
    DMA2_Stream3_IRQHandler                  0x080002cf   Thumb Code     0  startup_stm32f446xx.o(.text)
    DMA2_Stream4_IRQHandler                  0x080002cf   Thumb Code     0  startup_stm32f446xx.o(.text)
    DMA2_Stream5_IRQHandler                  0x080002cf   Thumb Code     0  startup_stm32f446xx.o(.text)
    EXTI0_IRQHandler                         0x080002cf   Thumb Code     0  startup_stm32f446xx.o(.text)
    EXTI15_10_IRQHandler                     0x080002cf   Thumb Code     0  startup_stm32f446xx.o(.text)
    EXTI1_IRQHandler                         0x080002cf   Thumb Code     0  startup_stm32f446xx.o(.text)
    EXTI2_IRQHandler                         0x080002cf   Thumb Code     0  startup_stm32f446xx.o(.text)
    EXTI3_IRQHandler                         0x080002cf   Thumb Code     0  startup_stm32f446xx.o(.text)
    EXTI4_IRQHandler                         0x080002cf   Thumb Code     0  startup_stm32f446xx.o(.text)
    EXTI9_5_IRQHandler                       0x080002cf   Thumb Code     0  startup_stm32f446xx.o(.text)
    FLASH_IRQHandler                         0x080002cf   Thumb Code     0  startup_stm32f446xx.o(.text)
    FMC_IRQHandler                           0x080002cf   Thumb Code     0  startup_stm32f446xx.o(.text)
    FMPI2C1_ER_IRQHandler                    0x080002cf   Thumb Code     0  startup_stm32f446xx.o(.text)
    FMPI2C1_EV_IRQHandler                    0x080002cf   Thumb Code     0  startup_stm32f446xx.o(.text)
    FPU_IRQHandler                           0x080002cf   Thumb Code     0  startup_stm32f446xx.o(.text)
    I2C1_ER_IRQHandler                       0x080002cf   Thumb Code     0  startup_stm32f446xx.o(.text)
    I2C1_EV_IRQHandler                       0x080002cf   Thumb Code     0  startup_stm32f446xx.o(.text)
    I2C2_ER_IRQHandler                       0x080002cf   Thumb Code     0  startup_stm32f446xx.o(.text)
    I2C2_EV_IRQHandler                       0x080002cf   Thumb Code     0  startup_stm32f446xx.o(.text)
    I2C3_ER_IRQHandler                       0x080002cf   Thumb Code     0  startup_stm32f446xx.o(.text)
    I2C3_EV_IRQHandler                       0x080002cf   Thumb Code     0  startup_stm32f446xx.o(.text)
    OTG_FS_IRQHandler                        0x080002cf   Thumb Code     0  startup_stm32f446xx.o(.text)
    OTG_FS_WKUP_IRQHandler                   0x080002cf   Thumb Code     0  startup_stm32f446xx.o(.text)
    OTG_HS_EP1_IN_IRQHandler                 0x080002cf   Thumb Code     0  startup_stm32f446xx.o(.text)
    OTG_HS_EP1_OUT_IRQHandler                0x080002cf   Thumb Code     0  startup_stm32f446xx.o(.text)
    OTG_HS_IRQHandler                        0x080002cf   Thumb Code     0  startup_stm32f446xx.o(.text)
    OTG_HS_WKUP_IRQHandler                   0x080002cf   Thumb Code     0  startup_stm32f446xx.o(.text)
    PVD_IRQHandler                           0x080002cf   Thumb Code     0  startup_stm32f446xx.o(.text)
    QUADSPI_IRQHandler                       0x080002cf   Thumb Code     0  startup_stm32f446xx.o(.text)
    RCC_IRQHandler                           0x080002cf   Thumb Code     0  startup_stm32f446xx.o(.text)
    RTC_Alarm_IRQHandler                     0x080002cf   Thumb Code     0  startup_stm32f446xx.o(.text)
    RTC_WKUP_IRQHandler                      0x080002cf   Thumb Code     0  startup_stm32f446xx.o(.text)
    SAI1_IRQHandler                          0x080002cf   Thumb Code     0  startup_stm32f446xx.o(.text)
    SAI2_IRQHandler                          0x080002cf   Thumb Code     0  startup_stm32f446xx.o(.text)
    SDIO_IRQHandler                          0x080002cf   Thumb Code     0  startup_stm32f446xx.o(.text)
    SPDIF_RX_IRQHandler                      0x080002cf   Thumb Code     0  startup_stm32f446xx.o(.text)
    SPI1_IRQHandler                          0x080002cf   Thumb Code     0  startup_stm32f446xx.o(.text)
    SPI2_IRQHandler                          0x080002cf   Thumb Code     0  startup_stm32f446xx.o(.text)
    SPI3_IRQHandler                          0x080002cf   Thumb Code     0  startup_stm32f446xx.o(.text)
    SPI4_IRQHandler                          0x080002cf   Thumb Code     0  startup_stm32f446xx.o(.text)
    TAMP_STAMP_IRQHandler                    0x080002cf   Thumb Code     0  startup_stm32f446xx.o(.text)
    TIM1_BRK_TIM9_IRQHandler                 0x080002cf   Thumb Code     0  startup_stm32f446xx.o(.text)
    TIM1_CC_IRQHandler                       0x080002cf   Thumb Code     0  startup_stm32f446xx.o(.text)
    TIM1_TRG_COM_TIM11_IRQHandler            0x080002cf   Thumb Code     0  startup_stm32f446xx.o(.text)
    TIM1_UP_TIM10_IRQHandler                 0x080002cf   Thumb Code     0  startup_stm32f446xx.o(.text)
    TIM2_IRQHandler                          0x080002cf   Thumb Code     0  startup_stm32f446xx.o(.text)
    TIM3_IRQHandler                          0x080002cf   Thumb Code     0  startup_stm32f446xx.o(.text)
    TIM4_IRQHandler                          0x080002cf   Thumb Code     0  startup_stm32f446xx.o(.text)
    TIM5_IRQHandler                          0x080002cf   Thumb Code     0  startup_stm32f446xx.o(.text)
    TIM6_DAC_IRQHandler                      0x080002cf   Thumb Code     0  startup_stm32f446xx.o(.text)
    TIM7_IRQHandler                          0x080002cf   Thumb Code     0  startup_stm32f446xx.o(.text)
    TIM8_BRK_TIM12_IRQHandler                0x080002cf   Thumb Code     0  startup_stm32f446xx.o(.text)
    TIM8_CC_IRQHandler                       0x080002cf   Thumb Code     0  startup_stm32f446xx.o(.text)
    TIM8_TRG_COM_TIM14_IRQHandler            0x080002cf   Thumb Code     0  startup_stm32f446xx.o(.text)
    TIM8_UP_TIM13_IRQHandler                 0x080002cf   Thumb Code     0  startup_stm32f446xx.o(.text)
    UART4_IRQHandler                         0x080002cf   Thumb Code     0  startup_stm32f446xx.o(.text)
    UART5_IRQHandler                         0x080002cf   Thumb Code     0  startup_stm32f446xx.o(.text)
    USART2_IRQHandler                        0x080002cf   Thumb Code     0  startup_stm32f446xx.o(.text)
    USART3_IRQHandler                        0x080002cf   Thumb Code     0  startup_stm32f446xx.o(.text)
    USART6_IRQHandler                        0x080002cf   Thumb Code     0  startup_stm32f446xx.o(.text)
    WWDG_IRQHandler                          0x080002cf   Thumb Code     0  startup_stm32f446xx.o(.text)
    __user_initial_stackheap                 0x080002d1   Thumb Code     0  startup_stm32f446xx.o(.text)
    __aeabi_uldivmod                         0x080002f5   Thumb Code     0  lludivv7m.o(.text)
    _ll_udiv                                 0x080002f5   Thumb Code   240  lludivv7m.o(.text)
    __2snprintf                              0x080003e5   Thumb Code    58  __2snprintf.o(.text)
    _printf_int_dec                          0x08000425   Thumb Code   104  _printf_dec.o(.text)
    __printf                                 0x0800049d   Thumb Code   352  __printf_ss_wp.o(.text)
    strlen                                   0x080005fd   Thumb Code    62  strlen.o(.text)
    __use_two_region_memory                  0x0800063b   Thumb Code     2  heapauxi.o(.text)
    __rt_heap_escrow$2region                 0x0800063d   Thumb Code     2  heapauxi.o(.text)
    __rt_heap_expand$2region                 0x0800063f   Thumb Code     2  heapauxi.o(.text)
    _printf_int_common                       0x08000641   Thumb Code   178  _printf_intcommon.o(.text)
    _printf_fp_dec_real                      0x080008a3   Thumb Code   620  _printf_fp_dec.o(.text)
    _printf_char_common                      0x08000b1b   Thumb Code    32  _printf_char_common.o(.text)
    _snputc                                  0x08000b41   Thumb Code    16  _snputc.o(.text)
    __rt_locale                              0x08000b51   Thumb Code     8  rt_locale_intlibspace.o(.text)
    _ll_udiv10                               0x08000b59   Thumb Code   138  lludiv10.o(.text)
    _printf_fp_infnan                        0x08000be5   Thumb Code   112  _printf_fp_infnan.o(.text)
    _btod_etento                             0x08000c65   Thumb Code   224  bigflt0.o(.text)
    __user_libspace                          0x08000d49   Thumb Code     8  libspace.o(.text)
    __user_perproc_libspace                  0x08000d49   Thumb Code     0  libspace.o(.text)
    __user_perthread_libspace                0x08000d49   Thumb Code     0  libspace.o(.text)
    __user_setup_stackheap                   0x08000d51   Thumb Code    74  sys_stackheap_outer.o(.text)
    exit                                     0x08000d9b   Thumb Code    18  exit.o(.text)
    strcmp                                   0x08000db1   Thumb Code   124  strcmpv7em.o(.text)
    _sys_exit                                0x08000e2d   Thumb Code     8  sys_exit.o(.text)
    __I$use$semihosting                      0x08000e39   Thumb Code     0  use_no_semi.o(.text)
    __use_no_semihosting_swi                 0x08000e39   Thumb Code     2  use_no_semi.o(.text)
    __semihosting_library_function           0x08000e3b   Thumb Code     0  indicate_semi.o(.text)
    BusFault_Handler                         0x08000e3d   Thumb Code     2  stm32f4xx_it.o(.text.BusFault_Handler)
    DMA2_Stream1_IRQHandler                  0x08000e41   Thumb Code    12  stm32f4xx_it.o(.text.DMA2_Stream1_IRQHandler)
    DMA2_Stream2_IRQHandler                  0x08000e4d   Thumb Code    12  stm32f4xx_it.o(.text.DMA2_Stream2_IRQHandler)
    DMA2_Stream6_IRQHandler                  0x08000e59   Thumb Code    12  stm32f4xx_it.o(.text.DMA2_Stream6_IRQHandler)
    DMA2_Stream7_IRQHandler                  0x08000e65   Thumb Code    12  stm32f4xx_it.o(.text.DMA2_Stream7_IRQHandler)
    DebugMon_Handler                         0x08000e71   Thumb Code     2  stm32f4xx_it.o(.text.DebugMon_Handler)
    Error_Handler                            0x08000e75   Thumb Code     6  main.o(.text.Error_Handler)
    HAL_ADC_ConfigChannel                    0x08000e7d   Thumb Code   368  stm32f4xx_hal_adc.o(.text.HAL_ADC_ConfigChannel)
    HAL_ADC_GetValue                         0x08000fed   Thumb Code     6  stm32f4xx_hal_adc.o(.text.HAL_ADC_GetValue)
    HAL_ADC_Init                             0x08000ff5   Thumb Code   350  stm32f4xx_hal_adc.o(.text.HAL_ADC_Init)
    HAL_ADC_MspInit                          0x08001155   Thumb Code   100  adc.o(.text.HAL_ADC_MspInit)
    HAL_ADC_PollForConversion                0x080011b9   Thumb Code   254  stm32f4xx_hal_adc.o(.text.HAL_ADC_PollForConversion)
    HAL_ADC_Start                            0x080012b9   Thumb Code   346  stm32f4xx_hal_adc.o(.text.HAL_ADC_Start)
    HAL_DMA_Abort                            0x08001415   Thumb Code   142  stm32f4xx_hal_dma.o(.text.HAL_DMA_Abort)
    HAL_DMA_Abort_IT                         0x080014a5   Thumb Code    36  stm32f4xx_hal_dma.o(.text.HAL_DMA_Abort_IT)
    HAL_DMA_IRQHandler                       0x080014c9   Thumb Code   448  stm32f4xx_hal_dma.o(.text.HAL_DMA_IRQHandler)
    HAL_DMA_Init                             0x08001689   Thumb Code   354  stm32f4xx_hal_dma.o(.text.HAL_DMA_Init)
    HAL_DMA_Start_IT                         0x080017ed   Thumb Code   162  stm32f4xx_hal_dma.o(.text.HAL_DMA_Start_IT)
    HAL_Delay                                0x08001891   Thumb Code    40  stm32f4xx_hal.o(.text.HAL_Delay)
    HAL_GPIO_Init                            0x080018b9   Thumb Code   414  stm32f4xx_hal_gpio.o(.text.HAL_GPIO_Init)
    HAL_GPIO_WritePin                        0x08001a59   Thumb Code    10  stm32f4xx_hal_gpio.o(.text.HAL_GPIO_WritePin)
    HAL_GetTick                              0x08001a65   Thumb Code    12  stm32f4xx_hal.o(.text.HAL_GetTick)
    HAL_I2C_Init                             0x08001a71   Thumb Code   356  stm32f4xx_hal_i2c.o(.text.HAL_I2C_Init)
    HAL_I2C_Mem_Read                         0x08001bd5   Thumb Code   600  stm32f4xx_hal_i2c.o(.text.HAL_I2C_Mem_Read)
    HAL_I2C_Mem_Write                        0x08001e2d   Thumb Code   348  stm32f4xx_hal_i2c.o(.text.HAL_I2C_Mem_Write)
    HAL_I2C_MspInit                          0x08001f89   Thumb Code   108  i2c.o(.text.HAL_I2C_MspInit)
    HAL_IncTick                              0x08001ff5   Thumb Code    26  stm32f4xx_hal.o(.text.HAL_IncTick)
    HAL_Init                                 0x08002011   Thumb Code    54  stm32f4xx_hal.o(.text.HAL_Init)
    HAL_InitTick                             0x08002049   Thumb Code    72  stm32f4xx_hal.o(.text.HAL_InitTick)
    HAL_MspInit                              0x08002091   Thumb Code    60  stm32f4xx_hal_msp.o(.text.HAL_MspInit)
    HAL_NVIC_EnableIRQ                       0x080020cd   Thumb Code    34  stm32f4xx_hal_cortex.o(.text.HAL_NVIC_EnableIRQ)
    HAL_NVIC_SetPriority                     0x080020f1   Thumb Code    86  stm32f4xx_hal_cortex.o(.text.HAL_NVIC_SetPriority)
    HAL_NVIC_SetPriorityGrouping             0x08002149   Thumb Code    32  stm32f4xx_hal_cortex.o(.text.HAL_NVIC_SetPriorityGrouping)
    HAL_PWREx_EnableOverDrive                0x08002169   Thumb Code   122  stm32f4xx_hal_pwr_ex.o(.text.HAL_PWREx_EnableOverDrive)
    HAL_RCC_ClockConfig                      0x080021e5   Thumb Code   356  stm32f4xx_hal_rcc.o(.text.HAL_RCC_ClockConfig)
    HAL_RCC_GetPCLK1Freq                     0x08002349   Thumb Code    38  stm32f4xx_hal_rcc.o(.text.HAL_RCC_GetPCLK1Freq)
    HAL_RCC_GetPCLK2Freq                     0x08002371   Thumb Code    38  stm32f4xx_hal_rcc.o(.text.HAL_RCC_GetPCLK2Freq)
    HAL_RCC_GetSysClockFreq                  0x08002399   Thumb Code   162  stm32f4xx_hal_rcc_ex.o(.text.HAL_RCC_GetSysClockFreq)
    HAL_RCC_OscConfig                        0x0800243d   Thumb Code   992  stm32f4xx_hal_rcc_ex.o(.text.HAL_RCC_OscConfig)
    HAL_SYSTICK_Config                       0x0800281d   Thumb Code    44  stm32f4xx_hal_cortex.o(.text.HAL_SYSTICK_Config)
    HAL_TIMEx_MasterConfigSynchronization    0x08002849   Thumb Code   186  stm32f4xx_hal_tim_ex.o(.text.HAL_TIMEx_MasterConfigSynchronization)
    HAL_TIM_Encoder_Init                     0x08002905   Thumb Code   178  stm32f4xx_hal_tim.o(.text.HAL_TIM_Encoder_Init)
    HAL_TIM_Encoder_MspInit                  0x080029b9   Thumb Code   186  tim.o(.text.HAL_TIM_Encoder_MspInit)
    HAL_TIM_Encoder_Start                    0x08002a75   Thumb Code   188  stm32f4xx_hal_tim.o(.text.HAL_TIM_Encoder_Start)
    HAL_TIM_PWM_ConfigChannel                0x08002b31   Thumb Code   548  stm32f4xx_hal_tim.o(.text.HAL_TIM_PWM_ConfigChannel)
    HAL_TIM_PWM_Init                         0x08002d55   Thumb Code    90  stm32f4xx_hal_tim.o(.text.HAL_TIM_PWM_Init)
    HAL_TIM_PWM_MspInit                      0x08002db1   Thumb Code    52  tim.o(.text.HAL_TIM_PWM_MspInit)
    HAL_TIM_PWM_Start                        0x08002de5   Thumb Code   286  stm32f4xx_hal_tim.o(.text.HAL_TIM_PWM_Start)
    HAL_UARTEx_RxEventCallback               0x08002f05   Thumb Code     2  stm32f4xx_hal_uart.o(.text.HAL_UARTEx_RxEventCallback)
    HAL_UART_ErrorCallback                   0x08002f09   Thumb Code     2  stm32f4xx_hal_uart.o(.text.HAL_UART_ErrorCallback)
    HAL_UART_IRQHandler                      0x08002f0d   Thumb Code  1416  stm32f4xx_hal_uart.o(.text.HAL_UART_IRQHandler)
    HAL_UART_Init                            0x08003495   Thumb Code    96  stm32f4xx_hal_uart.o(.text.HAL_UART_Init)
    HAL_UART_MspInit                         0x080034f5   Thumb Code   494  usart.o(.text.HAL_UART_MspInit)
    HAL_UART_Receive_DMA                     0x080036e5   Thumb Code   378  stm32f4xx_hal_uart.o(.text.HAL_UART_Receive_DMA)
    HAL_UART_Receive_IT                      0x08003861   Thumb Code    84  stm32f4xx_hal_uart.o(.text.HAL_UART_Receive_IT)
    HAL_UART_RxCpltCallback                  0x080038b5   Thumb Code    76  main.o(.text.HAL_UART_RxCpltCallback)
    HAL_UART_RxHalfCpltCallback              0x08003915   Thumb Code     2  stm32f4xx_hal_uart.o(.text.HAL_UART_RxHalfCpltCallback)
    HAL_UART_Transmit                        0x08003919   Thumb Code   376  stm32f4xx_hal_uart.o(.text.HAL_UART_Transmit)
    HAL_UART_TxCpltCallback                  0x08003a91   Thumb Code     2  stm32f4xx_hal_uart.o(.text.HAL_UART_TxCpltCallback)
    HardFault_Handler                        0x08003a95   Thumb Code     2  stm32f4xx_it.o(.text.HardFault_Handler)
    MPU6500_Calibrate                        0x08004121   Thumb Code   320  main.o(.text.MPU6500_Calibrate)
    MX_ADC1_Init                             0x08004265   Thumb Code   108  adc.o(.text.MX_ADC1_Init)
    MX_DMA_Init                              0x080042d1   Thumb Code   104  dma.o(.text.MX_DMA_Init)
    MX_GPIO_Init                             0x08004339   Thumb Code   162  gpio.o(.text.MX_GPIO_Init)
    MX_I2C1_Init                             0x080043dd   Thumb Code    66  i2c.o(.text.MX_I2C1_Init)
    MX_TIM2_Init                             0x08004421   Thumb Code    98  tim.o(.text.MX_TIM2_Init)
    MX_TIM3_Init                             0x08004485   Thumb Code   310  tim.o(.text.MX_TIM3_Init)
    MX_TIM4_Init                             0x080045bd   Thumb Code   102  tim.o(.text.MX_TIM4_Init)
    MX_USART1_UART_Init                      0x08004625   Thumb Code    60  usart.o(.text.MX_USART1_UART_Init)
    MX_USART6_UART_Init                      0x08004661   Thumb Code    60  usart.o(.text.MX_USART6_UART_Init)
    MemManage_Handler                        0x0800469d   Thumb Code     2  stm32f4xx_it.o(.text.MemManage_Handler)
    NMI_Handler                              0x080046a1   Thumb Code     2  stm32f4xx_it.o(.text.NMI_Handler)
    PendSV_Handler                           0x080046a5   Thumb Code     2  stm32f4xx_it.o(.text.PendSV_Handler)
    ProcessLidarDataFromDMA                  0x080046a9   Thumb Code   416  main.o(.text.ProcessLidarDataFromDMA)
    ProcessLidarSampleData                   0x08004871   Thumb Code   236  main.o(.text.ProcessLidarSampleData)
    SVC_Handler                              0x0800496d   Thumb Code     2  stm32f4xx_it.o(.text.SVC_Handler)
    SysTick_Handler                          0x08004971   Thumb Code     4  stm32f4xx_it.o(.text.SysTick_Handler)
    SystemClock_Config                       0x08004975   Thumb Code   184  main.o(.text.SystemClock_Config)
    SystemInit                               0x08004a2d   Thumb Code    18  system_stm32f4xx.o(.text.SystemInit)
    TIM_Base_SetConfig                       0x08004a41   Thumb Code   322  stm32f4xx_hal_tim.o(.text.TIM_Base_SetConfig)
    USART1_IRQHandler                        0x08005075   Thumb Code    12  stm32f4xx_it.o(.text.USART1_IRQHandler)
    UsageFault_Handler                       0x08005081   Thumb Code     2  stm32f4xx_it.o(.text.UsageFault_Handler)
    main                                     0x08005089   Thumb Code  2012  main.o(.text.main)
    _btod_d2e                                0x08005909   Thumb Code    62  btod.o(CL$$btod_d2e)
    _d2e_denorm_low                          0x08005947   Thumb Code    70  btod.o(CL$$btod_d2e_denorm_low)
    _d2e_norm_op1                            0x0800598d   Thumb Code    96  btod.o(CL$$btod_d2e_norm_op1)
    __btod_div_common                        0x080059ed   Thumb Code   696  btod.o(CL$$btod_div_common)
    _e2e                                     0x08005d25   Thumb Code   220  btod.o(CL$$btod_e2e)
    _btod_ediv                               0x08005e01   Thumb Code    42  btod.o(CL$$btod_ediv)
    _btod_emul                               0x08005e2b   Thumb Code    42  btod.o(CL$$btod_emul)
    __btod_mult_common                       0x08005e55   Thumb Code   580  btod.o(CL$$btod_mult_common)
    __ARM_fpclassify                         0x08006099   Thumb Code    48  fpclassify.o(i.__ARM_fpclassify)
    _is_digit                                0x080060c9   Thumb Code    14  __printf_wp.o(i._is_digit)
    _get_lc_numeric                          0x080060d9   Thumb Code    44  lc_numeric_c.o(locale$$code)
    __aeabi_d2uiz                            0x08006105   Thumb Code     0  dfixu.o(x$fpl$dfixu)
    _dfixu                                   0x08006105   Thumb Code    90  dfixu.o(x$fpl$dfixu)
    __aeabi_ui2d                             0x0800615f   Thumb Code     0  dflt_clz.o(x$fpl$dfltu)
    _dfltu                                   0x0800615f   Thumb Code    38  dflt_clz.o(x$fpl$dfltu)
    __aeabi_dmul                             0x08006185   Thumb Code     0  dmul.o(x$fpl$dmul)
    _dmul                                    0x08006185   Thumb Code   332  dmul.o(x$fpl$dmul)
    __fpl_dnaninf                            0x080062d9   Thumb Code   156  dnaninf.o(x$fpl$dnaninf)
    __fpl_dretinf                            0x08006375   Thumb Code    12  dretinf.o(x$fpl$dretinf)
    __aeabi_f2d                              0x08006381   Thumb Code     0  f2d.o(x$fpl$f2d)
    _f2d                                     0x08006381   Thumb Code    86  f2d.o(x$fpl$f2d)
    __fpl_fnaninf                            0x080063d7   Thumb Code   140  fnaninf.o(x$fpl$fnaninf)
    _fp_init                                 0x08006463   Thumb Code    26  fpinit.o(x$fpl$fpinit)
    __fplib_config_fpu_vfp                   0x0800647b   Thumb Code     0  fpinit.o(x$fpl$fpinit)
    __fplib_config_pureend_doubles           0x0800647b   Thumb Code     0  fpinit.o(x$fpl$fpinit)
    _printf_fp_dec                           0x0800647d   Thumb Code     4  printf1.o(x$fpl$printf1)
    __I$use$fp                               0x08006480   Number         0  usenofp.o(x$fpl$usenofp)
    AHBPrescTable                            0x08006514   Data          16  system_stm32f4xx.o(.rodata.AHBPrescTable)
    APBPrescTable                            0x08006524   Data           8  system_stm32f4xx.o(.rodata.APBPrescTable)
    Region$$Table$$Base                      0x08006584   Number         0  anon$$obj.o(Region$$Table)
    Region$$Table$$Limit                     0x080065a4   Number         0  anon$$obj.o(Region$$Table)
    turn_direction                           0x20000000   Data           1  main.o(.data..L_MergedGlobals)
    connection_msg                           0x20000001   Data          12  main.o(.data..L_MergedGlobals)
    uwTickFreq                               0x20000010   Data           1  stm32f4xx_hal.o(.data..L_MergedGlobals)
    uwTickPrio                               0x20000014   Data           4  stm32f4xx_hal.o(.data..L_MergedGlobals)
    SystemCoreClock                          0x20000018   Data           4  system_stm32f4xx.o(.data.SystemCoreClock)
    __libspace_start                         0x20000020   Data          96  libspace.o(.bss)
    __temporary_stack_top$libspace           0x20000080   Data           0  libspace.o(.bss)
    bluetooth_rx_data                        0x20000080   Data           1  main.o(.bss..L_MergedGlobals.9)
    target_direction                         0x20000081   Data           1  main.o(.bss..L_MergedGlobals.9)
    current_direction                        0x20000082   Data           1  main.o(.bss..L_MergedGlobals.9)
    bluetooth_connected                      0x20000083   Data           1  main.o(.bss..L_MergedGlobals.9)
    connection_announced                     0x20000084   Data           1  main.o(.bss..L_MergedGlobals.9)
    is_turning                               0x20000085   Data           1  main.o(.bss..L_MergedGlobals.9)
    turn_state                               0x20000086   Data           1  main.o(.bss..L_MergedGlobals.9)
    lidar_state                              0x20000087   Data           1  main.o(.bss..L_MergedGlobals.9)
    lidar_start_resp_idx                     0x20000088   Data           1  main.o(.bss..L_MergedGlobals.9)
    mpu_init_ok                              0x20000089   Data           1  main.o(.bss..L_MergedGlobals.9)
    current_speed                            0x2000008c   Data           4  main.o(.bss..L_MergedGlobals.9)
    target_speed                             0x20000090   Data           4  main.o(.bss..L_MergedGlobals.9)
    last_speed_update_time                   0x20000094   Data           4  main.o(.bss..L_MergedGlobals.9)
    turn_start_time                          0x20000098   Data           4  main.o(.bss..L_MergedGlobals.9)
    lastEncoderA                             0x2000009c   Data           4  main.o(.bss..L_MergedGlobals.9)
    lastEncoderB                             0x200000a0   Data           4  main.o(.bss..L_MergedGlobals.9)
    lidar_rxIndex                            0x200000a4   Data           4  main.o(.bss..L_MergedGlobals.9)
    lastLidarRxTime                          0x200000a8   Data           4  main.o(.bss..L_MergedGlobals.9)
    lastLidarProcessTime                     0x200000ac   Data           4  main.o(.bss..L_MergedGlobals.9)
    lastSensorSendTime                       0x200000b0   Data           4  main.o(.bss..L_MergedGlobals.9)
    lastEncoderReadTime                      0x200000b4   Data           4  main.o(.bss..L_MergedGlobals.9)
    lastMPUReadTime                          0x200000b8   Data           4  main.o(.bss..L_MergedGlobals.9)
    lidar_start_resp_buf                     0x200000cd   Data           7  main.o(.bss..L_MergedGlobals.9)
    hadc1                                    0x200000d4   Data          72  adc.o(.bss.hadc1)
    hdma_usart1_rx                           0x2000011c   Data          96  usart.o(.bss.hdma_usart1_rx)
    hdma_usart1_tx                           0x2000017c   Data          96  usart.o(.bss.hdma_usart1_tx)
    hdma_usart6_rx                           0x200001dc   Data          96  usart.o(.bss.hdma_usart6_rx)
    hdma_usart6_tx                           0x2000023c   Data          96  usart.o(.bss.hdma_usart6_tx)
    hi2c1                                    0x2000029c   Data          84  i2c.o(.bss.hi2c1)
    htim2                                    0x200002f0   Data          72  tim.o(.bss.htim2)
    htim3                                    0x20000338   Data          72  tim.o(.bss.htim3)
    htim4                                    0x20000380   Data          72  tim.o(.bss.htim4)
    huart1                                   0x200003c8   Data          72  usart.o(.bss.huart1)
    huart6                                   0x20000410   Data          72  usart.o(.bss.huart6)
    lastLidarAngle                           0x20000458   Data           4  main.o(.bss.lastLidarAngle)
    lidar_dma_buffer                         0x2000045c   Data         256  main.o(.bss.lidar_dma_buffer)
    mpu_calib                                0x2000055c   Data          52  main.o(.bss.mpu_calib)
    uart_buf                                 0x20000590   Data         100  main.o(.bss.uart_buf)
    uwTick                                   0x200005f4   Data           4  stm32f4xx_hal.o(.bss.uwTick)



==============================================================================

Memory Map of the image

  Image Entry point : 0x080001c5

  Load Region LR_IROM1 (Base: 0x08000000, Size: 0x000065e0, Max: 0x00080000, ABSOLUTE)

    Execution Region ER_IROM1 (Exec base: 0x08000000, Load base: 0x08000000, Size: 0x000065c0, Max: 0x00080000, ABSOLUTE)

    Exec Addr    Load Addr    Size         Type   Attr      Idx    E Section Name        Object

    0x08000000   0x08000000   0x000001c4   Data   RO            3    RESET               startup_stm32f446xx.o
    0x080001c4   0x080001c4   0x00000008   Code   RO         1374  * !!!main             c_w.l(__main.o)
    0x080001cc   0x080001cc   0x0000005c   Code   RO         1634    !!!scatter          c_w.l(__scatter.o)
    0x08000228   0x08000228   0x0000001a   Code   RO         1638    !!handler_copy      c_w.l(__scatter_copy.o)
    0x08000242   0x08000242   0x00000002   PAD
    0x08000244   0x08000244   0x00000002   Code   RO         1635    !!handler_null      c_w.l(__scatter.o)
    0x08000246   0x08000246   0x00000002   PAD
    0x08000248   0x08000248   0x0000001c   Code   RO         1640    !!handler_zi        c_w.l(__scatter_zi.o)
    0x08000264   0x08000264   0x00000000   Code   RO         1369    .ARM.Collect$$_printf_percent$$00000000  c_w.l(_printf_percent.o)
    0x08000264   0x08000264   0x00000006   Code   RO         1368    .ARM.Collect$$_printf_percent$$00000003  c_w.l(_printf_f.o)
    0x0800026a   0x0800026a   0x00000006   Code   RO         1366    .ARM.Collect$$_printf_percent$$00000009  c_w.l(_printf_d.o)
    0x08000270   0x08000270   0x00000006   Code   RO         1367    .ARM.Collect$$_printf_percent$$0000000A  c_w.l(_printf_u.o)
    0x08000276   0x08000276   0x00000004   Code   RO         1407    .ARM.Collect$$_printf_percent$$00000017  c_w.l(_printf_percent_end.o)
    0x0800027a   0x0800027a   0x00000002   Code   RO         1497    .ARM.Collect$$libinit$$00000000  c_w.l(libinit.o)
    0x0800027c   0x0800027c   0x00000004   Code   RO         1498    .ARM.Collect$$libinit$$00000001  c_w.l(libinit2.o)
    0x08000280   0x08000280   0x00000000   Code   RO         1501    .ARM.Collect$$libinit$$00000004  c_w.l(libinit2.o)
    0x08000280   0x08000280   0x00000000   Code   RO         1503    .ARM.Collect$$libinit$$00000006  c_w.l(libinit2.o)
    0x08000280   0x08000280   0x00000000   Code   RO         1506    .ARM.Collect$$libinit$$0000000C  c_w.l(libinit2.o)
    0x08000280   0x08000280   0x00000000   Code   RO         1508    .ARM.Collect$$libinit$$0000000E  c_w.l(libinit2.o)
    0x08000280   0x08000280   0x00000000   Code   RO         1510    .ARM.Collect$$libinit$$00000010  c_w.l(libinit2.o)
    0x08000280   0x08000280   0x00000006   Code   RO         1511    .ARM.Collect$$libinit$$00000011  c_w.l(libinit2.o)
    0x08000286   0x08000286   0x00000000   Code   RO         1513    .ARM.Collect$$libinit$$00000013  c_w.l(libinit2.o)
    0x08000286   0x08000286   0x00000000   Code   RO         1515    .ARM.Collect$$libinit$$00000015  c_w.l(libinit2.o)
    0x08000286   0x08000286   0x00000000   Code   RO         1517    .ARM.Collect$$libinit$$00000017  c_w.l(libinit2.o)
    0x08000286   0x08000286   0x0000000a   Code   RO         1518    .ARM.Collect$$libinit$$00000018  c_w.l(libinit2.o)
    0x08000290   0x08000290   0x00000000   Code   RO         1519    .ARM.Collect$$libinit$$00000019  c_w.l(libinit2.o)
    0x08000290   0x08000290   0x00000000   Code   RO         1521    .ARM.Collect$$libinit$$0000001B  c_w.l(libinit2.o)
    0x08000290   0x08000290   0x00000000   Code   RO         1523    .ARM.Collect$$libinit$$0000001D  c_w.l(libinit2.o)
    0x08000290   0x08000290   0x00000000   Code   RO         1525    .ARM.Collect$$libinit$$0000001F  c_w.l(libinit2.o)
    0x08000290   0x08000290   0x00000000   Code   RO         1527    .ARM.Collect$$libinit$$00000021  c_w.l(libinit2.o)
    0x08000290   0x08000290   0x00000000   Code   RO         1529    .ARM.Collect$$libinit$$00000023  c_w.l(libinit2.o)
    0x08000290   0x08000290   0x00000000   Code   RO         1531    .ARM.Collect$$libinit$$00000025  c_w.l(libinit2.o)
    0x08000290   0x08000290   0x00000000   Code   RO         1533    .ARM.Collect$$libinit$$00000027  c_w.l(libinit2.o)
    0x08000290   0x08000290   0x00000000   Code   RO         1537    .ARM.Collect$$libinit$$0000002E  c_w.l(libinit2.o)
    0x08000290   0x08000290   0x00000000   Code   RO         1539    .ARM.Collect$$libinit$$00000030  c_w.l(libinit2.o)
    0x08000290   0x08000290   0x00000000   Code   RO         1541    .ARM.Collect$$libinit$$00000032  c_w.l(libinit2.o)
    0x08000290   0x08000290   0x00000000   Code   RO         1543    .ARM.Collect$$libinit$$00000034  c_w.l(libinit2.o)
    0x08000290   0x08000290   0x00000002   Code   RO         1544    .ARM.Collect$$libinit$$00000035  c_w.l(libinit2.o)
    0x08000292   0x08000292   0x00000002   Code   RO         1599    .ARM.Collect$$libshutdown$$00000000  c_w.l(libshutdown.o)
    0x08000294   0x08000294   0x00000000   Code   RO         1617    .ARM.Collect$$libshutdown$$00000002  c_w.l(libshutdown2.o)
    0x08000294   0x08000294   0x00000000   Code   RO         1619    .ARM.Collect$$libshutdown$$00000004  c_w.l(libshutdown2.o)
    0x08000294   0x08000294   0x00000000   Code   RO         1622    .ARM.Collect$$libshutdown$$00000007  c_w.l(libshutdown2.o)
    0x08000294   0x08000294   0x00000000   Code   RO         1625    .ARM.Collect$$libshutdown$$0000000A  c_w.l(libshutdown2.o)
    0x08000294   0x08000294   0x00000000   Code   RO         1627    .ARM.Collect$$libshutdown$$0000000C  c_w.l(libshutdown2.o)
    0x08000294   0x08000294   0x00000000   Code   RO         1630    .ARM.Collect$$libshutdown$$0000000F  c_w.l(libshutdown2.o)
    0x08000294   0x08000294   0x00000002   Code   RO         1631    .ARM.Collect$$libshutdown$$00000010  c_w.l(libshutdown2.o)
    0x08000296   0x08000296   0x00000000   Code   RO         1392    .ARM.Collect$$rtentry$$00000000  c_w.l(__rtentry.o)
    0x08000296   0x08000296   0x00000000   Code   RO         1416    .ARM.Collect$$rtentry$$00000002  c_w.l(__rtentry2.o)
    0x08000296   0x08000296   0x00000006   Code   RO         1428    .ARM.Collect$$rtentry$$00000004  c_w.l(__rtentry4.o)
    0x0800029c   0x0800029c   0x00000000   Code   RO         1418    .ARM.Collect$$rtentry$$00000009  c_w.l(__rtentry2.o)
    0x0800029c   0x0800029c   0x00000004   Code   RO         1419    .ARM.Collect$$rtentry$$0000000A  c_w.l(__rtentry2.o)
    0x080002a0   0x080002a0   0x00000000   Code   RO         1421    .ARM.Collect$$rtentry$$0000000C  c_w.l(__rtentry2.o)
    0x080002a0   0x080002a0   0x00000008   Code   RO         1422    .ARM.Collect$$rtentry$$0000000D  c_w.l(__rtentry2.o)
    0x080002a8   0x080002a8   0x00000002   Code   RO         1545    .ARM.Collect$$rtexit$$00000000  c_w.l(rtexit.o)
    0x080002aa   0x080002aa   0x00000000   Code   RO         1564    .ARM.Collect$$rtexit$$00000002  c_w.l(rtexit2.o)
    0x080002aa   0x080002aa   0x00000004   Code   RO         1565    .ARM.Collect$$rtexit$$00000003  c_w.l(rtexit2.o)
    0x080002ae   0x080002ae   0x00000006   Code   RO         1566    .ARM.Collect$$rtexit$$00000004  c_w.l(rtexit2.o)
    0x080002b4   0x080002b4   0x00000040   Code   RO            4    .text               startup_stm32f446xx.o
    0x080002f4   0x080002f4   0x000000f0   Code   RO         1336    .text               c_w.l(lludivv7m.o)
    0x080003e4   0x080003e4   0x00000040   Code   RO         1338    .text               c_w.l(__2snprintf.o)
    0x08000424   0x08000424   0x00000078   Code   RO         1344    .text               c_w.l(_printf_dec.o)
    0x0800049c   0x0800049c   0x00000160   Code   RO         1361    .text               c_w.l(__printf_ss_wp.o)
    0x080005fc   0x080005fc   0x0000003e   Code   RO         1370    .text               c_w.l(strlen.o)
    0x0800063a   0x0800063a   0x00000006   Code   RO         1372    .text               c_w.l(heapauxi.o)
    0x08000640   0x08000640   0x000000b2   Code   RO         1397    .text               c_w.l(_printf_intcommon.o)
    0x080006f2   0x080006f2   0x0000041c   Code   RO         1399    .text               c_w.l(_printf_fp_dec.o)
    0x08000b0e   0x08000b0e   0x00000002   PAD
    0x08000b10   0x08000b10   0x00000030   Code   RO         1403    .text               c_w.l(_printf_char_common.o)
    0x08000b40   0x08000b40   0x00000010   Code   RO         1405    .text               c_w.l(_snputc.o)
    0x08000b50   0x08000b50   0x00000008   Code   RO         1435    .text               c_w.l(rt_locale_intlibspace.o)
    0x08000b58   0x08000b58   0x0000008a   Code   RO         1437    .text               c_w.l(lludiv10.o)
    0x08000be2   0x08000be2   0x00000002   PAD
    0x08000be4   0x08000be4   0x00000080   Code   RO         1439    .text               c_w.l(_printf_fp_infnan.o)
    0x08000c64   0x08000c64   0x000000e4   Code   RO         1443    .text               c_w.l(bigflt0.o)
    0x08000d48   0x08000d48   0x00000008   Code   RO         1477    .text               c_w.l(libspace.o)
    0x08000d50   0x08000d50   0x0000004a   Code   RO         1480    .text               c_w.l(sys_stackheap_outer.o)
    0x08000d9a   0x08000d9a   0x00000012   Code   RO         1484    .text               c_w.l(exit.o)
    0x08000dac   0x08000dac   0x00000004   PAD
    0x08000db0   0x08000db0   0x0000007c   Code   RO         1490    .text               c_w.l(strcmpv7em.o)
    0x08000e2c   0x08000e2c   0x0000000c   Code   RO         1559    .text               c_w.l(sys_exit.o)
    0x08000e38   0x08000e38   0x00000002   Code   RO         1586    .text               c_w.l(use_no_semi.o)
    0x08000e3a   0x08000e3a   0x00000000   Code   RO         1588    .text               c_w.l(indicate_semi.o)
    0x08000e3a   0x08000e3a   0x00000002   PAD
    0x08000e3c   0x08000e3c   0x00000002   Code   RO          170    .text.BusFault_Handler  stm32f4xx_it.o
    0x08000e3e   0x08000e3e   0x00000002   PAD
    0x08000e40   0x08000e40   0x0000000c   Code   RO          184    .text.DMA2_Stream1_IRQHandler  stm32f4xx_it.o
    0x08000e4c   0x08000e4c   0x0000000c   Code   RO          186    .text.DMA2_Stream2_IRQHandler  stm32f4xx_it.o
    0x08000e58   0x08000e58   0x0000000c   Code   RO          188    .text.DMA2_Stream6_IRQHandler  stm32f4xx_it.o
    0x08000e64   0x08000e64   0x0000000c   Code   RO          190    .text.DMA2_Stream7_IRQHandler  stm32f4xx_it.o
    0x08000e70   0x08000e70   0x00000002   Code   RO          176    .text.DebugMon_Handler  stm32f4xx_it.o
    0x08000e72   0x08000e72   0x00000002   PAD
    0x08000e74   0x08000e74   0x00000006   Code   RO           47    .text.Error_Handler  main.o
    0x08000e7a   0x08000e7a   0x00000002   PAD
    0x08000e7c   0x08000e7c   0x00000170   Code   RO          249    .text.HAL_ADC_ConfigChannel  stm32f4xx_hal_adc.o
    0x08000fec   0x08000fec   0x00000006   Code   RO          245    .text.HAL_ADC_GetValue  stm32f4xx_hal_adc.o
    0x08000ff2   0x08000ff2   0x00000002   PAD
    0x08000ff4   0x08000ff4   0x0000015e   Code   RO          207    .text.HAL_ADC_Init  stm32f4xx_hal_adc.o
    0x08001152   0x08001152   0x00000002   PAD
    0x08001154   0x08001154   0x00000064   Code   RO           78    .text.HAL_ADC_MspInit  adc.o
    0x080011b8   0x080011b8   0x000000fe   Code   RO          219    .text.HAL_ADC_PollForConversion  stm32f4xx_hal_adc.o
    0x080012b6   0x080012b6   0x00000002   PAD
    0x080012b8   0x080012b8   0x0000015a   Code   RO          215    .text.HAL_ADC_Start  stm32f4xx_hal_adc.o
    0x08001412   0x08001412   0x00000002   PAD
    0x08001414   0x08001414   0x0000008e   Code   RO          494    .text.HAL_DMA_Abort  stm32f4xx_hal_dma.o
    0x080014a2   0x080014a2   0x00000002   PAD
    0x080014a4   0x080014a4   0x00000024   Code   RO          496    .text.HAL_DMA_Abort_IT  stm32f4xx_hal_dma.o
    0x080014c8   0x080014c8   0x000001c0   Code   RO          500    .text.HAL_DMA_IRQHandler  stm32f4xx_hal_dma.o
    0x08001688   0x08001688   0x00000162   Code   RO          486    .text.HAL_DMA_Init  stm32f4xx_hal_dma.o
    0x080017ea   0x080017ea   0x00000002   PAD
    0x080017ec   0x080017ec   0x000000a2   Code   RO          492    .text.HAL_DMA_Start_IT  stm32f4xx_hal_dma.o
    0x0800188e   0x0800188e   0x00000002   PAD
    0x08001890   0x08001890   0x00000028   Code   RO          659    .text.HAL_Delay     stm32f4xx_hal.o
    0x080018b8   0x080018b8   0x0000019e   Code   RO          448    .text.HAL_GPIO_Init  stm32f4xx_hal_gpio.o
    0x08001a56   0x08001a56   0x00000002   PAD
    0x08001a58   0x08001a58   0x0000000a   Code   RO          454    .text.HAL_GPIO_WritePin  stm32f4xx_hal_gpio.o
    0x08001a62   0x08001a62   0x00000002   PAD
    0x08001a64   0x08001a64   0x0000000c   Code   RO          651    .text.HAL_GetTick   stm32f4xx_hal.o
    0x08001a70   0x08001a70   0x00000164   Code   RO          729    .text.HAL_I2C_Init  stm32f4xx_hal_i2c.o
    0x08001bd4   0x08001bd4   0x00000258   Code   RO          777    .text.HAL_I2C_Mem_Read  stm32f4xx_hal_i2c.o
    0x08001e2c   0x08001e2c   0x0000015c   Code   RO          773    .text.HAL_I2C_Mem_Write  stm32f4xx_hal_i2c.o
    0x08001f88   0x08001f88   0x0000006c   Code   RO          102    .text.HAL_I2C_MspInit  i2c.o
    0x08001ff4   0x08001ff4   0x0000001a   Code   RO          649    .text.HAL_IncTick   stm32f4xx_hal.o
    0x0800200e   0x0800200e   0x00000002   PAD
    0x08002010   0x08002010   0x00000036   Code   RO          639    .text.HAL_Init      stm32f4xx_hal.o
    0x08002046   0x08002046   0x00000002   PAD
    0x08002048   0x08002048   0x00000048   Code   RO          641    .text.HAL_InitTick  stm32f4xx_hal.o
    0x08002090   0x08002090   0x0000003c   Code   RO          199    .text.HAL_MspInit   stm32f4xx_hal_msp.o
    0x080020cc   0x080020cc   0x00000022   Code   RO          591    .text.HAL_NVIC_EnableIRQ  stm32f4xx_hal_cortex.o
    0x080020ee   0x080020ee   0x00000002   PAD
    0x080020f0   0x080020f0   0x00000056   Code   RO          589    .text.HAL_NVIC_SetPriority  stm32f4xx_hal_cortex.o
    0x08002146   0x08002146   0x00000002   PAD
    0x08002148   0x08002148   0x00000020   Code   RO          587    .text.HAL_NVIC_SetPriorityGrouping  stm32f4xx_hal_cortex.o
    0x08002168   0x08002168   0x0000007a   Code   RO          573    .text.HAL_PWREx_EnableOverDrive  stm32f4xx_hal_pwr_ex.o
    0x080021e2   0x080021e2   0x00000002   PAD
    0x080021e4   0x080021e4   0x00000164   Code   RO          308    .text.HAL_RCC_ClockConfig  stm32f4xx_hal_rcc.o
    0x08002348   0x08002348   0x00000026   Code   RO          320    .text.HAL_RCC_GetPCLK1Freq  stm32f4xx_hal_rcc.o
    0x0800236e   0x0800236e   0x00000002   PAD
    0x08002370   0x08002370   0x00000026   Code   RO          322    .text.HAL_RCC_GetPCLK2Freq  stm32f4xx_hal_rcc.o
    0x08002396   0x08002396   0x00000002   PAD
    0x08002398   0x08002398   0x000000a2   Code   RO          356    .text.HAL_RCC_GetSysClockFreq  stm32f4xx_hal_rcc_ex.o
    0x0800243a   0x0800243a   0x00000002   PAD
    0x0800243c   0x0800243c   0x000003e0   Code   RO          360    .text.HAL_RCC_OscConfig  stm32f4xx_hal_rcc_ex.o
    0x0800281c   0x0800281c   0x0000002c   Code   RO          599    .text.HAL_SYSTICK_Config  stm32f4xx_hal_cortex.o
    0x08002848   0x08002848   0x000000ba   Code   RO         1174    .text.HAL_TIMEx_MasterConfigSynchronization  stm32f4xx_hal_tim_ex.o
    0x08002902   0x08002902   0x00000002   PAD
    0x08002904   0x08002904   0x000000b2   Code   RO          993    .text.HAL_TIM_Encoder_Init  stm32f4xx_hal_tim.o
    0x080029b6   0x080029b6   0x00000002   PAD
    0x080029b8   0x080029b8   0x000000ba   Code   RO          123    .text.HAL_TIM_Encoder_MspInit  tim.o
    0x08002a72   0x08002a72   0x00000002   PAD
    0x08002a74   0x08002a74   0x000000bc   Code   RO         1001    .text.HAL_TIM_Encoder_Start  stm32f4xx_hal_tim.o
    0x08002b30   0x08002b30   0x00000224   Code   RO         1033    .text.HAL_TIM_PWM_ConfigChannel  stm32f4xx_hal_tim.o
    0x08002d54   0x08002d54   0x0000005a   Code   RO          933    .text.HAL_TIM_PWM_Init  stm32f4xx_hal_tim.o
    0x08002dae   0x08002dae   0x00000002   PAD
    0x08002db0   0x08002db0   0x00000034   Code   RO          125    .text.HAL_TIM_PWM_MspInit  tim.o
    0x08002de4   0x08002de4   0x0000011e   Code   RO          941    .text.HAL_TIM_PWM_Start  stm32f4xx_hal_tim.o
    0x08002f02   0x08002f02   0x00000002   PAD
    0x08002f04   0x08002f04   0x00000002   Code   RO         1284    .text.HAL_UARTEx_RxEventCallback  stm32f4xx_hal_uart.o
    0x08002f06   0x08002f06   0x00000002   PAD
    0x08002f08   0x08002f08   0x00000002   Code   RO         1282    .text.HAL_UART_ErrorCallback  stm32f4xx_hal_uart.o
    0x08002f0a   0x08002f0a   0x00000002   PAD
    0x08002f0c   0x08002f0c   0x00000588   Code   RO         1276    .text.HAL_UART_IRQHandler  stm32f4xx_hal_uart.o
    0x08003494   0x08003494   0x00000060   Code   RO         1198    .text.HAL_UART_Init  stm32f4xx_hal_uart.o
    0x080034f4   0x080034f4   0x000001ee   Code   RO          146    .text.HAL_UART_MspInit  usart.o
    0x080036e2   0x080036e2   0x00000002   PAD
    0x080036e4   0x080036e4   0x0000017a   Code   RO         1232    .text.HAL_UART_Receive_DMA  stm32f4xx_hal_uart.o
    0x0800385e   0x0800385e   0x00000002   PAD
    0x08003860   0x08003860   0x00000054   Code   RO         1220    .text.HAL_UART_Receive_IT  stm32f4xx_hal_uart.o
    0x080038b4   0x080038b4   0x00000060   Code   RO           11    .text.HAL_UART_RxCpltCallback  main.o
    0x08003914   0x08003914   0x00000002   Code   RO         1292    .text.HAL_UART_RxHalfCpltCallback  stm32f4xx_hal_uart.o
    0x08003916   0x08003916   0x00000002   PAD
    0x08003918   0x08003918   0x00000178   Code   RO         1214    .text.HAL_UART_Transmit  stm32f4xx_hal_uart.o
    0x08003a90   0x08003a90   0x00000002   Code   RO         1286    .text.HAL_UART_TxCpltCallback  stm32f4xx_hal_uart.o
    0x08003a92   0x08003a92   0x00000002   PAD
    0x08003a94   0x08003a94   0x00000002   Code   RO          166    .text.HardFault_Handler  stm32f4xx_it.o
    0x08003a96   0x08003a96   0x00000002   PAD
    0x08003a98   0x08003a98   0x00000112   Code   RO          779    .text.I2C_RequestMemoryRead  stm32f4xx_hal_i2c.o
    0x08003baa   0x08003baa   0x00000002   PAD
    0x08003bac   0x08003bac   0x000000c8   Code   RO          775    .text.I2C_RequestMemoryWrite  stm32f4xx_hal_i2c.o
    0x08003c74   0x08003c74   0x000000ba   Code   RO          743    .text.I2C_WaitOnBTFFlagUntilTimeout  stm32f4xx_hal_i2c.o
    0x08003d2e   0x08003d2e   0x00000002   PAD
    0x08003d30   0x08003d30   0x000001ca   Code   RO          739    .text.I2C_WaitOnFlagUntilTimeout  stm32f4xx_hal_i2c.o
    0x08003efa   0x08003efa   0x00000002   PAD
    0x08003efc   0x08003efc   0x000000d6   Code   RO          857    .text.I2C_WaitOnMasterAddressFlagUntilTimeout  stm32f4xx_hal_i2c.o
    0x08003fd2   0x08003fd2   0x00000002   PAD
    0x08003fd4   0x08003fd4   0x00000090   Code   RO          747    .text.I2C_WaitOnRXNEFlagUntilTimeout  stm32f4xx_hal_i2c.o
    0x08004064   0x08004064   0x000000ba   Code   RO          741    .text.I2C_WaitOnTXEFlagUntilTimeout  stm32f4xx_hal_i2c.o
    0x0800411e   0x0800411e   0x00000002   PAD
    0x08004120   0x08004120   0x00000144   Code   RO           29    .text.MPU6500_Calibrate  main.o
    0x08004264   0x08004264   0x0000006c   Code   RO           76    .text.MX_ADC1_Init  adc.o
    0x080042d0   0x080042d0   0x00000068   Code   RO           91    .text.MX_DMA_Init   dma.o
    0x08004338   0x08004338   0x000000a2   Code   RO           66    .text.MX_GPIO_Init  gpio.o
    0x080043da   0x080043da   0x00000002   PAD
    0x080043dc   0x080043dc   0x00000042   Code   RO          100    .text.MX_I2C1_Init  i2c.o
    0x0800441e   0x0800441e   0x00000002   PAD
    0x08004420   0x08004420   0x00000062   Code   RO          115    .text.MX_TIM2_Init  tim.o
    0x08004482   0x08004482   0x00000002   PAD
    0x08004484   0x08004484   0x00000136   Code   RO          117    .text.MX_TIM3_Init  tim.o
    0x080045ba   0x080045ba   0x00000002   PAD
    0x080045bc   0x080045bc   0x00000066   Code   RO          121    .text.MX_TIM4_Init  tim.o
    0x08004622   0x08004622   0x00000002   PAD
    0x08004624   0x08004624   0x0000003c   Code   RO          142    .text.MX_USART1_UART_Init  usart.o
    0x08004660   0x08004660   0x0000003c   Code   RO          144    .text.MX_USART6_UART_Init  usart.o
    0x0800469c   0x0800469c   0x00000002   Code   RO          168    .text.MemManage_Handler  stm32f4xx_it.o
    0x0800469e   0x0800469e   0x00000002   PAD
    0x080046a0   0x080046a0   0x00000002   Code   RO          164    .text.NMI_Handler   stm32f4xx_it.o
    0x080046a2   0x080046a2   0x00000002   PAD
    0x080046a4   0x080046a4   0x00000002   Code   RO          178    .text.PendSV_Handler  stm32f4xx_it.o
    0x080046a6   0x080046a6   0x00000002   PAD
    0x080046a8   0x080046a8   0x000001c8   Code   RO           23    .text.ProcessLidarDataFromDMA  main.o
    0x08004870   0x08004870   0x000000fc   Code   RO           19    .text.ProcessLidarSampleData  main.o
    0x0800496c   0x0800496c   0x00000002   Code   RO          174    .text.SVC_Handler   stm32f4xx_it.o
    0x0800496e   0x0800496e   0x00000002   PAD
    0x08004970   0x08004970   0x00000004   Code   RO          180    .text.SysTick_Handler  stm32f4xx_it.o
    0x08004974   0x08004974   0x000000b8   Code   RO           45    .text.SystemClock_Config  main.o
    0x08004a2c   0x08004a2c   0x00000012   Code   RO         1320    .text.SystemInit    system_stm32f4xx.o
    0x08004a3e   0x08004a3e   0x00000002   PAD
    0x08004a40   0x08004a40   0x00000142   Code   RO          883    .text.TIM_Base_SetConfig  stm32f4xx_hal_tim.o
    0x08004b82   0x08004b82   0x00000002   PAD
    0x08004b84   0x08004b84   0x0000000a   Code   RO         1280    .text.UART_DMAAbortOnError  stm32f4xx_hal_uart.o
    0x08004b8e   0x08004b8e   0x00000002   PAD
    0x08004b90   0x08004b90   0x0000017c   Code   RO         1230    .text.UART_DMAError  stm32f4xx_hal_uart.o
    0x08004d0c   0x08004d0c   0x0000015e   Code   RO         1308    .text.UART_DMAReceiveCplt  stm32f4xx_hal_uart.o
    0x08004e6a   0x08004e6a   0x00000002   PAD
    0x08004e6c   0x08004e6c   0x00000018   Code   RO         1310    .text.UART_DMARxHalfCplt  stm32f4xx_hal_uart.o
    0x08004e84   0x08004e84   0x000000fe   Code   RO         1278    .text.UART_Receive_IT  stm32f4xx_hal_uart.o
    0x08004f82   0x08004f82   0x00000002   PAD
    0x08004f84   0x08004f84   0x000000ee   Code   RO         1202    .text.UART_SetConfig  stm32f4xx_hal_uart.o
    0x08005072   0x08005072   0x00000002   PAD
    0x08005074   0x08005074   0x0000000c   Code   RO          182    .text.USART1_IRQHandler  stm32f4xx_it.o
    0x08005080   0x08005080   0x00000002   Code   RO          172    .text.UsageFault_Handler  stm32f4xx_it.o
    0x08005082   0x08005082   0x00000006   PAD
    0x08005088   0x08005088   0x00000880   Code   RO           43    .text.main          main.o
    0x08005908   0x08005908   0x0000003e   Code   RO         1446    CL$$btod_d2e        c_w.l(btod.o)
    0x08005946   0x08005946   0x00000046   Code   RO         1448    CL$$btod_d2e_denorm_low  c_w.l(btod.o)
    0x0800598c   0x0800598c   0x00000060   Code   RO         1447    CL$$btod_d2e_norm_op1  c_w.l(btod.o)
    0x080059ec   0x080059ec   0x00000338   Code   RO         1456    CL$$btod_div_common  c_w.l(btod.o)
    0x08005d24   0x08005d24   0x000000dc   Code   RO         1453    CL$$btod_e2e        c_w.l(btod.o)
    0x08005e00   0x08005e00   0x0000002a   Code   RO         1450    CL$$btod_ediv       c_w.l(btod.o)
    0x08005e2a   0x08005e2a   0x0000002a   Code   RO         1449    CL$$btod_emul       c_w.l(btod.o)
    0x08005e54   0x08005e54   0x00000244   Code   RO         1455    CL$$btod_mult_common  c_w.l(btod.o)
    0x08006098   0x08006098   0x00000030   Code   RO         1475    i.__ARM_fpclassify  m_wm.l(fpclassify.o)
    0x080060c8   0x080060c8   0x0000000e   Code   RO         1356    i._is_digit         c_w.l(__printf_wp.o)
    0x080060d6   0x080060d6   0x00000002   PAD
    0x080060d8   0x080060d8   0x0000002c   Code   RO         1471    locale$$code        c_w.l(lc_numeric_c.o)
    0x08006104   0x08006104   0x0000005a   Code   RO         1376    x$fpl$dfixu         fz_wm.l(dfixu.o)
    0x0800615e   0x0800615e   0x00000026   Code   RO         1380    x$fpl$dfltu         fz_wm.l(dflt_clz.o)
    0x08006184   0x08006184   0x00000154   Code   RO         1386    x$fpl$dmul          fz_wm.l(dmul.o)
    0x080062d8   0x080062d8   0x0000009c   Code   RO         1408    x$fpl$dnaninf       fz_wm.l(dnaninf.o)
    0x08006374   0x08006374   0x0000000c   Code   RO         1410    x$fpl$dretinf       fz_wm.l(dretinf.o)
    0x08006380   0x08006380   0x00000056   Code   RO         1388    x$fpl$f2d           fz_wm.l(f2d.o)
    0x080063d6   0x080063d6   0x0000008c   Code   RO         1412    x$fpl$fnaninf       fz_wm.l(fnaninf.o)
    0x08006462   0x08006462   0x0000001a   Code   RO         1557    x$fpl$fpinit        fz_wm.l(fpinit.o)
    0x0800647c   0x0800647c   0x00000004   Code   RO         1390    x$fpl$printf1       fz_wm.l(printf1.o)
    0x08006480   0x08006480   0x00000000   Code   RO         1414    x$fpl$usenofp       fz_wm.l(usenofp.o)
    0x08006480   0x08006480   0x00000094   Data   RO         1444    .constdata          c_w.l(bigflt0.o)
    0x08006514   0x08006514   0x00000010   Data   RO         1325    .rodata.AHBPrescTable  system_stm32f4xx.o
    0x08006524   0x08006524   0x00000008   Data   RO         1326    .rodata.APBPrescTable  system_stm32f4xx.o
    0x0800652c   0x0800652c   0x00000008   Data   RO          510    .rodata.cst8        stm32f4xx_hal_dma.o
    0x08006534   0x08006534   0x0000004f   Data   RO           52    .rodata.str1.1      main.o
    0x08006583   0x08006583   0x00000001   PAD
    0x08006584   0x08006584   0x00000020   Data   RO         1633    Region$$Table       anon$$obj.o
    0x080065a4   0x080065a4   0x0000001c   Data   RO         1470    locale$$data        c_w.l(lc_numeric_c.o)


    Execution Region RW_IRAM1 (Exec base: 0x20000000, Load base: 0x080065c0, Size: 0x00000bf8, Max: 0x00020000, ABSOLUTE)

    Exec Addr    Load Addr    Size         Type   Attr      Idx    E Section Name        Object

    0x20000000   0x080065c0   0x0000000d   Data   RW           56    .data..L_MergedGlobals  main.o
    0x2000000d   0x080065cd   0x00000003   PAD
    0x20000010   0x080065d0   0x00000008   Data   RW          694    .data..L_MergedGlobals  stm32f4xx_hal.o
    0x20000018   0x080065d8   0x00000004   Data   RW         1324    .data.SystemCoreClock  system_stm32f4xx.o
    0x2000001c   0x080065dc   0x00000004   PAD
    0x20000020        -       0x00000060   Zero   RW         1478    .bss                c_w.l(libspace.o)
    0x20000080        -       0x00000054   Zero   RW           57    .bss..L_MergedGlobals.9  main.o
    0x200000d4        -       0x00000048   Zero   RW           82    .bss.hadc1          adc.o
    0x2000011c        -       0x00000060   Zero   RW          152    .bss.hdma_usart1_rx  usart.o
    0x2000017c        -       0x00000060   Zero   RW          153    .bss.hdma_usart1_tx  usart.o
    0x200001dc        -       0x00000060   Zero   RW          154    .bss.hdma_usart6_rx  usart.o
    0x2000023c        -       0x00000060   Zero   RW          155    .bss.hdma_usart6_tx  usart.o
    0x2000029c        -       0x00000054   Zero   RW          106    .bss.hi2c1          i2c.o
    0x200002f0        -       0x00000048   Zero   RW          131    .bss.htim2          tim.o
    0x20000338        -       0x00000048   Zero   RW          132    .bss.htim3          tim.o
    0x20000380        -       0x00000048   Zero   RW          133    .bss.htim4          tim.o
    0x200003c8        -       0x00000048   Zero   RW          150    .bss.huart1         usart.o
    0x20000410        -       0x00000048   Zero   RW          151    .bss.huart6         usart.o
    0x20000458        -       0x00000004   Zero   RW           49    .bss.lastLidarAngle  main.o
    0x2000045c        -       0x00000100   Zero   RW           51    .bss.lidar_dma_buffer  main.o
    0x2000055c        -       0x00000034   Zero   RW           50    .bss.mpu_calib      main.o
    0x20000590        -       0x00000064   Zero   RW           53    .bss.uart_buf       main.o
    0x200005f4        -       0x00000004   Zero   RW          693    .bss.uwTick         stm32f4xx_hal.o
    0x200005f8        -       0x00000200   Zero   RW            2    HEAP                startup_stm32f446xx.o
    0x200007f8        -       0x00000400   Zero   RW            1    STACK               startup_stm32f446xx.o


==============================================================================

Image component sizes


      Code (inc. data)   RO Data    RW Data    ZI Data      Debug   Object Name

       208          0          0          0         72       5331   adc.o
       104          0          0          0          0       3639   dma.o
       162          0          0          0          0       2459   gpio.o
       174          0          0          0         84       5507   i2c.o
      3494        270         79         13        496      23653   main.o
        64         26        452          0       1536        824   startup_stm32f446xx.o
       204          0          0          8          4       7468   stm32f4xx_hal.o
      1324          0          0          0          0      12272   stm32f4xx_hal_adc.o
       196          0          0          0          0      10833   stm32f4xx_hal_cortex.o
      1142          6          8          0          0      10708   stm32f4xx_hal_dma.o
       424          0          0          0          0       5420   stm32f4xx_hal_gpio.o
      2966          0          0          0          0      43857   stm32f4xx_hal_i2c.o
        60          0          0          0          0       1673   stm32f4xx_hal_msp.o
       122          0          0          0          0       4615   stm32f4xx_hal_pwr_ex.o
       432          0          0          0          0       7565   stm32f4xx_hal_rcc.o
      1154          4          0          0          0      11122   stm32f4xx_hal_rcc_ex.o
      1612          6          0          0          0      55636   stm32f4xx_hal_tim.o
       186          0          0          0          0      20996   stm32f4xx_hal_tim_ex.o
      3614          0          0          0          0      32359   stm32f4xx_hal_uart.o
        80          0          0          0          0       4447   stm32f4xx_it.o
        18          0         24          4          0       2650   system_stm32f4xx.o
       748          0          0          0        216       9238   tim.o
       614          0          0          0        528       7765   usart.o

    ----------------------------------------------------------------------
     19212        312        596         28       2940     290037   Object Totals
         0          0         32          0          0          0   (incl. Generated)
       110          0          1          3          4          0   (incl. Padding)

    ----------------------------------------------------------------------

      Code (inc. data)   RO Data    RW Data    ZI Data      Debug   Library Member Name

        64          6          0          0          0         84   __2snprintf.o
         8          0          0          0          0         68   __main.o
       352          0          0          0          0         88   __printf_ss_wp.o
        14          0          0          0          0         68   __printf_wp.o
         0          0          0          0          0          0   __rtentry.o
        12          0          0          0          0          0   __rtentry2.o
         6          0          0          0          0          0   __rtentry4.o
        94          8          0          0          0          0   __scatter.o
        26          0          0          0          0          0   __scatter_copy.o
        28          0          0          0          0          0   __scatter_zi.o
        48          6          0          0          0         96   _printf_char_common.o
         6          0          0          0          0          0   _printf_d.o
       120         16          0          0          0         92   _printf_dec.o
         6          0          0          0          0          0   _printf_f.o
      1052          0          0          0          0        148   _printf_fp_dec.o
       128         16          0          0          0         84   _printf_fp_infnan.o
       178          0          0          0          0         88   _printf_intcommon.o
         0          0          0          0          0          0   _printf_percent.o
         4          0          0          0          0          0   _printf_percent_end.o
         6          0          0          0          0          0   _printf_u.o
        16          0          0          0          0         68   _snputc.o
       228          4        148          0          0         96   bigflt0.o
      1936        128          0          0          0        668   btod.o
        18          0          0          0          0         80   exit.o
         6          0          0          0          0        152   heapauxi.o
         0          0          0          0          0          0   indicate_semi.o
        44         10         28          0          0         76   lc_numeric_c.o
         2          0          0          0          0          0   libinit.o
        22          0          0          0          0          0   libinit2.o
         2          0          0          0          0          0   libshutdown.o
         2          0          0          0          0          0   libshutdown2.o
         8          4          0          0         96         68   libspace.o
       138          0          0          0          0         80   lludiv10.o
       240          0          0          0          0        100   lludivv7m.o
         8          4          0          0          0         68   rt_locale_intlibspace.o
         2          0          0          0          0          0   rtexit.o
        10          0          0          0          0          0   rtexit2.o
       124          0          0          0          0         88   strcmpv7em.o
        62          0          0          0          0         76   strlen.o
        12          4          0          0          0         68   sys_exit.o
        74          0          0          0          0         80   sys_stackheap_outer.o
         2          0          0          0          0         68   use_no_semi.o
        90          4          0          0          0        140   dfixu.o
        38          0          0          0          0        116   dflt_clz.o
       340         12          0          0          0        152   dmul.o
       156          4          0          0          0        140   dnaninf.o
        12          0          0          0          0        116   dretinf.o
        86          4          0          0          0        132   f2d.o
       140          4          0          0          0        132   fnaninf.o
        26          0          0          0          0        116   fpinit.o
         4          0          0          0          0        116   printf1.o
         0          0          0          0          0          0   usenofp.o
        48          0          0          0          0        124   fpclassify.o

    ----------------------------------------------------------------------
      6064        234        176          0         96       3936   Library Totals
        16          0          0          0          0          0   (incl. Padding)

    ----------------------------------------------------------------------

      Code (inc. data)   RO Data    RW Data    ZI Data      Debug   Library Name

      5108        206        176          0         96       2652   c_w.l
       892         28          0          0          0       1160   fz_wm.l
        48          0          0          0          0        124   m_wm.l

    ----------------------------------------------------------------------
      6064        234        176          0         96       3936   Library Totals

    ----------------------------------------------------------------------

==============================================================================


      Code (inc. data)   RO Data    RW Data    ZI Data      Debug   

     25276        546        772         28       3036     291417   Grand Totals
     25276        546        772         28       3036     291417   ELF Image Totals
     25276        546        772         28          0          0   ROM Totals

==============================================================================

    Total RO  Size (Code + RO Data)                26048 (  25.44kB)
    Total RW  Size (RW Data + ZI Data)              3064 (   2.99kB)
    Total ROM Size (Code + RO Data + RW Data)      26076 (  25.46kB)

==============================================================================

