Component: Arm Compiler for Embedded 6.23 Tool: armlink [5f102400]

==============================================================================

Section Cross References

    startup_stm32f446xx.o(STACK) refers (Special) to heapauxi.o(.text) for __use_two_region_memory
    startup_stm32f446xx.o(HEAP) refers (Special) to heapauxi.o(.text) for __use_two_region_memory
    startup_stm32f446xx.o(RESET) refers (Special) to heapauxi.o(.text) for __use_two_region_memory
    startup_stm32f446xx.o(RESET) refers to startup_stm32f446xx.o(STACK) for __initial_sp
    startup_stm32f446xx.o(RESET) refers to startup_stm32f446xx.o(.text) for Reset_Handler
    startup_stm32f446xx.o(RESET) refers to stm32f4xx_it.o(.text.NMI_Handler) for NMI_Handler
    startup_stm32f446xx.o(RESET) refers to stm32f4xx_it.o(.text.HardFault_Handler) for HardFault_Handler
    startup_stm32f446xx.o(RESET) refers to stm32f4xx_it.o(.text.MemManage_Handler) for MemManage_Handler
    startup_stm32f446xx.o(RESET) refers to stm32f4xx_it.o(.text.BusFault_Handler) for BusFault_Handler
    startup_stm32f446xx.o(RESET) refers to stm32f4xx_it.o(.text.UsageFault_Handler) for UsageFault_Handler
    startup_stm32f446xx.o(RESET) refers to stm32f4xx_it.o(.text.SVC_Handler) for SVC_Handler
    startup_stm32f446xx.o(RESET) refers to stm32f4xx_it.o(.text.DebugMon_Handler) for DebugMon_Handler
    startup_stm32f446xx.o(RESET) refers to stm32f4xx_it.o(.text.PendSV_Handler) for PendSV_Handler
    startup_stm32f446xx.o(RESET) refers to stm32f4xx_it.o(.text.SysTick_Handler) for SysTick_Handler
    startup_stm32f446xx.o(RESET) refers to stm32f4xx_it.o(.text.USART1_IRQHandler) for USART1_IRQHandler
    startup_stm32f446xx.o(RESET) refers to stm32f4xx_it.o(.text.DMA2_Stream1_IRQHandler) for DMA2_Stream1_IRQHandler
    startup_stm32f446xx.o(RESET) refers to stm32f4xx_it.o(.text.DMA2_Stream2_IRQHandler) for DMA2_Stream2_IRQHandler
    startup_stm32f446xx.o(RESET) refers to stm32f4xx_it.o(.text.DMA2_Stream6_IRQHandler) for DMA2_Stream6_IRQHandler
    startup_stm32f446xx.o(RESET) refers to stm32f4xx_it.o(.text.DMA2_Stream7_IRQHandler) for DMA2_Stream7_IRQHandler
    startup_stm32f446xx.o(.text) refers (Special) to heapauxi.o(.text) for __use_two_region_memory
    startup_stm32f446xx.o(.text) refers to system_stm32f4xx.o(.text.SystemInit) for SystemInit
    startup_stm32f446xx.o(.text) refers to __main.o(!!!main) for __main
    startup_stm32f446xx.o(.text) refers to startup_stm32f446xx.o(HEAP) for Heap_Mem
    startup_stm32f446xx.o(.text) refers to startup_stm32f446xx.o(STACK) for Stack_Mem
    main.o(.text) refers (Special) to _printf_percent.o(.ARM.Collect$$_printf_percent$$00000000) for _printf_percent
    main.o(.text) refers (Special) to _printf_d.o(.ARM.Collect$$_printf_percent$$00000009) for _printf_d
    main.o(.text) refers (Special) to _printf_u.o(.ARM.Collect$$_printf_percent$$0000000A) for _printf_u
    main.o(.text) refers (Special) to _printf_f.o(.ARM.Collect$$_printf_percent$$00000003) for _printf_f
    main.o(.text) refers (Special) to _printf_dec.o(.text) for _printf_int_dec
    main.o(.text) refers (Special) to printf1.o(x$fpl$printf1) for _printf_fp_dec
    main.o(.text.HAL_UART_RxCpltCallback) refers (Special) to _printf_percent.o(.ARM.Collect$$_printf_percent$$00000000) for _printf_percent
    main.o(.text.HAL_UART_RxCpltCallback) refers (Special) to _printf_d.o(.ARM.Collect$$_printf_percent$$00000009) for _printf_d
    main.o(.text.HAL_UART_RxCpltCallback) refers (Special) to _printf_u.o(.ARM.Collect$$_printf_percent$$0000000A) for _printf_u
    main.o(.text.HAL_UART_RxCpltCallback) refers (Special) to _printf_f.o(.ARM.Collect$$_printf_percent$$00000003) for _printf_f
    main.o(.text.HAL_UART_RxCpltCallback) refers (Special) to _printf_dec.o(.text) for _printf_int_dec
    main.o(.text.HAL_UART_RxCpltCallback) refers (Special) to printf1.o(x$fpl$printf1) for _printf_fp_dec
    main.o(.text.HAL_UART_RxCpltCallback) refers to usart.o(.bss.huart1) for huart1
    main.o(.text.HAL_UART_RxCpltCallback) refers to bluetooth.o(.text.HandleBluetoothRx) for HandleBluetoothRx
    main.o(.ARM.exidx.text.HAL_UART_RxCpltCallback) refers (Special) to _printf_percent.o(.ARM.Collect$$_printf_percent$$00000000) for _printf_percent
    main.o(.ARM.exidx.text.HAL_UART_RxCpltCallback) refers (Special) to _printf_d.o(.ARM.Collect$$_printf_percent$$00000009) for _printf_d
    main.o(.ARM.exidx.text.HAL_UART_RxCpltCallback) refers (Special) to _printf_u.o(.ARM.Collect$$_printf_percent$$0000000A) for _printf_u
    main.o(.ARM.exidx.text.HAL_UART_RxCpltCallback) refers (Special) to _printf_f.o(.ARM.Collect$$_printf_percent$$00000003) for _printf_f
    main.o(.ARM.exidx.text.HAL_UART_RxCpltCallback) refers (Special) to _printf_dec.o(.text) for _printf_int_dec
    main.o(.ARM.exidx.text.HAL_UART_RxCpltCallback) refers (Special) to printf1.o(x$fpl$printf1) for _printf_fp_dec
[...]
    I2C_RequestMemoryRead                    0x08003be1   Thumb Code   274  stm32f4xx_hal_i2c.o(.text.I2C_RequestMemoryRead)
    [Anonymous Symbol]                       0x08003be0   Section        0  stm32f4xx_hal_i2c.o(.text.I2C_RequestMemoryRead)
    I2C_RequestMemoryWrite                   0x08003cf5   Thumb Code   200  stm32f4xx_hal_i2c.o(.text.I2C_RequestMemoryWrite)
    [Anonymous Symbol]                       0x08003cf4   Section        0  stm32f4xx_hal_i2c.o(.text.I2C_RequestMemoryWrite)
    I2C_WaitOnBTFFlagUntilTimeout            0x08003dbd   Thumb Code   186  stm32f4xx_hal_i2c.o(.text.I2C_WaitOnBTFFlagUntilTimeout)
    [Anonymous Symbol]                       0x08003dbc   Section        0  stm32f4xx_hal_i2c.o(.text.I2C_WaitOnBTFFlagUntilTimeout)
    I2C_WaitOnFlagUntilTimeout               0x08003e79   Thumb Code   458  stm32f4xx_hal_i2c.o(.text.I2C_WaitOnFlagUntilTimeout)
    [Anonymous Symbol]                       0x08003e78   Section        0  stm32f4xx_hal_i2c.o(.text.I2C_WaitOnFlagUntilTimeout)
    I2C_WaitOnMasterAddressFlagUntilTimeout  0x08004045   Thumb Code   214  stm32f4xx_hal_i2c.o(.text.I2C_WaitOnMasterAddressFlagUntilTimeout)
    [Anonymous Symbol]                       0x08004044   Section        0  stm32f4xx_hal_i2c.o(.text.I2C_WaitOnMasterAddressFlagUntilTimeout)
    I2C_WaitOnRXNEFlagUntilTimeout           0x0800411d   Thumb Code   144  stm32f4xx_hal_i2c.o(.text.I2C_WaitOnRXNEFlagUntilTimeout)
    [Anonymous Symbol]                       0x0800411c   Section        0  stm32f4xx_hal_i2c.o(.text.I2C_WaitOnRXNEFlagUntilTimeout)
    I2C_WaitOnTXEFlagUntilTimeout            0x080041ad   Thumb Code   186  stm32f4xx_hal_i2c.o(.text.I2C_WaitOnTXEFlagUntilTimeout)
    [Anonymous Symbol]                       0x080041ac   Section        0  stm32f4xx_hal_i2c.o(.text.I2C_WaitOnTXEFlagUntilTimeout)
    [Anonymous Symbol]                       0x08004268   Section        0  rplidar.o(.text.LidarTimeoutRecovery)
    [Anonymous Symbol]                       0x08004300   Section        0  mpu6500.o(.text.MPU6500_Calibrate)
    [Anonymous Symbol]                       0x08004444   Section        0  mpu6500.o(.text.MPU6500_Convert_Unit)
    [Anonymous Symbol]                       0x080044e4   Section        0  mpu6500.o(.text.MPU6500_GetCalibratedData)
    [Anonymous Symbol]                       0x08004534   Section        0  mpu6500.o(.text.MPU6500_Init)
    [Anonymous Symbol]                       0x08004584   Section        0  mpu6500.o(.text.MPU6500_LowPassFilter)
    [Anonymous Symbol]                       0x08004620   Section        0  mpu6500.o(.text.MPU6500_Read_All)
    [Anonymous Symbol]                       0x0800468c   Section        0  mpu6500.o(.text.MPU6500_Update_XMotion)
    [Anonymous Symbol]                       0x080046b8   Section        0  adc.o(.text.MX_ADC1_Init)
    [Anonymous Symbol]                       0x08004724   Section        0  dma.o(.text.MX_DMA_Init)
    [Anonymous Symbol]                       0x0800478c   Section        0  gpio.o(.text.MX_GPIO_Init)
    [Anonymous Symbol]                       0x08004838   Section        0  i2c.o(.text.MX_I2C1_Init)
    [Anonymous Symbol]                       0x0800487c   Section        0  tim.o(.text.MX_TIM2_Init)
    [Anonymous Symbol]                       0x080048e0   Section        0  tim.o(.text.MX_TIM3_Init)
    [Anonymous Symbol]                       0x08004a20   Section        0  tim.o(.text.MX_TIM4_Init)
    [Anonymous Symbol]                       0x08004a88   Section        0  usart.o(.text.MX_USART1_UART_Init)
    [Anonymous Symbol]                       0x08004ac4   Section        0  usart.o(.text.MX_USART6_UART_Init)
    [Anonymous Symbol]                       0x08004b00   Section        0  stm32f4xx_it.o(.text.MemManage_Handler)
    [Anonymous Symbol]                       0x08004b04   Section        0  stm32f4xx_it.o(.text.NMI_Handler)
    [Anonymous Symbol]                       0x08004b08   Section        0  stm32f4xx_it.o(.text.PendSV_Handler)
    [Anonymous Symbol]                       0x08004b0c   Section        0  rplidar.o(.text.ProcessLidarDataFromDMA)
    [Anonymous Symbol]                       0x08004d14   Section        0  rplidar.o(.text.ProcessLidarSampleData)
    [Anonymous Symbol]                       0x08004e10   Section        0  stm32f4xx_it.o(.text.SVC_Handler)
    [Anonymous Symbol]                       0x08004e14   Section        0  bluetooth.o(.text.SendConnectionNotification)
    [Anonymous Symbol]                       0x08004e60   Section        0  mpu6500.o(.text.SendMPUDataToBluetooth)
    [Anonymous Symbol]                       0x08004f24   Section        0  stm32f4xx_it.o(.text.SysTick_Handler)
    [Anonymous Symbol]                       0x08004f28   Section        0  main.o(.text.SystemClock_Config)
    [Anonymous Symbol]                       0x08004fe0   Section        0  system_stm32f4xx.o(.text.SystemInit)
    [Anonymous Symbol]                       0x08004ff4   Section        0  stm32f4xx_hal_tim.o(.text.TIM_Base_SetConfig)
    UART_DMAAbortOnError                     0x08005131   Thumb Code    10  stm32f4xx_hal_uart.o(.text.UART_DMAAbortOnError)
    [Anonymous Symbol]                       0x08005130   Section        0  stm32f4xx_hal_uart.o(.text.UART_DMAAbortOnError)
    UART_DMAError                            0x0800513d   Thumb Code   380  stm32f4xx_hal_uart.o(.text.UART_DMAError)
    [Anonymous Symbol]                       0x0800513c   Section        0  stm32f4xx_hal_uart.o(.text.UART_DMAError)
    UART_DMAReceiveCplt                      0x080052b9   Thumb Code   350  stm32f4xx_hal_uart.o(.text.UART_DMAReceiveCplt)
    [Anonymous Symbol]                       0x080052b8   Section        0  stm32f4xx_hal_uart.o(.text.UART_DMAReceiveCplt)
    UART_DMARxHalfCplt                       0x08005419   Thumb Code    24  stm32f4xx_hal_uart.o(.text.UART_DMARxHalfCplt)
    [Anonymous Symbol]                       0x08005418   Section        0  stm32f4xx_hal_uart.o(.text.UART_DMARxHalfCplt)
    UART_Receive_IT                          0x08005431   Thumb Code   254  stm32f4xx_hal_uart.o(.text.UART_Receive_IT)
    [Anonymous Symbol]                       0x08005430   Section        0  stm32f4xx_hal_uart.o(.text.UART_Receive_IT)
    UART_SetConfig                           0x08005531   Thumb Code   230  stm32f4xx_hal_uart.o(.text.UART_SetConfig)
    [Anonymous Symbol]                       0x08005530   Section        0  stm32f4xx_hal_uart.o(.text.UART_SetConfig)
    [Anonymous Symbol]                       0x08005618   Section        0  stm32f4xx_it.o(.text.USART1_IRQHandler)
    [Anonymous Symbol]                       0x08005624   Section        0  motor_control.o(.text.UpdateSpeedRamp)
    [Anonymous Symbol]                       0x080057e0   Section        0  stm32f4xx_it.o(.text.UsageFault_Handler)
    [Anonymous Symbol]                       0x080057e4   Section        0  main.o(.text.main)
    CL$$btod_d2e                             0x08005bbc   Section       62  btod.o(CL$$btod_d2e)
    CL$$btod_d2e_denorm_low                  0x08005bfa   Section       70  btod.o(CL$$btod_d2e_denorm_low)
    CL$$btod_d2e_norm_op1                    0x08005c40   Section       96  btod.o(CL$$btod_d2e_norm_op1)
    CL$$btod_div_common                      0x08005ca0   Section      824  btod.o(CL$$btod_div_common)
    CL$$btod_e2e                             0x08005fd8   Section      220  btod.o(CL$$btod_e2e)
    CL$$btod_ediv                            0x080060b4   Section       42  btod.o(CL$$btod_ediv)
    CL$$btod_emul                            0x080060de   Section       42  btod.o(CL$$btod_emul)
    CL$$btod_mult_common                     0x08006108   Section      580  btod.o(CL$$btod_mult_common)
    i.__ARM_fpclassify                       0x0800634c   Section        0  fpclassify.o(i.__ARM_fpclassify)
    i._is_digit                              0x0800637c   Section        0  __printf_wp.o(i._is_digit)
    locale$$code                             0x0800638c   Section       44  lc_numeric_c.o(locale$$code)
    $v0                                      0x080063b8   Number         0  dfixu.o(x$fpl$dfixu)
    x$fpl$dfixu                              0x080063b8   Section       90  dfixu.o(x$fpl$dfixu)
    $v0                                      0x08006412   Number         0  dflt_clz.o(x$fpl$dfltu)
    x$fpl$dfltu                              0x08006412   Section       38  dflt_clz.o(x$fpl$dfltu)
    $v0                                      0x08006438   Number         0  dmul.o(x$fpl$dmul)
    x$fpl$dmul                               0x08006438   Section      340  dmul.o(x$fpl$dmul)
    $v0                                      0x0800658c   Number         0  dnaninf.o(x$fpl$dnaninf)
    x$fpl$dnaninf                            0x0800658c   Section      156  dnaninf.o(x$fpl$dnaninf)
    $v0                                      0x08006628   Number         0  dretinf.o(x$fpl$dretinf)
    x$fpl$dretinf                            0x08006628   Section       12  dretinf.o(x$fpl$dretinf)
    $v0                                      0x08006634   Number         0  f2d.o(x$fpl$f2d)
    x$fpl$f2d                                0x08006634   Section       86  f2d.o(x$fpl$f2d)
    $v0                                      0x0800668a   Number         0  fnaninf.o(x$fpl$fnaninf)
    x$fpl$fnaninf                            0x0800668a   Section      140  fnaninf.o(x$fpl$fnaninf)
    $v0                                      0x08006716   Number         0  fpinit.o(x$fpl$fpinit)
    x$fpl$fpinit                             0x08006716   Section       26  fpinit.o(x$fpl$fpinit)
    $v0                                      0x08006730   Number         0  printf1.o(x$fpl$printf1)
    x$fpl$printf1                            0x08006730   Section        4  printf1.o(x$fpl$printf1)
    tenpwrs_x                                0x08006734   Data          60  bigflt0.o(.constdata)
    .constdata                               0x08006734   Section      148  bigflt0.o(.constdata)
    x$fpl$usenofp                            0x08006734   Section        0  usenofp.o(x$fpl$usenofp)
    tenpwrs_i                                0x08006770   Data          64  bigflt0.o(.constdata)
    DMA_CalcBaseAndBitshift.flagBitshiftOffset 0x080067e0   Data           8  stm32f4xx_hal_dma.o(.rodata.cst8)
    [Anonymous Symbol]                       0x080067e0   Section        0  stm32f4xx_hal_dma.o(.rodata.cst8)
    .L.str.4                                 0x080067e8   Data          14  main.o(.rodata.str1.1)
    [Anonymous Symbol]                       0x080067e8   Section        0  main.o(.rodata.str1.1)
    .L.str.1                                 0x080067f6   Data          21  rplidar.o(.rodata.str1.1)
    [Anonymous Symbol]                       0x080067f6   Section        0  rplidar.o(.rodata.str1.1)
    locale$$data                             0x0800682c   Section       28  lc_numeric_c.o(locale$$data)
    __lcnum_c_name                           0x08006830   Data           2  lc_numeric_c.o(locale$$data)
    __lcnum_c_start                          0x08006838   Data           0  lc_numeric_c.o(locale$$data)
    __lcnum_c_point                          0x08006844   Data           0  lc_numeric_c.o(locale$$data)
    __lcnum_c_thousands                      0x08006846   Data           0  lc_numeric_c.o(locale$$data)
    __lcnum_c_grouping                       0x08006847   Data           0  lc_numeric_c.o(locale$$data)
    __lcnum_c_end                            0x08006848   Data           0  lc_numeric_c.o(locale$$data)
    .L_MergedGlobals                         0x20000000   Data           8  stm32f4xx_hal.o(.data..L_MergedGlobals)
    [Anonymous Symbol]                       0x20000000   Section        0  stm32f4xx_hal.o(.data..L_MergedGlobals)
    .bss                                     0x20000020   Section       96  libspace.o(.bss)
    .L_MergedGlobals                         0x20000080   Data          88  main.o(.bss..L_MergedGlobals)
    [Anonymous Symbol]                       0x20000080   Section        0  main.o(.bss..L_MergedGlobals)
    .L_MergedGlobals                         0x200000d8   Data          21  rplidar.o(.bss..L_MergedGlobals)
    ProcessLidarDataFromDMA.sample_idx       0x200000d8   Data           1  rplidar.o(.bss..L_MergedGlobals)
    [Anonymous Symbol]                       0x200000d8   Section        0  rplidar.o(.bss..L_MergedGlobals)
    ProcessLidarDataFromDMA.processed_bytes  0x200000dc   Data           4  rplidar.o(.bss..L_MergedGlobals)
    ProcessLidarDataFromDMA.samples_processed 0x200000e0   Data           4  rplidar.o(.bss..L_MergedGlobals)
    ProcessLidarDataFromDMA.samples_valid    0x200000e4   Data           4  rplidar.o(.bss..L_MergedGlobals)
    ProcessLidarDataFromDMA.sample_buf       0x200000e8   Data           5  rplidar.o(.bss..L_MergedGlobals)
    Heap_Mem                                 0x20000600   Data         512  startup_stm32f446xx.o(HEAP)
    HEAP                                     0x20000600   Section      512  startup_stm32f446xx.o(HEAP)
    Stack_Mem                                0x20000800   Data        1024  startup_stm32f446xx.o(STACK)
    STACK                                    0x20000800   Section     1024  startup_stm32f446xx.o(STACK)
    __initial_sp                             0x20000c00   Data           0  startup_stm32f446xx.o(STACK)

    Global Symbols

    Symbol Name                              Value     Ov Type        Size  Object(Section)

    BuildAttributes$$THM_ISAv4$E$P$D$K$B$S$7EM$VFPi3$EXTD16$VFPS$VFMA$PE$A:L22UL41UL21$X:L11$S22US41US21$IEEE1$IW$~IW$USESV6$~STKCKD$USESV7$~SHL$OTIME$ROPI$IEEEJ$EBA8$UX$STANDARDLIB$REQ8$PRES8$EABIv2 0x00000000   Number         0  anon$$obj.o ABSOLUTE
    _printf_flags                            0x00000000   Number         0  printf_stubs.o ABSOLUTE
    _printf_return_value                     0x00000000   Number         0  printf_stubs.o ABSOLUTE
    _printf_sizespec                         0x00000000   Number         0  printf_stubs.o ABSOLUTE
    _printf_widthprec                        0x00000000   Number         0  printf_stubs.o ABSOLUTE
    __ARM_exceptions_init                     - Undefined Weak Reference
    __alloca_initialize                       - Undefined Weak Reference
    __arm_preinit_                            - Undefined Weak Reference
    __arm_relocate_pie_                       - Undefined Weak Reference
    __cpp_initialize__aeabi_                  - Undefined Weak Reference
    __cxa_finalize                            - Undefined Weak Reference
    __sigvec_lookup                           - Undefined Weak Reference
    _atexit_init                              - Undefined Weak Reference
    _call_atexit_fns                          - Undefined Weak Reference
    _clock_init                               - Undefined Weak Reference
    _fp_trap_init                             - Undefined Weak Reference
    _fp_trap_shutdown                         - Undefined Weak Reference
    _get_lc_collate                           - Undefined Weak Reference
    _get_lc_ctype                             - Undefined Weak Reference
    _get_lc_monetary                          - Undefined Weak Reference
    _get_lc_time                              - Undefined Weak Reference
    _getenv_init                              - Undefined Weak Reference
    _handle_redirection                       - Undefined Weak Reference
    _init_alloc                               - Undefined Weak Reference
    _init_user_alloc                          - Undefined Weak Reference
    _initio                                   - Undefined Weak Reference
    _printf_post_padding                      - Undefined Weak Reference
    _printf_pre_padding                       - Undefined Weak Reference
    _printf_truncate_signed                   - Undefined Weak Reference
    _printf_truncate_unsigned                 - Undefined Weak Reference
    _rand_init                                - Undefined Weak Reference
    _signal_finish                            - Undefined Weak Reference
    _signal_init                              - Undefined Weak Reference
    _terminate_alloc                          - Undefined Weak Reference
    _terminate_user_alloc                     - Undefined Weak Reference
    _terminateio                              - Undefined Weak Reference
    __Vectors_Size                           0x000001c4   Number         0  startup_stm32f446xx.o ABSOLUTE
    __Vectors                                0x08000000   Data           4  startup_stm32f446xx.o(RESET)
    __Vectors_End                            0x080001c4   Data           0  startup_stm32f446xx.o(RESET)
    __main                                   0x080001c5   Thumb Code     8  __main.o(!!!main)
    __scatterload                            0x080001cd   Thumb Code     0  __scatter.o(!!!scatter)
    __scatterload_rt2                        0x080001cd   Thumb Code    84  __scatter.o(!!!scatter)
    __scatterload_rt2_thumb_only             0x080001cd   Thumb Code     0  __scatter.o(!!!scatter)
    __scatterload_loop                       0x080001d7   Thumb Code     0  __scatter.o(!!!scatter)
    __scatterload_copy                       0x08000229   Thumb Code    26  __scatter_copy.o(!!handler_copy)
    __scatterload_null                       0x08000245   Thumb Code     2  __scatter.o(!!handler_null)
    __scatterload_zeroinit                   0x08000249   Thumb Code    28  __scatter_zi.o(!!handler_zi)
    _printf_f                                0x08000265   Thumb Code     0  _printf_f.o(.ARM.Collect$$_printf_percent$$00000003)
    _printf_percent                          0x08000265   Thumb Code     0  _printf_percent.o(.ARM.Collect$$_printf_percent$$00000000)
    _printf_d                                0x0800026b   Thumb Code     0  _printf_d.o(.ARM.Collect$$_printf_percent$$00000009)
    _printf_u                                0x08000271   Thumb Code     0  _printf_u.o(.ARM.Collect$$_printf_percent$$0000000A)
    _printf_percent_end                      0x08000277   Thumb Code     0  _printf_percent_end.o(.ARM.Collect$$_printf_percent$$00000017)
    __rt_lib_init                            0x0800027b   Thumb Code     0  libinit.o(.ARM.Collect$$libinit$$00000000)
    __rt_lib_init_fp_1                       0x0800027d   Thumb Code     0  libinit2.o(.ARM.Collect$$libinit$$00000001)
    __rt_lib_init_heap_1                     0x08000281   Thumb Code     0  libinit2.o(.ARM.Collect$$libinit$$0000000C)
    __rt_lib_init_lc_common                  0x08000281   Thumb Code     0  libinit2.o(.ARM.Collect$$libinit$$00000011)
    __rt_lib_init_preinit_1                  0x08000281   Thumb Code     0  libinit2.o(.ARM.Collect$$libinit$$00000006)
    __rt_lib_init_rand_1                     0x08000281   Thumb Code     0  libinit2.o(.ARM.Collect$$libinit$$00000010)
    __rt_lib_init_relocate_pie_1             0x08000281   Thumb Code     0  libinit2.o(.ARM.Collect$$libinit$$00000004)
    __rt_lib_init_user_alloc_1               0x08000281   Thumb Code     0  libinit2.o(.ARM.Collect$$libinit$$0000000E)
    __rt_lib_init_lc_collate_1               0x08000287   Thumb Code     0  libinit2.o(.ARM.Collect$$libinit$$00000013)
    __rt_lib_init_lc_ctype_1                 0x08000287   Thumb Code     0  libinit2.o(.ARM.Collect$$libinit$$00000015)
    __rt_lib_init_lc_monetary_1              0x08000287   Thumb Code     0  libinit2.o(.ARM.Collect$$libinit$$00000017)
    __rt_lib_init_lc_numeric_2               0x08000287   Thumb Code     0  libinit2.o(.ARM.Collect$$libinit$$00000018)
    __rt_lib_init_alloca_1                   0x08000291   Thumb Code     0  libinit2.o(.ARM.Collect$$libinit$$00000030)
    __rt_lib_init_argv_1                     0x08000291   Thumb Code     0  libinit2.o(.ARM.Collect$$libinit$$0000002E)
    __rt_lib_init_atexit_1                   0x08000291   Thumb Code     0  libinit2.o(.ARM.Collect$$libinit$$0000001D)
    __rt_lib_init_clock_1                    0x08000291   Thumb Code     0  libinit2.o(.ARM.Collect$$libinit$$00000023)
    __rt_lib_init_cpp_1                      0x08000291   Thumb Code     0  libinit2.o(.ARM.Collect$$libinit$$00000034)
    __rt_lib_init_exceptions_1               0x08000291   Thumb Code     0  libinit2.o(.ARM.Collect$$libinit$$00000032)
    __rt_lib_init_fp_trap_1                  0x08000291   Thumb Code     0  libinit2.o(.ARM.Collect$$libinit$$00000021)
    __rt_lib_init_getenv_1                   0x08000291   Thumb Code     0  libinit2.o(.ARM.Collect$$libinit$$00000025)
    __rt_lib_init_lc_numeric_1               0x08000291   Thumb Code     0  libinit2.o(.ARM.Collect$$libinit$$00000019)
    __rt_lib_init_lc_time_1                  0x08000291   Thumb Code     0  libinit2.o(.ARM.Collect$$libinit$$0000001B)
    __rt_lib_init_return                     0x08000291   Thumb Code     0  libinit2.o(.ARM.Collect$$libinit$$00000035)
    __rt_lib_init_signal_1                   0x08000291   Thumb Code     0  libinit2.o(.ARM.Collect$$libinit$$0000001F)
    __rt_lib_init_stdio_1                    0x08000291   Thumb Code     0  libinit2.o(.ARM.Collect$$libinit$$00000027)
    __rt_lib_shutdown                        0x08000293   Thumb Code     0  libshutdown.o(.ARM.Collect$$libshutdown$$00000000)
    __rt_lib_shutdown_cpp_1                  0x08000295   Thumb Code     0  libshutdown2.o(.ARM.Collect$$libshutdown$$00000002)
    __rt_lib_shutdown_fp_trap_1              0x08000295   Thumb Code     0  libshutdown2.o(.ARM.Collect$$libshutdown$$00000007)
    __rt_lib_shutdown_heap_1                 0x08000295   Thumb Code     0  libshutdown2.o(.ARM.Collect$$libshutdown$$0000000F)
    __rt_lib_shutdown_return                 0x08000295   Thumb Code     0  libshutdown2.o(.ARM.Collect$$libshutdown$$00000010)
    __rt_lib_shutdown_signal_1               0x08000295   Thumb Code     0  libshutdown2.o(.ARM.Collect$$libshutdown$$0000000A)
    __rt_lib_shutdown_stdio_1                0x08000295   Thumb Code     0  libshutdown2.o(.ARM.Collect$$libshutdown$$00000004)
    __rt_lib_shutdown_user_alloc_1           0x08000295   Thumb Code     0  libshutdown2.o(.ARM.Collect$$libshutdown$$0000000C)
    __rt_entry                               0x08000297   Thumb Code     0  __rtentry.o(.ARM.Collect$$rtentry$$00000000)
    __rt_entry_presh_1                       0x08000297   Thumb Code     0  __rtentry2.o(.ARM.Collect$$rtentry$$00000002)
    __rt_entry_sh                            0x08000297   Thumb Code     0  __rtentry4.o(.ARM.Collect$$rtentry$$00000004)
    __rt_entry_li                            0x0800029d   Thumb Code     0  __rtentry2.o(.ARM.Collect$$rtentry$$0000000A)
    __rt_entry_postsh_1                      0x0800029d   Thumb Code     0  __rtentry2.o(.ARM.Collect$$rtentry$$00000009)
    __rt_entry_main                          0x080002a1   Thumb Code     0  __rtentry2.o(.ARM.Collect$$rtentry$$0000000D)
    __rt_entry_postli_1                      0x080002a1   Thumb Code     0  __rtentry2.o(.ARM.Collect$$rtentry$$0000000C)
    __rt_exit                                0x080002a9   Thumb Code     0  rtexit.o(.ARM.Collect$$rtexit$$00000000)
    __rt_exit_ls                             0x080002ab   Thumb Code     0  rtexit2.o(.ARM.Collect$$rtexit$$00000003)
    __rt_exit_prels_1                        0x080002ab   Thumb Code     0  rtexit2.o(.ARM.Collect$$rtexit$$00000002)
    __rt_exit_exit                           0x080002af   Thumb Code     0  rtexit2.o(.ARM.Collect$$rtexit$$00000004)
    Reset_Handler                            0x080002b5   Thumb Code     8  startup_stm32f446xx.o(.text)
    ADC_IRQHandler                           0x080002cf   Thumb Code     0  startup_stm32f446xx.o(.text)
    CAN1_RX0_IRQHandler                      0x080002cf   Thumb Code     0  startup_stm32f446xx.o(.text)
    CAN1_RX1_IRQHandler                      0x080002cf   Thumb Code     0  startup_stm32f446xx.o(.text)
    CAN1_SCE_IRQHandler                      0x080002cf   Thumb Code     0  startup_stm32f446xx.o(.text)
    CAN1_TX_IRQHandler                       0x080002cf   Thumb Code     0  startup_stm32f446xx.o(.text)
    CAN2_RX0_IRQHandler                      0x080002cf   Thumb Code     0  startup_stm32f446xx.o(.text)
    CAN2_RX1_IRQHandler                      0x080002cf   Thumb Code     0  startup_stm32f446xx.o(.text)
    CAN2_SCE_IRQHandler                      0x080002cf   Thumb Code     0  startup_stm32f446xx.o(.text)
    CAN2_TX_IRQHandler                       0x080002cf   Thumb Code     0  startup_stm32f446xx.o(.text)
    CEC_IRQHandler                           0x080002cf   Thumb Code     0  startup_stm32f446xx.o(.text)
    DCMI_IRQHandler                          0x080002cf   Thumb Code     0  startup_stm32f446xx.o(.text)
    DMA1_Stream0_IRQHandler                  0x080002cf   Thumb Code     0  startup_stm32f446xx.o(.text)
    DMA1_Stream1_IRQHandler                  0x080002cf   Thumb Code     0  startup_stm32f446xx.o(.text)
    DMA1_Stream2_IRQHandler                  0x080002cf   Thumb Code     0  startup_stm32f446xx.o(.text)
    DMA1_Stream3_IRQHandler                  0x080002cf   Thumb Code     0  startup_stm32f446xx.o(.text)
    DMA1_Stream4_IRQHandler                  0x080002cf   Thumb Code     0  startup_stm32f446xx.o(.text)
    DMA1_Stream5_IRQHandler                  0x080002cf   Thumb Code     0  startup_stm32f446xx.o(.text)
    DMA1_Stream6_IRQHandler                  0x080002cf   Thumb Code     0  startup_stm32f446xx.o(.text)
    DMA1_Stream7_IRQHandler                  0x080002cf   Thumb Code     0  startup_stm32f446xx.o(.text)
    DMA2_Stream0_IRQHandler                  0x080002cf   Thumb Code     0  startup_stm32f446xx.o(.text)
    DMA2_Stream3_IRQHandler                  0x080002cf   Thumb Code     0  startup_stm32f446xx.o(.text)
    DMA2_Stream4_IRQHandler                  0x080002cf   Thumb Code     0  startup_stm32f446xx.o(.text)
    DMA2_Stream5_IRQHandler                  0x080002cf   Thumb Code     0  startup_stm32f446xx.o(.text)
    EXTI0_IRQHandler                         0x080002cf   Thumb Code     0  startup_stm32f446xx.o(.text)
    EXTI15_10_IRQHandler                     0x080002cf   Thumb Code     0  startup_stm32f446xx.o(.text)
    EXTI1_IRQHandler                         0x080002cf   Thumb Code     0  startup_stm32f446xx.o(.text)
    EXTI2_IRQHandler                         0x080002cf   Thumb Code     0  startup_stm32f446xx.o(.text)
    EXTI3_IRQHandler                         0x080002cf   Thumb Code     0  startup_stm32f446xx.o(.text)
    EXTI4_IRQHandler                         0x080002cf   Thumb Code     0  startup_stm32f446xx.o(.text)
    EXTI9_5_IRQHandler                       0x080002cf   Thumb Code     0  startup_stm32f446xx.o(.text)
    FLASH_IRQHandler                         0x080002cf   Thumb Code     0  startup_stm32f446xx.o(.text)
    FMC_IRQHandler                           0x080002cf   Thumb Code     0  startup_stm32f446xx.o(.text)
    FMPI2C1_ER_IRQHandler                    0x080002cf   Thumb Code     0  startup_stm32f446xx.o(.text)
    FMPI2C1_EV_IRQHandler                    0x080002cf   Thumb Code     0  startup_stm32f446xx.o(.text)
    FPU_IRQHandler                           0x080002cf   Thumb Code     0  startup_stm32f446xx.o(.text)
    I2C1_ER_IRQHandler                       0x080002cf   Thumb Code     0  startup_stm32f446xx.o(.text)
    I2C1_EV_IRQHandler                       0x080002cf   Thumb Code     0  startup_stm32f446xx.o(.text)
    I2C2_ER_IRQHandler                       0x080002cf   Thumb Code     0  startup_stm32f446xx.o(.text)
    I2C2_EV_IRQHandler                       0x080002cf   Thumb Code     0  startup_stm32f446xx.o(.text)
    I2C3_ER_IRQHandler                       0x080002cf   Thumb Code     0  startup_stm32f446xx.o(.text)
    I2C3_EV_IRQHandler                       0x080002cf   Thumb Code     0  startup_stm32f446xx.o(.text)
    OTG_FS_IRQHandler                        0x080002cf   Thumb Code     0  startup_stm32f446xx.o(.text)
    OTG_FS_WKUP_IRQHandler                   0x080002cf   Thumb Code     0  startup_stm32f446xx.o(.text)
    OTG_HS_EP1_IN_IRQHandler                 0x080002cf   Thumb Code     0  startup_stm32f446xx.o(.text)
    OTG_HS_EP1_OUT_IRQHandler                0x080002cf   Thumb Code     0  startup_stm32f446xx.o(.text)
    OTG_HS_IRQHandler                        0x080002cf   Thumb Code     0  startup_stm32f446xx.o(.text)
    OTG_HS_WKUP_IRQHandler                   0x080002cf   Thumb Code     0  startup_stm32f446xx.o(.text)
    PVD_IRQHandler                           0x080002cf   Thumb Code     0  startup_stm32f446xx.o(.text)
    QUADSPI_IRQHandler                       0x080002cf   Thumb Code     0  startup_stm32f446xx.o(.text)
    RCC_IRQHandler                           0x080002cf   Thumb Code     0  startup_stm32f446xx.o(.text)
    RTC_Alarm_IRQHandler                     0x080002cf   Thumb Code     0  startup_stm32f446xx.o(.text)
    RTC_WKUP_IRQHandler                      0x080002cf   Thumb Code     0  startup_stm32f446xx.o(.text)
    SAI1_IRQHandler                          0x080002cf   Thumb Code     0  startup_stm32f446xx.o(.text)
    SAI2_IRQHandler                          0x080002cf   Thumb Code     0  startup_stm32f446xx.o(.text)
    SDIO_IRQHandler                          0x080002cf   Thumb Code     0  startup_stm32f446xx.o(.text)
    SPDIF_RX_IRQHandler                      0x080002cf   Thumb Code     0  startup_stm32f446xx.o(.text)
    SPI1_IRQHandler                          0x080002cf   Thumb Code     0  startup_stm32f446xx.o(.text)
    SPI2_IRQHandler                          0x080002cf   Thumb Code     0  startup_stm32f446xx.o(.text)
    SPI3_IRQHandler                          0x080002cf   Thumb Code     0  startup_stm32f446xx.o(.text)
    SPI4_IRQHandler                          0x080002cf   Thumb Code     0  startup_stm32f446xx.o(.text)
    TAMP_STAMP_IRQHandler                    0x080002cf   Thumb Code     0  startup_stm32f446xx.o(.text)
    TIM1_BRK_TIM9_IRQHandler                 0x080002cf   Thumb Code     0  startup_stm32f446xx.o(.text)
    TIM1_CC_IRQHandler                       0x080002cf   Thumb Code     0  startup_stm32f446xx.o(.text)
    TIM1_TRG_COM_TIM11_IRQHandler            0x080002cf   Thumb Code     0  startup_stm32f446xx.o(.text)
    TIM1_UP_TIM10_IRQHandler                 0x080002cf   Thumb Code     0  startup_stm32f446xx.o(.text)
    TIM2_IRQHandler                          0x080002cf   Thumb Code     0  startup_stm32f446xx.o(.text)
    TIM3_IRQHandler                          0x080002cf   Thumb Code     0  startup_stm32f446xx.o(.text)
    TIM4_IRQHandler                          0x080002cf   Thumb Code     0  startup_stm32f446xx.o(.text)
    TIM5_IRQHandler                          0x080002cf   Thumb Code     0  startup_stm32f446xx.o(.text)
    TIM6_DAC_IRQHandler                      0x080002cf   Thumb Code     0  startup_stm32f446xx.o(.text)
    TIM7_IRQHandler                          0x080002cf   Thumb Code     0  startup_stm32f446xx.o(.text)
    TIM8_BRK_TIM12_IRQHandler                0x080002cf   Thumb Code     0  startup_stm32f446xx.o(.text)
    TIM8_CC_IRQHandler                       0x080002cf   Thumb Code     0  startup_stm32f446xx.o(.text)
    TIM8_TRG_COM_TIM14_IRQHandler            0x080002cf   Thumb Code     0  startup_stm32f446xx.o(.text)
    TIM8_UP_TIM13_IRQHandler                 0x080002cf   Thumb Code     0  startup_stm32f446xx.o(.text)
    UART4_IRQHandler                         0x080002cf   Thumb Code     0  startup_stm32f446xx.o(.text)
    UART5_IRQHandler                         0x080002cf   Thumb Code     0  startup_stm32f446xx.o(.text)
    USART2_IRQHandler                        0x080002cf   Thumb Code     0  startup_stm32f446xx.o(.text)
    USART3_IRQHandler                        0x080002cf   Thumb Code     0  startup_stm32f446xx.o(.text)
    USART6_IRQHandler                        0x080002cf   Thumb Code     0  startup_stm32f446xx.o(.text)
    WWDG_IRQHandler                          0x080002cf   Thumb Code     0  startup_stm32f446xx.o(.text)
    __user_initial_stackheap                 0x080002d1   Thumb Code     0  startup_stm32f446xx.o(.text)
    __aeabi_uldivmod                         0x080002f5   Thumb Code     0  lludivv7m.o(.text)
    _ll_udiv                                 0x080002f5   Thumb Code   240  lludivv7m.o(.text)
    __2snprintf                              0x080003e5   Thumb Code    58  __2snprintf.o(.text)
    _printf_int_dec                          0x08000425   Thumb Code   104  _printf_dec.o(.text)
    __printf                                 0x0800049d   Thumb Code   352  __printf_ss_wp.o(.text)
    strlen                                   0x080005fd   Thumb Code    62  strlen.o(.text)
    __aeabi_memclr4                          0x0800063b   Thumb Code     0  rt_memclr_w.o(.text)
    __aeabi_memclr8                          0x0800063b   Thumb Code     0  rt_memclr_w.o(.text)
    __rt_memclr_w                            0x0800063b   Thumb Code     0  rt_memclr_w.o(.text)
    _memset_w                                0x0800063f   Thumb Code    74  rt_memclr_w.o(.text)
    __use_two_region_memory                  0x08000689   Thumb Code     2  heapauxi.o(.text)
    __rt_heap_escrow$2region                 0x0800068b   Thumb Code     2  heapauxi.o(.text)
    __rt_heap_expand$2region                 0x0800068d   Thumb Code     2  heapauxi.o(.text)
    _printf_int_common                       0x0800068f   Thumb Code   178  _printf_intcommon.o(.text)
    _printf_fp_dec_real                      0x080008f1   Thumb Code   620  _printf_fp_dec.o(.text)
    _printf_char_common                      0x08000b67   Thumb Code    32  _printf_char_common.o(.text)
    _snputc                                  0x08000b8d   Thumb Code    16  _snputc.o(.text)
    __rt_locale                              0x08000b9d   Thumb Code     8  rt_locale_intlibspace.o(.text)
    _ll_udiv10                               0x08000ba5   Thumb Code   138  lludiv10.o(.text)
    _printf_fp_infnan                        0x08000c31   Thumb Code   112  _printf_fp_infnan.o(.text)
    _btod_etento                             0x08000cb1   Thumb Code   224  bigflt0.o(.text)
    __user_libspace                          0x08000d95   Thumb Code     8  libspace.o(.text)
    __user_perproc_libspace                  0x08000d95   Thumb Code     0  libspace.o(.text)
    __user_perthread_libspace                0x08000d95   Thumb Code     0  libspace.o(.text)
    __user_setup_stackheap                   0x08000d9d   Thumb Code    74  sys_stackheap_outer.o(.text)
    exit                                     0x08000de7   Thumb Code    18  exit.o(.text)
    strcmp                                   0x08000df9   Thumb Code   124  strcmpv7em.o(.text)
    _sys_exit                                0x08000e75   Thumb Code     8  sys_exit.o(.text)
    __I$use$semihosting                      0x08000e81   Thumb Code     0  use_no_semi.o(.text)
    __use_no_semihosting_swi                 0x08000e81   Thumb Code     2  use_no_semi.o(.text)
    __semihosting_library_function           0x08000e83   Thumb Code     0  indicate_semi.o(.text)
    BusFault_Handler                         0x08000e85   Thumb Code     2  stm32f4xx_it.o(.text.BusFault_Handler)
    ControlMotor                             0x08000e89   Thumb Code   200  motor_control.o(.text.ControlMotor)
    DMA2_Stream1_IRQHandler                  0x08000f59   Thumb Code    12  stm32f4xx_it.o(.text.DMA2_Stream1_IRQHandler)
    DMA2_Stream2_IRQHandler                  0x08000f65   Thumb Code    12  stm32f4xx_it.o(.text.DMA2_Stream2_IRQHandler)
    DMA2_Stream6_IRQHandler                  0x08000f71   Thumb Code    12  stm32f4xx_it.o(.text.DMA2_Stream6_IRQHandler)
    DMA2_Stream7_IRQHandler                  0x08000f7d   Thumb Code    12  stm32f4xx_it.o(.text.DMA2_Stream7_IRQHandler)
    DebugMon_Handler                         0x08000f89   Thumb Code     2  stm32f4xx_it.o(.text.DebugMon_Handler)
    Error_Handler                            0x08000f8d   Thumb Code     6  main.o(.text.Error_Handler)
    HAL_ADC_ConfigChannel                    0x08000f95   Thumb Code   354  stm32f4xx_hal_adc.o(.text.HAL_ADC_ConfigChannel)
    HAL_ADC_GetValue                         0x080010f9   Thumb Code     6  stm32f4xx_hal_adc.o(.text.HAL_ADC_GetValue)
    HAL_ADC_Init                             0x08001101   Thumb Code   348  stm32f4xx_hal_adc.o(.text.HAL_ADC_Init)
    HAL_ADC_MspInit                          0x0800125d   Thumb Code   108  adc.o(.text.HAL_ADC_MspInit)
    HAL_ADC_PollForConversion                0x080012c9   Thumb Code   254  stm32f4xx_hal_adc.o(.text.HAL_ADC_PollForConversion)
    HAL_ADC_Start                            0x080013c9   Thumb Code   346  stm32f4xx_hal_adc.o(.text.HAL_ADC_Start)
    HAL_DMA_Abort                            0x08001525   Thumb Code   142  stm32f4xx_hal_dma.o(.text.HAL_DMA_Abort)
    HAL_DMA_Abort_IT                         0x080015b5   Thumb Code    36  stm32f4xx_hal_dma.o(.text.HAL_DMA_Abort_IT)
    HAL_DMA_IRQHandler                       0x080015d9   Thumb Code   452  stm32f4xx_hal_dma.o(.text.HAL_DMA_IRQHandler)
    HAL_DMA_Init                             0x0800179d   Thumb Code   354  stm32f4xx_hal_dma.o(.text.HAL_DMA_Init)
    HAL_DMA_Start_IT                         0x08001901   Thumb Code   162  stm32f4xx_hal_dma.o(.text.HAL_DMA_Start_IT)
    HAL_Delay                                0x080019a5   Thumb Code    40  stm32f4xx_hal.o(.text.HAL_Delay)
    HAL_GPIO_Init                            0x080019cd   Thumb Code   414  stm32f4xx_hal_gpio.o(.text.HAL_GPIO_Init)
    HAL_GPIO_WritePin                        0x08001b6d   Thumb Code    10  stm32f4xx_hal_gpio.o(.text.HAL_GPIO_WritePin)
    HAL_GetTick                              0x08001b79   Thumb Code    12  stm32f4xx_hal.o(.text.HAL_GetTick)
    HAL_I2C_Init                             0x08001b85   Thumb Code   356  stm32f4xx_hal_i2c.o(.text.HAL_I2C_Init)
    HAL_I2C_Mem_Read                         0x08001ce9   Thumb Code   600  stm32f4xx_hal_i2c.o(.text.HAL_I2C_Mem_Read)
    HAL_I2C_Mem_Write                        0x08001f41   Thumb Code   348  stm32f4xx_hal_i2c.o(.text.HAL_I2C_Mem_Write)
    HAL_I2C_MspInit                          0x0800209d   Thumb Code   118  i2c.o(.text.HAL_I2C_MspInit)
    HAL_IncTick                              0x08002115   Thumb Code    26  stm32f4xx_hal.o(.text.HAL_IncTick)
    HAL_Init                                 0x08002131   Thumb Code    54  stm32f4xx_hal.o(.text.HAL_Init)
    HAL_InitTick                             0x08002169   Thumb Code    72  stm32f4xx_hal.o(.text.HAL_InitTick)
    HAL_MspInit                              0x080021b1   Thumb Code    60  stm32f4xx_hal_msp.o(.text.HAL_MspInit)
    HAL_NVIC_EnableIRQ                       0x080021ed   Thumb Code    34  stm32f4xx_hal_cortex.o(.text.HAL_NVIC_EnableIRQ)
    HAL_NVIC_SetPriority                     0x08002211   Thumb Code    86  stm32f4xx_hal_cortex.o(.text.HAL_NVIC_SetPriority)
    HAL_NVIC_SetPriorityGrouping             0x08002269   Thumb Code    32  stm32f4xx_hal_cortex.o(.text.HAL_NVIC_SetPriorityGrouping)
    HAL_PWREx_EnableOverDrive                0x08002289   Thumb Code   122  stm32f4xx_hal_pwr_ex.o(.text.HAL_PWREx_EnableOverDrive)
    HAL_RCC_ClockConfig                      0x08002305   Thumb Code   356  stm32f4xx_hal_rcc.o(.text.HAL_RCC_ClockConfig)
    HAL_RCC_GetPCLK1Freq                     0x08002469   Thumb Code    38  stm32f4xx_hal_rcc.o(.text.HAL_RCC_GetPCLK1Freq)
    HAL_RCC_GetPCLK2Freq                     0x08002491   Thumb Code    38  stm32f4xx_hal_rcc.o(.text.HAL_RCC_GetPCLK2Freq)
    HAL_RCC_GetSysClockFreq                  0x080024b9   Thumb Code   162  stm32f4xx_hal_rcc_ex.o(.text.HAL_RCC_GetSysClockFreq)
    HAL_RCC_OscConfig                        0x0800255d   Thumb Code   988  stm32f4xx_hal_rcc_ex.o(.text.HAL_RCC_OscConfig)
    HAL_SYSTICK_Config                       0x08002939   Thumb Code    44  stm32f4xx_hal_cortex.o(.text.HAL_SYSTICK_Config)
    HAL_TIMEx_MasterConfigSynchronization    0x08002965   Thumb Code   186  stm32f4xx_hal_tim_ex.o(.text.HAL_TIMEx_MasterConfigSynchronization)
    HAL_TIM_Encoder_Init                     0x08002a21   Thumb Code   178  stm32f4xx_hal_tim.o(.text.HAL_TIM_Encoder_Init)
    HAL_TIM_Encoder_MspInit                  0x08002ad5   Thumb Code   186  tim.o(.text.HAL_TIM_Encoder_MspInit)
    HAL_TIM_Encoder_Start                    0x08002b91   Thumb Code   188  stm32f4xx_hal_tim.o(.text.HAL_TIM_Encoder_Start)
    HAL_TIM_PWM_ConfigChannel                0x08002c4d   Thumb Code   544  stm32f4xx_hal_tim.o(.text.HAL_TIM_PWM_ConfigChannel)
    HAL_TIM_PWM_Init                         0x08002e6d   Thumb Code    90  stm32f4xx_hal_tim.o(.text.HAL_TIM_PWM_Init)
    HAL_TIM_PWM_MspInit                      0x08002ec9   Thumb Code    52  tim.o(.text.HAL_TIM_PWM_MspInit)
    HAL_TIM_PWM_Start                        0x08002efd   Thumb Code   270  stm32f4xx_hal_tim.o(.text.HAL_TIM_PWM_Start)
    HAL_UARTEx_RxEventCallback               0x0800300d   Thumb Code     2  stm32f4xx_hal_uart.o(.text.HAL_UARTEx_RxEventCallback)
    HAL_UART_ErrorCallback                   0x08003011   Thumb Code     2  stm32f4xx_hal_uart.o(.text.HAL_UART_ErrorCallback)
    HAL_UART_IRQHandler                      0x08003015   Thumb Code  1428  stm32f4xx_hal_uart.o(.text.HAL_UART_IRQHandler)
    HAL_UART_Init                            0x080035a9   Thumb Code    96  stm32f4xx_hal_uart.o(.text.HAL_UART_Init)
    HAL_UART_MspInit                         0x08003609   Thumb Code   494  usart.o(.text.HAL_UART_MspInit)
    HAL_UART_Receive_DMA                     0x080037f9   Thumb Code   384  stm32f4xx_hal_uart.o(.text.HAL_UART_Receive_DMA)
    HAL_UART_Receive_IT                      0x08003979   Thumb Code    84  stm32f4xx_hal_uart.o(.text.HAL_UART_Receive_IT)
    HAL_UART_RxCpltCallback                  0x080039cd   Thumb Code    18  main.o(.text.HAL_UART_RxCpltCallback)
    HAL_UART_RxHalfCpltCallback              0x080039e1   Thumb Code     2  stm32f4xx_hal_uart.o(.text.HAL_UART_RxHalfCpltCallback)
    HAL_UART_Transmit                        0x080039e5   Thumb Code   402  stm32f4xx_hal_uart.o(.text.HAL_UART_Transmit)
    HAL_UART_TxCpltCallback                  0x08003b79   Thumb Code     2  stm32f4xx_hal_uart.o(.text.HAL_UART_TxCpltCallback)
    HandleBluetoothRx                        0x08003b7d   Thumb Code    96  bluetooth.o(.text.HandleBluetoothRx)
    HardFault_Handler                        0x08003bdd   Thumb Code     2  stm32f4xx_it.o(.text.HardFault_Handler)
    LidarTimeoutRecovery                     0x08004269   Thumb Code   150  rplidar.o(.text.LidarTimeoutRecovery)
    MPU6500_Calibrate                        0x08004301   Thumb Code   320  mpu6500.o(.text.MPU6500_Calibrate)
    MPU6500_Convert_Unit                     0x08004445   Thumb Code   148  mpu6500.o(.text.MPU6500_Convert_Unit)
    MPU6500_GetCalibratedData                0x080044e5   Thumb Code    80  mpu6500.o(.text.MPU6500_GetCalibratedData)
    MPU6500_Init                             0x08004535   Thumb Code    80  mpu6500.o(.text.MPU6500_Init)
    MPU6500_LowPassFilter                    0x08004585   Thumb Code   154  mpu6500.o(.text.MPU6500_LowPassFilter)
    MPU6500_Read_All                         0x08004621   Thumb Code   108  mpu6500.o(.text.MPU6500_Read_All)
    MPU6500_Update_XMotion                   0x0800468d   Thumb Code    42  mpu6500.o(.text.MPU6500_Update_XMotion)
    MX_ADC1_Init                             0x080046b9   Thumb Code   108  adc.o(.text.MX_ADC1_Init)
    MX_DMA_Init                              0x08004725   Thumb Code   104  dma.o(.text.MX_DMA_Init)
    MX_GPIO_Init                             0x0800478d   Thumb Code   172  gpio.o(.text.MX_GPIO_Init)
    MX_I2C1_Init                             0x08004839   Thumb Code    66  i2c.o(.text.MX_I2C1_Init)
    MX_TIM2_Init                             0x0800487d   Thumb Code    98  tim.o(.text.MX_TIM2_Init)
    MX_TIM3_Init                             0x080048e1   Thumb Code   320  tim.o(.text.MX_TIM3_Init)
    MX_TIM4_Init                             0x08004a21   Thumb Code   102  tim.o(.text.MX_TIM4_Init)
    MX_USART1_UART_Init                      0x08004a89   Thumb Code    60  usart.o(.text.MX_USART1_UART_Init)
    MX_USART6_UART_Init                      0x08004ac5   Thumb Code    60  usart.o(.text.MX_USART6_UART_Init)
    MemManage_Handler                        0x08004b01   Thumb Code     2  stm32f4xx_it.o(.text.MemManage_Handler)
    NMI_Handler                              0x08004b05   Thumb Code     2  stm32f4xx_it.o(.text.NMI_Handler)
    PendSV_Handler                           0x08004b09   Thumb Code     2  stm32f4xx_it.o(.text.PendSV_Handler)
    ProcessLidarDataFromDMA                  0x08004b0d   Thumb Code   480  rplidar.o(.text.ProcessLidarDataFromDMA)
    ProcessLidarSampleData                   0x08004d15   Thumb Code   236  rplidar.o(.text.ProcessLidarSampleData)
    SVC_Handler                              0x08004e11   Thumb Code     2  stm32f4xx_it.o(.text.SVC_Handler)
    SendConnectionNotification               0x08004e15   Thumb Code    74  bluetooth.o(.text.SendConnectionNotification)
    SendMPUDataToBluetooth                   0x08004e61   Thumb Code   152  mpu6500.o(.text.SendMPUDataToBluetooth)
    SysTick_Handler                          0x08004f25   Thumb Code     4  stm32f4xx_it.o(.text.SysTick_Handler)
    SystemClock_Config                       0x08004f29   Thumb Code   184  main.o(.text.SystemClock_Config)
    SystemInit                               0x08004fe1   Thumb Code    18  system_stm32f4xx.o(.text.SystemInit)
    TIM_Base_SetConfig                       0x08004ff5   Thumb Code   314  stm32f4xx_hal_tim.o(.text.TIM_Base_SetConfig)
    USART1_IRQHandler                        0x08005619   Thumb Code    12  stm32f4xx_it.o(.text.USART1_IRQHandler)
    UpdateSpeedRamp                          0x08005625   Thumb Code   442  motor_control.o(.text.UpdateSpeedRamp)
    UsageFault_Handler                       0x080057e1   Thumb Code     2  stm32f4xx_it.o(.text.UsageFault_Handler)
    main                                     0x080057e5   Thumb Code   832  main.o(.text.main)
    _btod_d2e                                0x08005bbd   Thumb Code    62  btod.o(CL$$btod_d2e)
    _d2e_denorm_low                          0x08005bfb   Thumb Code    70  btod.o(CL$$btod_d2e_denorm_low)
    _d2e_norm_op1                            0x08005c41   Thumb Code    96  btod.o(CL$$btod_d2e_norm_op1)
    __btod_div_common                        0x08005ca1   Thumb Code   696  btod.o(CL$$btod_div_common)
    _e2e                                     0x08005fd9   Thumb Code   220  btod.o(CL$$btod_e2e)
    _btod_ediv                               0x080060b5   Thumb Code    42  btod.o(CL$$btod_ediv)
    _btod_emul                               0x080060df   Thumb Code    42  btod.o(CL$$btod_emul)
    __btod_mult_common                       0x08006109   Thumb Code   580  btod.o(CL$$btod_mult_common)
    __ARM_fpclassify                         0x0800634d   Thumb Code    48  fpclassify.o(i.__ARM_fpclassify)
    _is_digit                                0x0800637d   Thumb Code    14  __printf_wp.o(i._is_digit)
    _get_lc_numeric                          0x0800638d   Thumb Code    44  lc_numeric_c.o(locale$$code)
    __aeabi_d2uiz                            0x080063b9   Thumb Code     0  dfixu.o(x$fpl$dfixu)
    _dfixu                                   0x080063b9   Thumb Code    90  dfixu.o(x$fpl$dfixu)
    __aeabi_ui2d                             0x08006413   Thumb Code     0  dflt_clz.o(x$fpl$dfltu)
    _dfltu                                   0x08006413   Thumb Code    38  dflt_clz.o(x$fpl$dfltu)
    __aeabi_dmul                             0x08006439   Thumb Code     0  dmul.o(x$fpl$dmul)
    _dmul                                    0x08006439   Thumb Code   332  dmul.o(x$fpl$dmul)
    __fpl_dnaninf                            0x0800658d   Thumb Code   156  dnaninf.o(x$fpl$dnaninf)
    __fpl_dretinf                            0x08006629   Thumb Code    12  dretinf.o(x$fpl$dretinf)
    __aeabi_f2d                              0x08006635   Thumb Code     0  f2d.o(x$fpl$f2d)
    _f2d                                     0x08006635   Thumb Code    86  f2d.o(x$fpl$f2d)
    __fpl_fnaninf                            0x0800668b   Thumb Code   140  fnaninf.o(x$fpl$fnaninf)
    _fp_init                                 0x08006717   Thumb Code    26  fpinit.o(x$fpl$fpinit)
    __fplib_config_fpu_vfp                   0x0800672f   Thumb Code     0  fpinit.o(x$fpl$fpinit)
    __fplib_config_pureend_doubles           0x0800672f   Thumb Code     0  fpinit.o(x$fpl$fpinit)
    _printf_fp_dec                           0x08006731   Thumb Code     4  printf1.o(x$fpl$printf1)
    __I$use$fp                               0x08006734   Number         0  usenofp.o(x$fpl$usenofp)
    AHBPrescTable                            0x080067c8   Data          16  system_stm32f4xx.o(.rodata.AHBPrescTable)
    APBPrescTable                            0x080067d8   Data           8  system_stm32f4xx.o(.rodata.APBPrescTable)
    Region$$Table$$Base                      0x0800680c   Number         0  anon$$obj.o(Region$$Table)
    Region$$Table$$Limit                     0x0800682c   Number         0  anon$$obj.o(Region$$Table)
    uwTickFreq                               0x20000000   Data           1  stm32f4xx_hal.o(.data..L_MergedGlobals)
    uwTickPrio                               0x20000004   Data           4  stm32f4xx_hal.o(.data..L_MergedGlobals)
    SystemCoreClock                          0x20000008   Data           4  system_stm32f4xx.o(.data.SystemCoreClock)
    connection_msg                           0x2000000c   Data          12  main.o(.data.connection_msg)
    turn_direction                           0x20000018   Data           1  main.o(.data.turn_direction)
    __libspace_start                         0x20000020   Data          96  libspace.o(.bss)
    __temporary_stack_top$libspace           0x20000080   Data           0  libspace.o(.bss)
    bluetooth_rx_data                        0x20000080   Data           1  main.o(.bss..L_MergedGlobals)
    lidar_state                              0x20000081   Data           1  main.o(.bss..L_MergedGlobals)
    lidar_start_resp_idx                     0x20000082   Data           1  main.o(.bss..L_MergedGlobals)
    mpu_init_ok                              0x20000083   Data           1  main.o(.bss..L_MergedGlobals)
    last_speed_update_time                   0x20000084   Data           4  main.o(.bss..L_MergedGlobals)
    lastLidarRxTime                          0x20000088   Data           4  main.o(.bss..L_MergedGlobals)
    lastEncoderA                             0x2000008c   Data           4  main.o(.bss..L_MergedGlobals)
    lastEncoderB                             0x20000090   Data           4  main.o(.bss..L_MergedGlobals)
    lastLidarProcessTime                     0x20000094   Data           4  main.o(.bss..L_MergedGlobals)
    lastSensorSendTime                       0x20000098   Data           4  main.o(.bss..L_MergedGlobals)
    lastEncoderReadTime                      0x2000009c   Data           4  main.o(.bss..L_MergedGlobals)
    lastMPUReadTime                          0x200000a0   Data           4  main.o(.bss..L_MergedGlobals)
    mpu_calib                                0x200000a4   Data          52  main.o(.bss..L_MergedGlobals)
    bluetooth_connected                      0x200000ed   Data           1  main.o(.bss.bluetooth_connected)
    connection_announced                     0x200000ee   Data           1  main.o(.bss.connection_announced)
    current_direction                        0x200000ef   Data           1  main.o(.bss.current_direction)
    current_speed                            0x200000f0   Data           4  main.o(.bss.current_speed)
    hadc1                                    0x200000f4   Data          72  adc.o(.bss.hadc1)
    hdma_usart1_rx                           0x2000013c   Data          96  usart.o(.bss.hdma_usart1_rx)
    hdma_usart1_tx                           0x2000019c   Data          96  usart.o(.bss.hdma_usart1_tx)
    hdma_usart6_rx                           0x200001fc   Data          96  usart.o(.bss.hdma_usart6_rx)
    hdma_usart6_tx                           0x2000025c   Data          96  usart.o(.bss.hdma_usart6_tx)
    hi2c1                                    0x200002bc   Data          84  i2c.o(.bss.hi2c1)
    htim2                                    0x20000310   Data          72  tim.o(.bss.htim2)
    htim3                                    0x20000358   Data          72  tim.o(.bss.htim3)
    htim4                                    0x200003a0   Data          72  tim.o(.bss.htim4)
    huart1                                   0x200003e8   Data          72  usart.o(.bss.huart1)
    huart6                                   0x20000430   Data          72  usart.o(.bss.huart6)
    is_turning                               0x20000478   Data           1  main.o(.bss.is_turning)
    lastLidarAngle                           0x2000047c   Data           4  main.o(.bss.lastLidarAngle)
    lidar_dma_buffer                         0x20000480   Data         256  main.o(.bss.lidar_dma_buffer)
    lidar_rxIndex                            0x20000580   Data           4  main.o(.bss.lidar_rxIndex)
    lidar_start_resp_buf                     0x20000584   Data           7  main.o(.bss.lidar_start_resp_buf)
    target_direction                         0x2000058b   Data           1  main.o(.bss.target_direction)
    target_speed                             0x2000058c   Data           4  main.o(.bss.target_speed)
    turn_start_time                          0x20000590   Data           4  main.o(.bss.turn_start_time)
    turn_state                               0x20000594   Data           1  main.o(.bss.turn_state)
    uart_buf                                 0x20000595   Data         100  main.o(.bss.uart_buf)
    uwTick                                   0x200005fc   Data           4  stm32f4xx_hal.o(.bss.uwTick)



==============================================================================

Memory Map of the image

  Image Entry point : 0x080001c5

  Load Region LR_IROM1 (Base: 0x08000000, Size: 0x00006868, Max: 0x00080000, ABSOLUTE)

    Execution Region ER_IROM1 (Exec base: 0x08000000, Load base: 0x08000000, Size: 0x00006848, Max: 0x00080000, ABSOLUTE)

    Exec Addr    Load Addr    Size         Type   Attr      Idx    E Section Name        Object

    0x08000000   0x08000000   0x000001c4   Data   RO            3    RESET               startup_stm32f446xx.o
    0x080001c4   0x080001c4   0x00000008   Code   RO         1421  * !!!main             c_w.l(__main.o)
    0x080001cc   0x080001cc   0x0000005c   Code   RO         1681    !!!scatter          c_w.l(__scatter.o)
    0x08000228   0x08000228   0x0000001a   Code   RO         1685    !!handler_copy      c_w.l(__scatter_copy.o)
    0x08000242   0x08000242   0x00000002   PAD
    0x08000244   0x08000244   0x00000002   Code   RO         1682    !!handler_null      c_w.l(__scatter.o)
    0x08000246   0x08000246   0x00000002   PAD
    0x08000248   0x08000248   0x0000001c   Code   RO         1687    !!handler_zi        c_w.l(__scatter_zi.o)
    0x08000264   0x08000264   0x00000000   Code   RO         1414    .ARM.Collect$$_printf_percent$$00000000  c_w.l(_printf_percent.o)
    0x08000264   0x08000264   0x00000006   Code   RO         1413    .ARM.Collect$$_printf_percent$$00000003  c_w.l(_printf_f.o)
    0x0800026a   0x0800026a   0x00000006   Code   RO         1411    .ARM.Collect$$_printf_percent$$00000009  c_w.l(_printf_d.o)
    0x08000270   0x08000270   0x00000006   Code   RO         1412    .ARM.Collect$$_printf_percent$$0000000A  c_w.l(_printf_u.o)
    0x08000276   0x08000276   0x00000004   Code   RO         1454    .ARM.Collect$$_printf_percent$$00000017  c_w.l(_printf_percent_end.o)
    0x0800027a   0x0800027a   0x00000002   Code   RO         1544    .ARM.Collect$$libinit$$00000000  c_w.l(libinit.o)
    0x0800027c   0x0800027c   0x00000004   Code   RO         1545    .ARM.Collect$$libinit$$00000001  c_w.l(libinit2.o)
    0x08000280   0x08000280   0x00000000   Code   RO         1548    .ARM.Collect$$libinit$$00000004  c_w.l(libinit2.o)
    0x08000280   0x08000280   0x00000000   Code   RO         1550    .ARM.Collect$$libinit$$00000006  c_w.l(libinit2.o)
    0x08000280   0x08000280   0x00000000   Code   RO         1553    .ARM.Collect$$libinit$$0000000C  c_w.l(libinit2.o)
    0x08000280   0x08000280   0x00000000   Code   RO         1555    .ARM.Collect$$libinit$$0000000E  c_w.l(libinit2.o)
    0x08000280   0x08000280   0x00000000   Code   RO         1557    .ARM.Collect$$libinit$$00000010  c_w.l(libinit2.o)
    0x08000280   0x08000280   0x00000006   Code   RO         1558    .ARM.Collect$$libinit$$00000011  c_w.l(libinit2.o)
    0x08000286   0x08000286   0x00000000   Code   RO         1560    .ARM.Collect$$libinit$$00000013  c_w.l(libinit2.o)
    0x08000286   0x08000286   0x00000000   Code   RO         1562    .ARM.Collect$$libinit$$00000015  c_w.l(libinit2.o)
    0x08000286   0x08000286   0x00000000   Code   RO         1564    .ARM.Collect$$libinit$$00000017  c_w.l(libinit2.o)
    0x08000286   0x08000286   0x0000000a   Code   RO         1565    .ARM.Collect$$libinit$$00000018  c_w.l(libinit2.o)
    0x08000290   0x08000290   0x00000000   Code   RO         1566    .ARM.Collect$$libinit$$00000019  c_w.l(libinit2.o)
    0x08000290   0x08000290   0x00000000   Code   RO         1568    .ARM.Collect$$libinit$$0000001B  c_w.l(libinit2.o)
    0x08000290   0x08000290   0x00000000   Code   RO         1570    .ARM.Collect$$libinit$$0000001D  c_w.l(libinit2.o)
    0x08000290   0x08000290   0x00000000   Code   RO         1572    .ARM.Collect$$libinit$$0000001F  c_w.l(libinit2.o)
    0x08000290   0x08000290   0x00000000   Code   RO         1574    .ARM.Collect$$libinit$$00000021  c_w.l(libinit2.o)
    0x08000290   0x08000290   0x00000000   Code   RO         1576    .ARM.Collect$$libinit$$00000023  c_w.l(libinit2.o)
    0x08000290   0x08000290   0x00000000   Code   RO         1578    .ARM.Collect$$libinit$$00000025  c_w.l(libinit2.o)
    0x08000290   0x08000290   0x00000000   Code   RO         1580    .ARM.Collect$$libinit$$00000027  c_w.l(libinit2.o)
    0x08000290   0x08000290   0x00000000   Code   RO         1584    .ARM.Collect$$libinit$$0000002E  c_w.l(libinit2.o)
    0x08000290   0x08000290   0x00000000   Code   RO         1586    .ARM.Collect$$libinit$$00000030  c_w.l(libinit2.o)
    0x08000290   0x08000290   0x00000000   Code   RO         1588    .ARM.Collect$$libinit$$00000032  c_w.l(libinit2.o)
    0x08000290   0x08000290   0x00000000   Code   RO         1590    .ARM.Collect$$libinit$$00000034  c_w.l(libinit2.o)
    0x08000290   0x08000290   0x00000002   Code   RO         1591    .ARM.Collect$$libinit$$00000035  c_w.l(libinit2.o)
    0x08000292   0x08000292   0x00000002   Code   RO         1646    .ARM.Collect$$libshutdown$$00000000  c_w.l(libshutdown.o)
    0x08000294   0x08000294   0x00000000   Code   RO         1664    .ARM.Collect$$libshutdown$$00000002  c_w.l(libshutdown2.o)
    0x08000294   0x08000294   0x00000000   Code   RO         1666    .ARM.Collect$$libshutdown$$00000004  c_w.l(libshutdown2.o)
    0x08000294   0x08000294   0x00000000   Code   RO         1669    .ARM.Collect$$libshutdown$$00000007  c_w.l(libshutdown2.o)
    0x08000294   0x08000294   0x00000000   Code   RO         1672    .ARM.Collect$$libshutdown$$0000000A  c_w.l(libshutdown2.o)
    0x08000294   0x08000294   0x00000000   Code   RO         1674    .ARM.Collect$$libshutdown$$0000000C  c_w.l(libshutdown2.o)
    0x08000294   0x08000294   0x00000000   Code   RO         1677    .ARM.Collect$$libshutdown$$0000000F  c_w.l(libshutdown2.o)
    0x08000294   0x08000294   0x00000002   Code   RO         1678    .ARM.Collect$$libshutdown$$00000010  c_w.l(libshutdown2.o)
    0x08000296   0x08000296   0x00000000   Code   RO         1439    .ARM.Collect$$rtentry$$00000000  c_w.l(__rtentry.o)
    0x08000296   0x08000296   0x00000000   Code   RO         1463    .ARM.Collect$$rtentry$$00000002  c_w.l(__rtentry2.o)
    0x08000296   0x08000296   0x00000006   Code   RO         1475    .ARM.Collect$$rtentry$$00000004  c_w.l(__rtentry4.o)
    0x0800029c   0x0800029c   0x00000000   Code   RO         1465    .ARM.Collect$$rtentry$$00000009  c_w.l(__rtentry2.o)
    0x0800029c   0x0800029c   0x00000004   Code   RO         1466    .ARM.Collect$$rtentry$$0000000A  c_w.l(__rtentry2.o)
    0x080002a0   0x080002a0   0x00000000   Code   RO         1468    .ARM.Collect$$rtentry$$0000000C  c_w.l(__rtentry2.o)
    0x080002a0   0x080002a0   0x00000008   Code   RO         1469    .ARM.Collect$$rtentry$$0000000D  c_w.l(__rtentry2.o)
    0x080002a8   0x080002a8   0x00000002   Code   RO         1592    .ARM.Collect$$rtexit$$00000000  c_w.l(rtexit.o)
    0x080002aa   0x080002aa   0x00000000   Code   RO         1611    .ARM.Collect$$rtexit$$00000002  c_w.l(rtexit2.o)
    0x080002aa   0x080002aa   0x00000004   Code   RO         1612    .ARM.Collect$$rtexit$$00000003  c_w.l(rtexit2.o)
    0x080002ae   0x080002ae   0x00000006   Code   RO         1613    .ARM.Collect$$rtexit$$00000004  c_w.l(rtexit2.o)
    0x080002b4   0x080002b4   0x00000040   Code   RO            4    .text               startup_stm32f446xx.o
    0x080002f4   0x080002f4   0x000000f0   Code   RO         1381    .text               c_w.l(lludivv7m.o)
    0x080003e4   0x080003e4   0x00000040   Code   RO         1383    .text               c_w.l(__2snprintf.o)
    0x08000424   0x08000424   0x00000078   Code   RO         1389    .text               c_w.l(_printf_dec.o)
    0x0800049c   0x0800049c   0x00000160   Code   RO         1406    .text               c_w.l(__printf_ss_wp.o)
    0x080005fc   0x080005fc   0x0000003e   Code   RO         1415    .text               c_w.l(strlen.o)
    0x0800063a   0x0800063a   0x0000004e   Code   RO         1417    .text               c_w.l(rt_memclr_w.o)
    0x08000688   0x08000688   0x00000006   Code   RO         1419    .text               c_w.l(heapauxi.o)
    0x0800068e   0x0800068e   0x000000b2   Code   RO         1444    .text               c_w.l(_printf_intcommon.o)
    0x08000740   0x08000740   0x0000041c   Code   RO         1446    .text               c_w.l(_printf_fp_dec.o)
    0x08000b5c   0x08000b5c   0x00000030   Code   RO         1450    .text               c_w.l(_printf_char_common.o)
    0x08000b8c   0x08000b8c   0x00000010   Code   RO         1452    .text               c_w.l(_snputc.o)
    0x08000b9c   0x08000b9c   0x00000008   Code   RO         1482    .text               c_w.l(rt_locale_intlibspace.o)
    0x08000ba4   0x08000ba4   0x0000008a   Code   RO         1484    .text               c_w.l(lludiv10.o)
    0x08000c2e   0x08000c2e   0x00000002   PAD
    0x08000c30   0x08000c30   0x00000080   Code   RO         1486    .text               c_w.l(_printf_fp_infnan.o)
    0x08000cb0   0x08000cb0   0x000000e4   Code   RO         1490    .text               c_w.l(bigflt0.o)
    0x08000d94   0x08000d94   0x00000008   Code   RO         1524    .text               c_w.l(libspace.o)
    0x08000d9c   0x08000d9c   0x0000004a   Code   RO         1527    .text               c_w.l(sys_stackheap_outer.o)
    0x08000de6   0x08000de6   0x00000012   Code   RO         1531    .text               c_w.l(exit.o)
    0x08000df8   0x08000df8   0x0000007c   Code   RO         1537    .text               c_w.l(strcmpv7em.o)
    0x08000e74   0x08000e74   0x0000000c   Code   RO         1606    .text               c_w.l(sys_exit.o)
    0x08000e80   0x08000e80   0x00000002   Code   RO         1633    .text               c_w.l(use_no_semi.o)
    0x08000e82   0x08000e82   0x00000000   Code   RO         1635    .text               c_w.l(indicate_semi.o)
    0x08000e82   0x08000e82   0x00000002   PAD
    0x08000e84   0x08000e84   0x00000002   Code   RO          150    .text.BusFault_Handler  stm32f4xx_it.o
    0x08000e86   0x08000e86   0x00000002   PAD
    0x08000e88   0x08000e88   0x000000d0   Code   RO          240    .text.ControlMotor  motor_control.o
    0x08000f58   0x08000f58   0x0000000c   Code   RO          164    .text.DMA2_Stream1_IRQHandler  stm32f4xx_it.o
    0x08000f64   0x08000f64   0x0000000c   Code   RO          166    .text.DMA2_Stream2_IRQHandler  stm32f4xx_it.o
    0x08000f70   0x08000f70   0x0000000c   Code   RO          168    .text.DMA2_Stream6_IRQHandler  stm32f4xx_it.o
    0x08000f7c   0x08000f7c   0x0000000c   Code   RO          170    .text.DMA2_Stream7_IRQHandler  stm32f4xx_it.o
    0x08000f88   0x08000f88   0x00000002   Code   RO          156    .text.DebugMon_Handler  stm32f4xx_it.o
    0x08000f8a   0x08000f8a   0x00000002   PAD
    0x08000f8c   0x08000f8c   0x00000006   Code   RO           17    .text.Error_Handler  main.o
    0x08000f92   0x08000f92   0x00000002   PAD
    0x08000f94   0x08000f94   0x00000162   Code   RO          294    .text.HAL_ADC_ConfigChannel  stm32f4xx_hal_adc.o
    0x080010f6   0x080010f6   0x00000002   PAD
    0x080010f8   0x080010f8   0x00000006   Code   RO          290    .text.HAL_ADC_GetValue  stm32f4xx_hal_adc.o
    0x080010fe   0x080010fe   0x00000002   PAD
    0x08001100   0x08001100   0x0000015c   Code   RO          252    .text.HAL_ADC_Init  stm32f4xx_hal_adc.o
    0x0800125c   0x0800125c   0x0000006c   Code   RO           58    .text.HAL_ADC_MspInit  adc.o
    0x080012c8   0x080012c8   0x000000fe   Code   RO          264    .text.HAL_ADC_PollForConversion  stm32f4xx_hal_adc.o
    0x080013c6   0x080013c6   0x00000002   PAD
    0x080013c8   0x080013c8   0x0000015a   Code   RO          260    .text.HAL_ADC_Start  stm32f4xx_hal_adc.o
    0x08001522   0x08001522   0x00000002   PAD
    0x08001524   0x08001524   0x0000008e   Code   RO          539    .text.HAL_DMA_Abort  stm32f4xx_hal_dma.o
    0x080015b2   0x080015b2   0x00000002   PAD
    0x080015b4   0x080015b4   0x00000024   Code   RO          541    .text.HAL_DMA_Abort_IT  stm32f4xx_hal_dma.o
    0x080015d8   0x080015d8   0x000001c4   Code   RO          545    .text.HAL_DMA_IRQHandler  stm32f4xx_hal_dma.o
    0x0800179c   0x0800179c   0x00000162   Code   RO          531    .text.HAL_DMA_Init  stm32f4xx_hal_dma.o
    0x080018fe   0x080018fe   0x00000002   PAD
    0x08001900   0x08001900   0x000000a2   Code   RO          537    .text.HAL_DMA_Start_IT  stm32f4xx_hal_dma.o
    0x080019a2   0x080019a2   0x00000002   PAD
    0x080019a4   0x080019a4   0x00000028   Code   RO          704    .text.HAL_Delay     stm32f4xx_hal.o
    0x080019cc   0x080019cc   0x0000019e   Code   RO          493    .text.HAL_GPIO_Init  stm32f4xx_hal_gpio.o
    0x08001b6a   0x08001b6a   0x00000002   PAD
    0x08001b6c   0x08001b6c   0x0000000a   Code   RO          499    .text.HAL_GPIO_WritePin  stm32f4xx_hal_gpio.o
    0x08001b76   0x08001b76   0x00000002   PAD
    0x08001b78   0x08001b78   0x0000000c   Code   RO          696    .text.HAL_GetTick   stm32f4xx_hal.o
    0x08001b84   0x08001b84   0x00000164   Code   RO          774    .text.HAL_I2C_Init  stm32f4xx_hal_i2c.o
    0x08001ce8   0x08001ce8   0x00000258   Code   RO          822    .text.HAL_I2C_Mem_Read  stm32f4xx_hal_i2c.o
    0x08001f40   0x08001f40   0x0000015c   Code   RO          818    .text.HAL_I2C_Mem_Write  stm32f4xx_hal_i2c.o
    0x0800209c   0x0800209c   0x00000076   Code   RO           82    .text.HAL_I2C_MspInit  i2c.o
    0x08002112   0x08002112   0x00000002   PAD
    0x08002114   0x08002114   0x0000001a   Code   RO          694    .text.HAL_IncTick   stm32f4xx_hal.o
    0x0800212e   0x0800212e   0x00000002   PAD
    0x08002130   0x08002130   0x00000036   Code   RO          684    .text.HAL_Init      stm32f4xx_hal.o
    0x08002166   0x08002166   0x00000002   PAD
    0x08002168   0x08002168   0x00000048   Code   RO          686    .text.HAL_InitTick  stm32f4xx_hal.o
    0x080021b0   0x080021b0   0x0000003c   Code   RO          179    .text.HAL_MspInit   stm32f4xx_hal_msp.o
    0x080021ec   0x080021ec   0x00000022   Code   RO          636    .text.HAL_NVIC_EnableIRQ  stm32f4xx_hal_cortex.o
    0x0800220e   0x0800220e   0x00000002   PAD
    0x08002210   0x08002210   0x00000056   Code   RO          634    .text.HAL_NVIC_SetPriority  stm32f4xx_hal_cortex.o
    0x08002266   0x08002266   0x00000002   PAD
    0x08002268   0x08002268   0x00000020   Code   RO          632    .text.HAL_NVIC_SetPriorityGrouping  stm32f4xx_hal_cortex.o
    0x08002288   0x08002288   0x0000007a   Code   RO          618    .text.HAL_PWREx_EnableOverDrive  stm32f4xx_hal_pwr_ex.o
    0x08002302   0x08002302   0x00000002   PAD
    0x08002304   0x08002304   0x00000164   Code   RO          353    .text.HAL_RCC_ClockConfig  stm32f4xx_hal_rcc.o
    0x08002468   0x08002468   0x00000026   Code   RO          365    .text.HAL_RCC_GetPCLK1Freq  stm32f4xx_hal_rcc.o
    0x0800248e   0x0800248e   0x00000002   PAD
    0x08002490   0x08002490   0x00000026   Code   RO          367    .text.HAL_RCC_GetPCLK2Freq  stm32f4xx_hal_rcc.o
    0x080024b6   0x080024b6   0x00000002   PAD
    0x080024b8   0x080024b8   0x000000a2   Code   RO          401    .text.HAL_RCC_GetSysClockFreq  stm32f4xx_hal_rcc_ex.o
    0x0800255a   0x0800255a   0x00000002   PAD
    0x0800255c   0x0800255c   0x000003dc   Code   RO          405    .text.HAL_RCC_OscConfig  stm32f4xx_hal_rcc_ex.o
    0x08002938   0x08002938   0x0000002c   Code   RO          644    .text.HAL_SYSTICK_Config  stm32f4xx_hal_cortex.o
    0x08002964   0x08002964   0x000000ba   Code   RO         1219    .text.HAL_TIMEx_MasterConfigSynchronization  stm32f4xx_hal_tim_ex.o
    0x08002a1e   0x08002a1e   0x00000002   PAD
    0x08002a20   0x08002a20   0x000000b2   Code   RO         1038    .text.HAL_TIM_Encoder_Init  stm32f4xx_hal_tim.o
    0x08002ad2   0x08002ad2   0x00000002   PAD
    0x08002ad4   0x08002ad4   0x000000ba   Code   RO          103    .text.HAL_TIM_Encoder_MspInit  tim.o
    0x08002b8e   0x08002b8e   0x00000002   PAD
    0x08002b90   0x08002b90   0x000000bc   Code   RO         1046    .text.HAL_TIM_Encoder_Start  stm32f4xx_hal_tim.o
    0x08002c4c   0x08002c4c   0x00000220   Code   RO         1078    .text.HAL_TIM_PWM_ConfigChannel  stm32f4xx_hal_tim.o
    0x08002e6c   0x08002e6c   0x0000005a   Code   RO          978    .text.HAL_TIM_PWM_Init  stm32f4xx_hal_tim.o
    0x08002ec6   0x08002ec6   0x00000002   PAD
    0x08002ec8   0x08002ec8   0x00000034   Code   RO          105    .text.HAL_TIM_PWM_MspInit  tim.o
    0x08002efc   0x08002efc   0x0000010e   Code   RO          986    .text.HAL_TIM_PWM_Start  stm32f4xx_hal_tim.o
    0x0800300a   0x0800300a   0x00000002   PAD
    0x0800300c   0x0800300c   0x00000002   Code   RO         1329    .text.HAL_UARTEx_RxEventCallback  stm32f4xx_hal_uart.o
    0x0800300e   0x0800300e   0x00000002   PAD
    0x08003010   0x08003010   0x00000002   Code   RO         1327    .text.HAL_UART_ErrorCallback  stm32f4xx_hal_uart.o
    0x08003012   0x08003012   0x00000002   PAD
    0x08003014   0x08003014   0x00000594   Code   RO         1321    .text.HAL_UART_IRQHandler  stm32f4xx_hal_uart.o
    0x080035a8   0x080035a8   0x00000060   Code   RO         1243    .text.HAL_UART_Init  stm32f4xx_hal_uart.o
    0x08003608   0x08003608   0x000001ee   Code   RO          126    .text.HAL_UART_MspInit  usart.o
    0x080037f6   0x080037f6   0x00000002   PAD
    0x080037f8   0x080037f8   0x00000180   Code   RO         1277    .text.HAL_UART_Receive_DMA  stm32f4xx_hal_uart.o
    0x08003978   0x08003978   0x00000054   Code   RO         1265    .text.HAL_UART_Receive_IT  stm32f4xx_hal_uart.o
    0x080039cc   0x080039cc   0x00000012   Code   RO           11    .text.HAL_UART_RxCpltCallback  main.o
    0x080039de   0x080039de   0x00000002   PAD
    0x080039e0   0x080039e0   0x00000002   Code   RO         1337    .text.HAL_UART_RxHalfCpltCallback  stm32f4xx_hal_uart.o
    0x080039e2   0x080039e2   0x00000002   PAD
    0x080039e4   0x080039e4   0x00000192   Code   RO         1259    .text.HAL_UART_Transmit  stm32f4xx_hal_uart.o
    0x08003b76   0x08003b76   0x00000002   PAD
    0x08003b78   0x08003b78   0x00000002   Code   RO         1331    .text.HAL_UART_TxCpltCallback  stm32f4xx_hal_uart.o
    0x08003b7a   0x08003b7a   0x00000002   PAD
    0x08003b7c   0x08003b7c   0x00000060   Code   RO          187    .text.HandleBluetoothRx  bluetooth.o
    0x08003bdc   0x08003bdc   0x00000002   Code   RO          146    .text.HardFault_Handler  stm32f4xx_it.o
    0x08003bde   0x08003bde   0x00000002   PAD
    0x08003be0   0x08003be0   0x00000112   Code   RO          824    .text.I2C_RequestMemoryRead  stm32f4xx_hal_i2c.o
    0x08003cf2   0x08003cf2   0x00000002   PAD
    0x08003cf4   0x08003cf4   0x000000c8   Code   RO          820    .text.I2C_RequestMemoryWrite  stm32f4xx_hal_i2c.o
    0x08003dbc   0x08003dbc   0x000000ba   Code   RO          788    .text.I2C_WaitOnBTFFlagUntilTimeout  stm32f4xx_hal_i2c.o
    0x08003e76   0x08003e76   0x00000002   PAD
    0x08003e78   0x08003e78   0x000001ca   Code   RO          784    .text.I2C_WaitOnFlagUntilTimeout  stm32f4xx_hal_i2c.o
    0x08004042   0x08004042   0x00000002   PAD
    0x08004044   0x08004044   0x000000d6   Code   RO          902    .text.I2C_WaitOnMasterAddressFlagUntilTimeout  stm32f4xx_hal_i2c.o
    0x0800411a   0x0800411a   0x00000002   PAD
    0x0800411c   0x0800411c   0x00000090   Code   RO          792    .text.I2C_WaitOnRXNEFlagUntilTimeout  stm32f4xx_hal_i2c.o
    0x080041ac   0x080041ac   0x000000ba   Code   RO          786    .text.I2C_WaitOnTXEFlagUntilTimeout  stm32f4xx_hal_i2c.o
    0x08004266   0x08004266   0x00000002   PAD
    0x08004268   0x08004268   0x00000096   Code   RO          228    .text.LidarTimeoutRecovery  rplidar.o
    0x080042fe   0x080042fe   0x00000002   PAD
    0x08004300   0x08004300   0x00000144   Code   RO          200    .text.MPU6500_Calibrate  mpu6500.o
    0x08004444   0x08004444   0x000000a0   Code   RO          206    .text.MPU6500_Convert_Unit  mpu6500.o
    0x080044e4   0x080044e4   0x00000050   Code   RO          204    .text.MPU6500_GetCalibratedData  mpu6500.o
    0x08004534   0x08004534   0x00000050   Code   RO          198    .text.MPU6500_Init  mpu6500.o
    0x08004584   0x08004584   0x0000009a   Code   RO          208    .text.MPU6500_LowPassFilter  mpu6500.o
    0x0800461e   0x0800461e   0x00000002   PAD
    0x08004620   0x08004620   0x0000006c   Code   RO          202    .text.MPU6500_Read_All  mpu6500.o
    0x0800468c   0x0800468c   0x0000002a   Code   RO          210    .text.MPU6500_Update_XMotion  mpu6500.o
    0x080046b6   0x080046b6   0x00000002   PAD
    0x080046b8   0x080046b8   0x0000006c   Code   RO           56    .text.MX_ADC1_Init  adc.o
    0x08004724   0x08004724   0x00000068   Code   RO           71    .text.MX_DMA_Init   dma.o
    0x0800478c   0x0800478c   0x000000ac   Code   RO           47    .text.MX_GPIO_Init  gpio.o
    0x08004838   0x08004838   0x00000042   Code   RO           80    .text.MX_I2C1_Init  i2c.o
    0x0800487a   0x0800487a   0x00000002   PAD
    0x0800487c   0x0800487c   0x00000062   Code   RO           95    .text.MX_TIM2_Init  tim.o
    0x080048de   0x080048de   0x00000002   PAD
    0x080048e0   0x080048e0   0x00000140   Code   RO           97    .text.MX_TIM3_Init  tim.o
    0x08004a20   0x08004a20   0x00000066   Code   RO          101    .text.MX_TIM4_Init  tim.o
    0x08004a86   0x08004a86   0x00000002   PAD
    0x08004a88   0x08004a88   0x0000003c   Code   RO          122    .text.MX_USART1_UART_Init  usart.o
    0x08004ac4   0x08004ac4   0x0000003c   Code   RO          124    .text.MX_USART6_UART_Init  usart.o
    0x08004b00   0x08004b00   0x00000002   Code   RO          148    .text.MemManage_Handler  stm32f4xx_it.o
    0x08004b02   0x08004b02   0x00000002   PAD
    0x08004b04   0x08004b04   0x00000002   Code   RO          144    .text.NMI_Handler   stm32f4xx_it.o
    0x08004b06   0x08004b06   0x00000002   PAD
    0x08004b08   0x08004b08   0x00000002   Code   RO          158    .text.PendSV_Handler  stm32f4xx_it.o
    0x08004b0a   0x08004b0a   0x00000002   PAD
    0x08004b0c   0x08004b0c   0x00000208   Code   RO          226    .text.ProcessLidarDataFromDMA  rplidar.o
    0x08004d14   0x08004d14   0x000000fc   Code   RO          222    .text.ProcessLidarSampleData  rplidar.o
    0x08004e10   0x08004e10   0x00000002   Code   RO          154    .text.SVC_Handler   stm32f4xx_it.o
    0x08004e12   0x08004e12   0x00000002   PAD
    0x08004e14   0x08004e14   0x0000004a   Code   RO          189    .text.SendConnectionNotification  bluetooth.o
    0x08004e5e   0x08004e5e   0x00000002   PAD
    0x08004e60   0x08004e60   0x000000c4   Code   RO          212    .text.SendMPUDataToBluetooth  mpu6500.o
    0x08004f24   0x08004f24   0x00000004   Code   RO          160    .text.SysTick_Handler  stm32f4xx_it.o
    0x08004f28   0x08004f28   0x000000b8   Code   RO           15    .text.SystemClock_Config  main.o
    0x08004fe0   0x08004fe0   0x00000012   Code   RO         1365    .text.SystemInit    system_stm32f4xx.o
    0x08004ff2   0x08004ff2   0x00000002   PAD
    0x08004ff4   0x08004ff4   0x0000013a   Code   RO          928    .text.TIM_Base_SetConfig  stm32f4xx_hal_tim.o
    0x0800512e   0x0800512e   0x00000002   PAD
    0x08005130   0x08005130   0x0000000a   Code   RO         1325    .text.UART_DMAAbortOnError  stm32f4xx_hal_uart.o
    0x0800513a   0x0800513a   0x00000002   PAD
    0x0800513c   0x0800513c   0x0000017c   Code   RO         1275    .text.UART_DMAError  stm32f4xx_hal_uart.o
    0x080052b8   0x080052b8   0x0000015e   Code   RO         1353    .text.UART_DMAReceiveCplt  stm32f4xx_hal_uart.o
    0x08005416   0x08005416   0x00000002   PAD
    0x08005418   0x08005418   0x00000018   Code   RO         1355    .text.UART_DMARxHalfCplt  stm32f4xx_hal_uart.o
    0x08005430   0x08005430   0x000000fe   Code   RO         1323    .text.UART_Receive_IT  stm32f4xx_hal_uart.o
    0x0800552e   0x0800552e   0x00000002   PAD
    0x08005530   0x08005530   0x000000e6   Code   RO         1247    .text.UART_SetConfig  stm32f4xx_hal_uart.o
    0x08005616   0x08005616   0x00000002   PAD
    0x08005618   0x08005618   0x0000000c   Code   RO          162    .text.USART1_IRQHandler  stm32f4xx_it.o
    0x08005624   0x08005624   0x000001ba   Code   RO          242    .text.UpdateSpeedRamp  motor_control.o
    0x080057de   0x080057de   0x00000002   PAD
    0x080057e0   0x080057e0   0x00000002   Code   RO          152    .text.UsageFault_Handler  stm32f4xx_it.o
    0x080057e2   0x080057e2   0x00000002   PAD
    0x080057e4   0x080057e4   0x000003d8   Code   RO           13    .text.main          main.o
    0x08005bbc   0x08005bbc   0x0000003e   Code   RO         1493    CL$$btod_d2e        c_w.l(btod.o)
    0x08005bfa   0x08005bfa   0x00000046   Code   RO         1495    CL$$btod_d2e_denorm_low  c_w.l(btod.o)
    0x08005c40   0x08005c40   0x00000060   Code   RO         1494    CL$$btod_d2e_norm_op1  c_w.l(btod.o)
    0x08005ca0   0x08005ca0   0x00000338   Code   RO         1503    CL$$btod_div_common  c_w.l(btod.o)
    0x08005fd8   0x08005fd8   0x000000dc   Code   RO         1500    CL$$btod_e2e        c_w.l(btod.o)
    0x080060b4   0x080060b4   0x0000002a   Code   RO         1497    CL$$btod_ediv       c_w.l(btod.o)
    0x080060de   0x080060de   0x0000002a   Code   RO         1496    CL$$btod_emul       c_w.l(btod.o)
    0x08006108   0x08006108   0x00000244   Code   RO         1502    CL$$btod_mult_common  c_w.l(btod.o)
    0x0800634c   0x0800634c   0x00000030   Code   RO         1522    i.__ARM_fpclassify  m_wm.l(fpclassify.o)
    0x0800637c   0x0800637c   0x0000000e   Code   RO         1401    i._is_digit         c_w.l(__printf_wp.o)
    0x0800638a   0x0800638a   0x00000002   PAD
    0x0800638c   0x0800638c   0x0000002c   Code   RO         1518    locale$$code        c_w.l(lc_numeric_c.o)
    0x080063b8   0x080063b8   0x0000005a   Code   RO         1423    x$fpl$dfixu         fz_wm.l(dfixu.o)
    0x08006412   0x08006412   0x00000026   Code   RO         1427    x$fpl$dfltu         fz_wm.l(dflt_clz.o)
    0x08006438   0x08006438   0x00000154   Code   RO         1433    x$fpl$dmul          fz_wm.l(dmul.o)
    0x0800658c   0x0800658c   0x0000009c   Code   RO         1455    x$fpl$dnaninf       fz_wm.l(dnaninf.o)
    0x08006628   0x08006628   0x0000000c   Code   RO         1457    x$fpl$dretinf       fz_wm.l(dretinf.o)
    0x08006634   0x08006634   0x00000056   Code   RO         1435    x$fpl$f2d           fz_wm.l(f2d.o)
    0x0800668a   0x0800668a   0x0000008c   Code   RO         1459    x$fpl$fnaninf       fz_wm.l(fnaninf.o)
    0x08006716   0x08006716   0x0000001a   Code   RO         1604    x$fpl$fpinit        fz_wm.l(fpinit.o)
    0x08006730   0x08006730   0x00000004   Code   RO         1437    x$fpl$printf1       fz_wm.l(printf1.o)
    0x08006734   0x08006734   0x00000000   Code   RO         1461    x$fpl$usenofp       fz_wm.l(usenofp.o)
    0x08006734   0x08006734   0x00000094   Data   RO         1491    .constdata          c_w.l(bigflt0.o)
    0x080067c8   0x080067c8   0x00000010   Data   RO         1370    .rodata.AHBPrescTable  system_stm32f4xx.o
    0x080067d8   0x080067d8   0x00000008   Data   RO         1371    .rodata.APBPrescTable  system_stm32f4xx.o
    0x080067e0   0x080067e0   0x00000008   Data   RO          555    .rodata.cst8        stm32f4xx_hal_dma.o
    0x080067e8   0x080067e8   0x0000000e   Data   RO           34    .rodata.str1.1      main.o
    0x080067f6   0x080067f6   0x00000015   Data   RO          230    .rodata.str1.1      rplidar.o
    0x0800680b   0x0800680b   0x00000001   PAD
    0x0800680c   0x0800680c   0x00000020   Data   RO         1680    Region$$Table       anon$$obj.o
    0x0800682c   0x0800682c   0x0000001c   Data   RO         1517    locale$$data        c_w.l(lc_numeric_c.o)


    Execution Region RW_IRAM1 (Exec base: 0x20000000, Load base: 0x08006848, Size: 0x00000c00, Max: 0x00020000, ABSOLUTE)

    Exec Addr    Load Addr    Size         Type   Attr      Idx    E Section Name        Object

    0x20000000   0x08006848   0x00000008   Data   RW          739    .data..L_MergedGlobals  stm32f4xx_hal.o
    0x20000008   0x08006850   0x00000004   Data   RW         1369    .data.SystemCoreClock  system_stm32f4xx.o
    0x2000000c   0x08006854   0x0000000c   Data   RW           29    .data.connection_msg  main.o
    0x20000018   0x08006860   0x00000001   Data   RW           24    .data.turn_direction  main.o
    0x20000019   0x08006861   0x00000007   PAD
    0x20000020        -       0x00000060   Zero   RW         1525    .bss                c_w.l(libspace.o)
    0x20000080        -       0x00000058   Zero   RW           38    .bss..L_MergedGlobals  main.o
    0x200000d8        -       0x00000015   Zero   RW          231    .bss..L_MergedGlobals  rplidar.o
    0x200000ed        -       0x00000001   Zero   RW           27    .bss.bluetooth_connected  main.o
    0x200000ee        -       0x00000001   Zero   RW           28    .bss.connection_announced  main.o
    0x200000ef        -       0x00000001   Zero   RW           20    .bss.current_direction  main.o
    0x200000f0        -       0x00000004   Zero   RW           21    .bss.current_speed  main.o
    0x200000f4        -       0x00000048   Zero   RW           62    .bss.hadc1          adc.o
    0x2000013c        -       0x00000060   Zero   RW          132    .bss.hdma_usart1_rx  usart.o
    0x2000019c        -       0x00000060   Zero   RW          133    .bss.hdma_usart1_tx  usart.o
    0x200001fc        -       0x00000060   Zero   RW          134    .bss.hdma_usart6_rx  usart.o
    0x2000025c        -       0x00000060   Zero   RW          135    .bss.hdma_usart6_tx  usart.o
    0x200002bc        -       0x00000054   Zero   RW           86    .bss.hi2c1          i2c.o
    0x20000310        -       0x00000048   Zero   RW          111    .bss.htim2          tim.o
    0x20000358        -       0x00000048   Zero   RW          112    .bss.htim3          tim.o
    0x200003a0        -       0x00000048   Zero   RW          113    .bss.htim4          tim.o
    0x200003e8        -       0x00000048   Zero   RW          130    .bss.huart1         usart.o
    0x20000430        -       0x00000048   Zero   RW          131    .bss.huart6         usart.o
    0x20000478        -       0x00000001   Zero   RW           25    .bss.is_turning     main.o
    0x20000479   0x08006861   0x00000003   PAD
    0x2000047c        -       0x00000004   Zero   RW           31    .bss.lastLidarAngle  main.o
    0x20000480        -       0x00000100   Zero   RW           32    .bss.lidar_dma_buffer  main.o
    0x20000580        -       0x00000004   Zero   RW           30    .bss.lidar_rxIndex  main.o
    0x20000584        -       0x00000007   Zero   RW           35    .bss.lidar_start_resp_buf  main.o
    0x2000058b        -       0x00000001   Zero   RW           19    .bss.target_direction  main.o
    0x2000058c        -       0x00000004   Zero   RW           22    .bss.target_speed   main.o
    0x20000590        -       0x00000004   Zero   RW           23    .bss.turn_start_time  main.o
    0x20000594        -       0x00000001   Zero   RW           26    .bss.turn_state     main.o
    0x20000595        -       0x00000064   Zero   RW           33    .bss.uart_buf       main.o
    0x200005f9   0x08006861   0x00000003   PAD
    0x200005fc        -       0x00000004   Zero   RW          738    .bss.uwTick         stm32f4xx_hal.o
    0x20000600        -       0x00000200   Zero   RW            2    HEAP                startup_stm32f446xx.o
    0x20000800        -       0x00000400   Zero   RW            1    STACK               startup_stm32f446xx.o


==============================================================================

Image component sizes


      Code (inc. data)   RO Data    RW Data    ZI Data      Debug   Object Name

       216          0          0          0         72       5285   adc.o
       170          0          0          0          0       3632   bluetooth.o
       104          0          0          0          0       3702   dma.o
       172          0          0          0          0       2328   gpio.o
       184          0          0          0         84       5384   i2c.o
      1192        152         14         13        477      10125   main.o
       650         14          0          0          0       2371   motor_control.o
      1144         60          0          0          0       8391   mpu6500.o
       922         56         21          0         21       4631   rplidar.o
        64         26        452          0       1536        860   startup_stm32f446xx.o
       204          0          0          8          4       7539   stm32f4xx_hal.o
      1308          0          0          0          0      12354   stm32f4xx_hal_adc.o
       196          0          0          0          0      10868   stm32f4xx_hal_cortex.o
      1146          6          8          0          0      10614   stm32f4xx_hal_dma.o
       424          0          0          0          0       5591   stm32f4xx_hal_gpio.o
      2966          0          0          0          0      44655   stm32f4xx_hal_i2c.o
        60          0          0          0          0       1736   stm32f4xx_hal_msp.o
       122          0          0          0          0       4739   stm32f4xx_hal_pwr_ex.o
       432          0          0          0          0       7792   stm32f4xx_hal_rcc.o
      1150          4          0          0          0      11556   stm32f4xx_hal_rcc_ex.o
      1584          6          0          0          0      58527   stm32f4xx_hal_tim.o
       186          0          0          0          0      21974   stm32f4xx_hal_tim_ex.o
      3650          0          0          0          0      32842   stm32f4xx_hal_uart.o
        80          0          0          0          0       4524   stm32f4xx_it.o
        18          0         24          4          0       2726   system_stm32f4xx.o
       758          0          0          0        216       8883   tim.o
       614          0          0          0        528       7828   usart.o

    ----------------------------------------------------------------------
     19832        324        552         28       2948     301457   Object Totals
         0          0         32          0          0          0   (incl. Generated)
       116          0          1          3         10          0   (incl. Padding)

    ----------------------------------------------------------------------

      Code (inc. data)   RO Data    RW Data    ZI Data      Debug   Library Member Name

        64          6          0          0          0         84   __2snprintf.o
         8          0          0          0          0         68   __main.o
       352          0          0          0          0         88   __printf_ss_wp.o
        14          0          0          0          0         68   __printf_wp.o
         0          0          0          0          0          0   __rtentry.o
        12          0          0          0          0          0   __rtentry2.o
         6          0          0          0          0          0   __rtentry4.o
        94          8          0          0          0          0   __scatter.o
        26          0          0          0          0          0   __scatter_copy.o
        28          0          0          0          0          0   __scatter_zi.o
        48          6          0          0          0         96   _printf_char_common.o
         6          0          0          0          0          0   _printf_d.o
       120         16          0          0          0         92   _printf_dec.o
         6          0          0          0          0          0   _printf_f.o
      1052          0          0          0          0        148   _printf_fp_dec.o
       128         16          0          0          0         84   _printf_fp_infnan.o
       178          0          0          0          0         88   _printf_intcommon.o
         0          0          0          0          0          0   _printf_percent.o
         4          0          0          0          0          0   _printf_percent_end.o
         6          0          0          0          0          0   _printf_u.o
        16          0          0          0          0         68   _snputc.o
       228          4        148          0          0         96   bigflt0.o
      1936        128          0          0          0        668   btod.o
        18          0          0          0          0         80   exit.o
         6          0          0          0          0        152   heapauxi.o
         0          0          0          0          0          0   indicate_semi.o
        44         10         28          0          0         76   lc_numeric_c.o
         2          0          0          0          0          0   libinit.o
        22          0          0          0          0          0   libinit2.o
         2          0          0          0          0          0   libshutdown.o
         2          0          0          0          0          0   libshutdown2.o
         8          4          0          0         96         68   libspace.o
       138          0          0          0          0         80   lludiv10.o
       240          0          0          0          0        100   lludivv7m.o
         8          4          0          0          0         68   rt_locale_intlibspace.o
        78          0          0          0          0         80   rt_memclr_w.o
         2          0          0          0          0          0   rtexit.o
        10          0          0          0          0          0   rtexit2.o
       124          0          0          0          0         88   strcmpv7em.o
        62          0          0          0          0         76   strlen.o
        12          4          0          0          0         68   sys_exit.o
        74          0          0          0          0         80   sys_stackheap_outer.o
         2          0          0          0          0         68   use_no_semi.o
        90          4          0          0          0        140   dfixu.o
        38          0          0          0          0        116   dflt_clz.o
       340         12          0          0          0        152   dmul.o
       156          4          0          0          0        140   dnaninf.o
        12          0          0          0          0        116   dretinf.o
        86          4          0          0          0        132   f2d.o
       140          4          0          0          0        132   fnaninf.o
        26          0          0          0          0        116   fpinit.o
         4          0          0          0          0        116   printf1.o
         0          0          0          0          0          0   usenofp.o
        48          0          0          0          0        124   fpclassify.o

    ----------------------------------------------------------------------
      6136        234        176          0         96       4016   Library Totals
        10          0          0          0          0          0   (incl. Padding)

    ----------------------------------------------------------------------

      Code (inc. data)   RO Data    RW Data    ZI Data      Debug   Library Name

      5186        206        176          0         96       2732   c_w.l
       892         28          0          0          0       1160   fz_wm.l
        48          0          0          0          0        124   m_wm.l

    ----------------------------------------------------------------------
      6136        234        176          0         96       4016   Library Totals

    ----------------------------------------------------------------------

==============================================================================


      Code (inc. data)   RO Data    RW Data    ZI Data      Debug   

     25968        558        728         28       3044     302785   Grand Totals
     25968        558        728         28       3044     302785   ELF Image Totals
     25968        558        728         28          0          0   ROM Totals

==============================================================================

    Total RO  Size (Code + RO Data)                26696 (  26.07kB)
    Total RW  Size (RW Data + ZI Data)              3072 (   3.00kB)
    Total ROM Size (Code + RO Data + RW Data)      26724 (  26.10kB)

==============================================================================

